ASxxxx Linker V03.00 + NoICE + sdld,  page 1.
Hexadecimal  [32-Bits]

Area                       Addr        Size        Decimal Bytes (Attributes)
--------------------       ----        ----        ------- ----- ------------
.  .ABS.               00000000    00000000 =           0. bytes (ABS,CON)

        Value  Global            Value  Global            Value  Global    
        -----  ------            -----  ------            -----  ------    
     00000000  .__.ABS.  |    00000000  _rRAMG    |    00000000  l__BASE  
     00000000  l__BSS    |    00000000  l__CABS   |    00000000  l__CODE_0
     00000000  l__DABS   |    00000000  l__HEADER |    00000000  l__HEAP  
     00000000  l__HRAM   |    00000000  l__LIT    |    00000000  s__CABS  
     00000000  s__DABS   |    00000000  s__HEADER |    00000000  s__HEADER
     00000000  s__HEADER |    00000000  s__HEADER |    00000000  s__HEADER
     00000000  s__HEADER |    00000000  s__HEADER |    00000000  s__HEADER
     00000000  s__HEADER |    00000000  s__HEADER |    00000000  s__HEADER
     00000000  s__HEADER |    00000000  s__HEADER |    00000000  s__HEADER
     00000000  s__HEADER |    00000000  s__HEADER |    00000000  s__HEADER
     00000000  s__HEADER |    00000000  s__HEADER |    00000000  s__HRAM  
     00000000  s__HRAM12 |    00000001  ___bank_b |    00000001  ___bank_g
     00000001  ___bank_o |    00000001  l__GSFINA |    00000001  l__HEADER
     00000001  l__HEADER |    00000001  l__HEADER |    00000001  l__HEADER
     00000001  l__HEADER |    00000001  l__HEADER |    00000001  l__HEADER
     00000001  l__INITIA |    00000001  l__INITIA |    00000002  l__HEADER
     00000002  l__HEADER |    00000002  l__HEADER |    00000003  l__HEADER
     00000003  l__HRAM12 |    00000005  l__HEADER |    00000006  l__HEADER
     00000007  l__HEADER |    00000008  l__HEADER |    0000000C  l__GSINIT
     00000030  l__HEADER |    0000004F  l__HEADER |    00000079  l__DATA  
     00000082  l__HEADER |    000000BC  l__CODE_1 |    0000017B  l__HOME  
     00000200  s__CODE   |    00000E7A  l__CODE   |    0000107A  s__HOME  
     000011F5  s__BASE   |    000011F5  s__CODE_0 |    000011F5  s__INITIA
     000011F5  s__LIT    |    000011F6  s__GSINIT |    00001202  s__GSFINA
     00002000  _rROMB0   |    00003000  _rROMB1   |    00004000  _rRAMB   
     00008000  __VRAM    |    00008000  __VRAM800 |    00008800  __VRAM880
     00009000  __VRAM900 |    00009800  __SCRN0   |    00009C00  __SCRN1  
     0000A000  __SRAM    |    0000C000  __RAM     |    0000C000  _shadow_O
     0000C0A0  s__DATA   |    0000C119  s__BSS    |    0000C119  s__INITIA
     0000C11A  s__HEAP   |    0000D000  __RAMBANK |    0000E000  .STACK   
     0000FE00  __OAMRAM  |    0000FF00  _P1_REG   |    0000FF00  __IO     
     0000FF01  _SB_REG   |    0000FF02  _SC_REG   |    0000FF04  _DIV_REG 
     0000FF05  _TIMA_REG |    0000FF06  _TMA_REG  |    0000FF07  _TAC_REG 
     0000FF0F  _IF_REG   |    0000FF10  _NR10_REG |    0000FF11  _NR11_REG
     0000FF12  _NR12_REG |    0000FF13  _NR13_REG |    0000FF14  _NR14_REG
     0000FF16  _NR21_REG |    0000FF17  _NR22_REG |    0000FF18  _NR23_REG
     0000FF19  _NR24_REG |    0000FF1A  _NR30_REG |    0000FF1B  _NR31_REG
     0000FF1C  _NR32_REG |    0000FF1D  _NR33_REG |    0000FF1E  _NR34_REG
     0000FF20  _NR41_REG |    0000FF21  _NR42_REG |    0000FF22  _NR43_REG
     0000FF23  _NR44_REG |    0000FF24  _NR50_REG |    0000FF25  _NR51_REG
     0000FF26  _NR52_REG |    0000FF30  _PCM_SAMP |    0000FF30  __AUD3WAV
     0000FF40  _LCDC_REG |    0000FF41  _STAT_REG |    0000FF42  _SCY_REG 
     0000FF43  _SCX_REG  |    0000FF44  _LY_REG   |    0000FF45  _LYC_REG 
     0000FF46  _DMA_REG  |    0000FF47  _BGP_REG  |    0000FF48  _OBP0_REG
     0000FF49  _OBP1_REG |    0000FF4A  _WY_REG   |    0000FF4B  _WX_REG  
     0000FF4D  _KEY1_REG |    0000FF4F  _VBK_REG  |    0000FF51  _HDMA1_RE
     0000FF52  _HDMA2_RE |    0000FF53  _HDMA3_RE |    0000FF54  _HDMA4_RE
     0000FF55  _HDMA5_RE |    0000FF56  _RP_REG   |    0000FF68  _BCPS_REG
     0000FF69  _BCPD_REG |    0000FF6A  _OCPS_REG |    0000FF6B  _OCPD_REG
     0000FF70  _SVBK_REG |    0000FF76  _PCM12_RE |    0000FF77  _PCM34_RE
ASxxxx Linker V03.00 + NoICE + sdld,  page 2.
Hexadecimal  [32-Bits]

Area                       Addr        Size        Decimal Bytes (Attributes)
--------------------       ----        ----        ------- ----- ------------
.  .ABS.               00000000    00000000 =           0. bytes (ABS,CON)

        Value  Global            Value  Global            Value  Global    
        -----  ------            -----  ------            -----  ------    
     0000FF80  .refresh_ |    0000FF80  __HRAM    |    0000FFFF  _IE_REG  
     00014000  s__CODE_1
ASxxxx Linker V03.00 + NoICE + sdld,  page 3.
Hexadecimal  [32-Bits]

Area                       Addr        Size        Decimal Bytes (Attributes)
--------------------       ----        ----        ------- ----- ------------
_CODE                  00000200    00000E7A =        3706. bytes (REL,CON)

        Value  Global            Value  Global            Value  Global    
        -----  ------            -----  ------            -----  ------    
     00000200  _hUGE_ini |    00000204  _hUGE_ini |    0000020F  _hUGE_mut
     00000213  _hUGE_mut |    00000220  hUGE_mute |    0000023A  hUGE_init
     00000676  _hUGE_dos |    00000676  _hUGE_dos |    00000999  A$lcc8592
     00000999  C$main.c$ |    00000999  C$main.c$ |    00000999  G$update_
     00000999  _update_b |    0000099B  A$lcc8592 |    0000099C  A$lcc8592
     0000099E  A$lcc8592 |    0000099F  A$lcc8592 |    000009A0  A$lcc8592
     000009A1  A$lcc8592 |    000009A2  A$lcc8592 |    000009A5  A$lcc8592
     000009A6  A$lcc8592 |    000009A7  A$lcc8592 |    000009A8  A$lcc8592
     000009A8  C$main.c$ |    000009AA  A$lcc8592 |    000009AB  A$lcc8592
     000009AD  A$lcc8592 |    000009B0  A$lcc8592 |    000009B1  A$lcc8592
     000009B2  A$lcc8592 |    000009B3  A$lcc8592 |    000009B3  C$main.c$
     000009B3  XG$update |    000009B4  A$lcc8592 |    000009B4  C$main.c$
     000009B4  C$main.c$ |    000009B4  G$update_ |    000009B4  _update_b
     000009B6  A$lcc8592 |    000009B7  A$lcc8592 |    000009B9  A$lcc8592
     000009BA  A$lcc8592 |    000009BB  A$lcc8592 |    000009BC  A$lcc8592
     000009BD  A$lcc8592 |    000009C0  A$lcc8592 |    000009C1  A$lcc8592
     000009C2  A$lcc8592 |    000009C3  A$lcc8592 |    000009C3  C$main.c$
     000009C5  A$lcc8592 |    000009C6  A$lcc8592 |    000009C8  A$lcc8592
     000009CB  A$lcc8592 |    000009CC  A$lcc8592 |    000009CD  A$lcc8592
     000009CE  A$lcc8592 |    000009CE  C$main.c$ |    000009CE  XG$update
     000009CF  A$lcc8592 |    000009CF  C$main.c$ |    000009CF  G$collide
     000009CF  _collide_ |    000009D1  A$lcc8592 |    000009D1  C$main.c$
     000009D3  A$lcc8592 |    000009D4  A$lcc8592 |    000009D6  A$lcc8592
     000009D7  A$lcc8592 |    000009D8  A$lcc8592 |    000009DA  A$lcc8592
     000009DC  A$lcc8592 |    000009DF  A$lcc8592 |    000009E0  A$lcc8592
     000009E1  A$lcc8592 |    000009E2  A$lcc8592 |    000009E4  A$lcc8592
     000009E6  A$lcc8592 |    000009E8  A$lcc8592 |    000009EA  A$lcc8592
     000009EC  A$lcc8592 |    000009EE  A$lcc8592 |    000009EE  C$main.c$
     000009F0  A$lcc8592 |    000009F1  A$lcc8592 |    000009F3  A$lcc8592
     000009F4  A$lcc8592 |    000009F6  A$lcc8592 |    000009F7  A$lcc8592
     000009F8  A$lcc8592 |    000009FB  A$lcc8592 |    000009FC  A$lcc8592
     000009FD  A$lcc8592 |    000009FE  A$lcc8592 |    00000A00  A$lcc8592
     00000A01  A$lcc8592 |    00000A02  A$lcc8592 |    00000A03  A$lcc8592
     00000A05  A$lcc8592 |    00000A06  A$lcc8592 |    00000A07  A$lcc8592
     00000A08  A$lcc8592 |    00000A09  A$lcc8592 |    00000A0A  A$lcc8592
     00000A0B  A$lcc8592 |    00000A0C  A$lcc8592 |    00000A0D  A$lcc8592
     00000A0F  A$lcc8592 |    00000A11  A$lcc8592 |    00000A12  A$lcc8592
     00000A13  A$lcc8592 |    00000A16  A$lcc8592 |    00000A17  A$lcc8592
     00000A18  A$lcc8592 |    00000A19  A$lcc8592 |    00000A1B  A$lcc8592
     00000A1C  A$lcc8592 |    00000A1D  A$lcc8592 |    00000A1E  A$lcc8592
     00000A20  A$lcc8592 |    00000A21  A$lcc8592 |    00000A23  A$lcc8592
     00000A24  A$lcc8592 |    00000A25  A$lcc8592 |    00000A26  A$lcc8592
     00000A28  A$lcc8592 |    00000A2A  A$lcc8592 |    00000A2C  A$lcc8592
     00000A2E  A$lcc8592 |    00000A30  A$lcc8592 |    00000A32  A$lcc8592
     00000A32  C$main.c$ |    00000A33  A$lcc8592 |    00000A34  A$lcc8592
     00000A35  A$lcc8592 |    00000A38  A$lcc8592 |    00000A39  A$lcc8592
     00000A3A  A$lcc8592 |    00000A3B  A$lcc8592 |    00000A3D  A$lcc8592
     00000A40  A$lcc8592 |    00000A41  A$lcc8592 |    00000A42  A$lcc8592
     00000A43  A$lcc8592 |    00000A46  A$lcc8592 |    00000A47  A$lcc8592
     00000A48  A$lcc8592 |    00000A49  A$lcc8592 |    00000A49  C$main.c$
ASxxxx Linker V03.00 + NoICE + sdld,  page 4.
Hexadecimal  [32-Bits]

Area                       Addr        Size        Decimal Bytes (Attributes)
--------------------       ----        ----        ------- ----- ------------
_CODE                  00000200    00000E7A =        3706. bytes (REL,CON)

        Value  Global            Value  Global            Value  Global    
        -----  ------            -----  ------            -----  ------    
     00000A4A  A$lcc8592 |    00000A4A  C$main.c$ |    00000A4C  A$lcc8592
     00000A4E  A$lcc8592 |    00000A4E  C$main.c$ |    00000A4F  A$lcc8592
     00000A50  A$lcc8592 |    00000A51  A$lcc8592 |    00000A52  A$lcc8592
     00000A55  A$lcc8592 |    00000A56  A$lcc8592 |    00000A57  A$lcc8592
     00000A58  A$lcc8592 |    00000A5A  A$lcc8592 |    00000A5C  A$lcc8592
     00000A5C  C$main.c$ |    00000A5D  A$lcc8592 |    00000A5F  A$lcc8592
     00000A60  A$lcc8592 |    00000A61  A$lcc8592 |    00000A62  A$lcc8592
     00000A63  A$lcc8592 |    00000A66  A$lcc8592 |    00000A68  A$lcc8592
     00000A69  A$lcc8592 |    00000A6B  A$lcc8592 |    00000A6B  C$main.c$
     00000A6C  A$lcc8592 |    00000A6D  A$lcc8592 |    00000A6E  A$lcc8592
     00000A71  A$lcc8592 |    00000A72  A$lcc8592 |    00000A73  A$lcc8592
     00000A74  A$lcc8592 |    00000A76  A$lcc8592 |    00000A78  A$lcc8592
     00000A79  A$lcc8592 |    00000A7A  A$lcc8592 |    00000A7B  A$lcc8592
     00000A7E  A$lcc8592 |    00000A7F  A$lcc8592 |    00000A80  A$lcc8592
     00000A81  A$lcc8592 |    00000A83  A$lcc8592 |    00000A85  A$lcc8592
     00000A85  C$main.c$ |    00000A86  A$lcc8592 |    00000A87  A$lcc8592
     00000A88  A$lcc8592 |    00000A89  A$lcc8592 |    00000A8A  A$lcc8592
     00000A8B  A$lcc8592 |    00000A8E  A$lcc8592 |    00000A90  A$lcc8592
     00000A91  A$lcc8592 |    00000A91  C$main.c$ |    00000A94  A$lcc8592
     00000A95  A$lcc8592 |    00000A98  A$lcc8592 |    00000A99  A$lcc8592
     00000A9A  A$lcc8592 |    00000A9B  A$lcc8592 |    00000A9E  A$lcc8592
     00000AA0  A$lcc8592 |    00000AA0  C$main.c$ |    00000AA2  A$lcc8592
     00000AA4  A$lcc8592 |    00000AA4  C$main.c$ |    00000AA5  A$lcc8592
     00000AA6  A$lcc8592 |    00000AA7  A$lcc8592 |    00000AAA  A$lcc8592
     00000AAB  A$lcc8592 |    00000AAC  A$lcc8592 |    00000AAD  A$lcc8592
     00000AAF  A$lcc8592 |    00000AB1  A$lcc8592 |    00000AB1  C$main.c$
     00000AB2  A$lcc8592 |    00000AB3  A$lcc8592 |    00000AB4  A$lcc8592
     00000AB5  A$lcc8592 |    00000AB8  A$lcc8592 |    00000AB9  A$lcc8592
     00000ABA  A$lcc8592 |    00000ABB  A$lcc8592 |    00000ABD  A$lcc8592
     00000ABF  A$lcc8592 |    00000ABF  C$main.c$ |    00000AC0  A$lcc8592
     00000AC2  A$lcc8592 |    00000AC3  A$lcc8592 |    00000AC4  A$lcc8592
     00000AC5  A$lcc8592 |    00000AC6  A$lcc8592 |    00000AC9  A$lcc8592
     00000ACB  A$lcc8592 |    00000ACC  A$lcc8592 |    00000ACE  A$lcc8592
     00000ACE  C$main.c$ |    00000ACF  A$lcc8592 |    00000AD0  A$lcc8592
     00000AD1  A$lcc8592 |    00000AD4  A$lcc8592 |    00000AD5  A$lcc8592
     00000AD6  A$lcc8592 |    00000AD7  A$lcc8592 |    00000AD9  A$lcc8592
     00000ADB  A$lcc8592 |    00000ADB  C$main.c$ |    00000ADC  A$lcc8592
     00000ADD  A$lcc8592 |    00000ADE  A$lcc8592 |    00000ADF  A$lcc8592
     00000AE0  A$lcc8592 |    00000AE1  A$lcc8592 |    00000AE4  A$lcc8592
     00000AE6  A$lcc8592 |    00000AE7  A$lcc8592 |    00000AE7  C$main.c$
     00000AEA  A$lcc8592 |    00000AEB  A$lcc8592 |    00000AEE  A$lcc8592
     00000AEF  A$lcc8592 |    00000AF0  A$lcc8592 |    00000AF1  A$lcc8592
     00000AF4  A$lcc8592 |    00000AF6  A$lcc8592 |    00000AF6  C$main.c$
     00000AF8  A$lcc8592 |    00000AFA  A$lcc8592 |    00000AFA  C$main.c$
     00000AFC  A$lcc8592 |    00000AFE  A$lcc8592 |    00000AFE  C$main.c$
     00000AFE  XG$collid |    00000AFF  A$lcc8592 |    00000AFF  C$main.c$
     00000AFF  G$main$0$ |    00000AFF  _main     |    00000B01  A$lcc8592
     00000B01  C$main.c$ |    00000B02  A$lcc8592 |    00000B04  A$lcc8592
     00000B04  C$main.c$ |    00000B06  A$lcc8592 |    00000B08  A$lcc8592
     00000B08  C$main.c$ |    00000B0A  A$lcc8592 |    00000B0C  A$lcc8592
     00000B0E  A$lcc8592 |    00000B0E  C$main.c$ |    00000B10  A$lcc8592
ASxxxx Linker V03.00 + NoICE + sdld,  page 5.
Hexadecimal  [32-Bits]

Area                       Addr        Size        Decimal Bytes (Attributes)
--------------------       ----        ----        ------- ----- ------------
_CODE                  00000200    00000E7A =        3706. bytes (REL,CON)

        Value  Global            Value  Global            Value  Global    
        -----  ------            -----  ------            -----  ------    
     00000B12  A$lcc8592 |    00000B14  A$lcc8592 |    00000B14  C$main.c$
     00000B16  A$lcc8592 |    00000B18  A$lcc8592 |    00000B1A  A$lcc8592
     00000B1A  C$main.c$ |    00000B1C  A$lcc8592 |    00000B1E  A$lcc8592
     00000B20  A$lcc8592 |    00000B20  C$main.c$ |    00000B23  A$lcc8592
     00000B24  A$lcc8592 |    00000B27  A$lcc8592 |    00000B28  A$lcc8592
     00000B2B  A$lcc8592 |    00000B2D  A$lcc8592 |    00000B2D  C$main.c$
     00000B30  A$lcc8592 |    00000B31  A$lcc8592 |    00000B34  A$lcc8592
     00000B35  A$lcc8592 |    00000B38  A$lcc8592 |    00000B3A  A$lcc8592
     00000B3A  C$main.c$ |    00000B3D  A$lcc8592 |    00000B3E  A$lcc8592
     00000B41  A$lcc8592 |    00000B42  A$lcc8592 |    00000B45  A$lcc8592
     00000B47  A$lcc8592 |    00000B47  C$main.c$ |    00000B4A  A$lcc8592
     00000B4B  A$lcc8592 |    00000B4E  A$lcc8592 |    00000B4F  A$lcc8592
     00000B50  A$lcc8592 |    00000B51  A$lcc8592 |    00000B52  A$lcc8592
     00000B55  A$lcc8592 |    00000B57  A$lcc8592 |    00000B57  C$main.c$
     00000B5A  A$lcc8592 |    00000B5C  A$lcc8592 |    00000B5D  A$lcc8592
     00000B5F  A$lcc8592 |    00000B5F  C$main.c$ |    00000B62  A$lcc8592
     00000B64  A$lcc8592 |    00000B65  A$lcc8592 |    00000B67  A$lcc8592
     00000B67  C$main.c$ |    00000B6A  A$lcc8592 |    00000B6C  A$lcc8592
     00000B6F  A$lcc8592 |    00000B71  A$lcc8592 |    00000B74  A$lcc8592
     00000B75  A$lcc8592 |    00000B78  A$lcc8592 |    00000B79  A$lcc8592
     00000B7C  A$lcc8592 |    00000B7D  A$lcc8592 |    00000B7E  A$lcc8592
     00000B7F  A$lcc8592 |    00000B82  A$lcc8592 |    00000B83  A$lcc8592
     00000B84  A$lcc8592 |    00000B85  A$lcc8592 |    00000B88  A$lcc8592
     00000B8A  A$lcc8592 |    00000B8B  A$lcc8592 |    00000B8C  A$lcc8592
     00000B8D  A$lcc8592 |    00000B8F  A$lcc8592 |    00000B90  A$lcc8592
     00000B93  A$lcc8592 |    00000B95  A$lcc8592 |    00000B95  C$main.c$
     00000B98  A$lcc8592 |    00000B9A  A$lcc8592 |    00000B9D  A$lcc8592
     00000B9F  A$lcc8592 |    00000B9F  C$main.c$ |    00000B9F  C$main.c$
     00000BA2  A$lcc8592 |    00000BA5  A$lcc8592 |    00000BA5  C$main.c$
     00000BA8  A$lcc8592 |    00000BAB  A$lcc8592 |    00000BAC  A$lcc8592
     00000BAD  A$lcc8592 |    00000BAF  A$lcc8592 |    00000BB0  A$lcc8592
     00000BB1  A$lcc8592 |    00000BB3  A$lcc8592 |    00000BB4  A$lcc8592
     00000BB6  A$lcc8592 |    00000BB9  A$lcc8592 |    00000BBA  A$lcc8592
     00000BBC  A$lcc8592 |    00000BBD  A$lcc8592 |    00000BBE  A$lcc8592
     00000BBF  A$lcc8592 |    00000BBF  C$main.c$ |    00000BC0  A$lcc8592
     00000BC1  A$lcc8592 |    00000BC2  A$lcc8592 |    00000BC3  A$lcc8592
     00000BC5  A$lcc8592 |    00000BC6  A$lcc8592 |    00000BC8  A$lcc8592
     00000BC9  A$lcc8592 |    00000BCB  A$lcc8592 |    00000BCD  A$lcc8592
     00000BCF  A$lcc8592 |    00000BD1  A$lcc8592 |    00000BD2  A$lcc8592
     00000BD4  A$lcc8592 |    00000BD6  A$lcc8592 |    00000BD8  A$lcc8592
     00000BD9  A$lcc8592 |    00000BDB  A$lcc8592 |    00000BDB  C$main.c$
     00000BDD  A$lcc8592 |    00000BDE  A$lcc8592 |    00000BDF  A$lcc8592
     00000BE0  A$lcc8592 |    00000BE1  A$lcc8592 |    00000BE4  A$lcc8592
     00000BE5  A$lcc8592 |    00000BE6  A$lcc8592 |    00000BE7  A$lcc8592
     00000BE9  A$lcc8592 |    00000BEA  A$lcc8592 |    00000BEC  A$lcc8592
     00000BEE  A$lcc8592 |    00000BEF  A$lcc8592 |    00000BF1  A$lcc8592
     00000BF1  C$main.c$ |    00000BF4  A$lcc8592 |    00000BF5  A$lcc8592
     00000BF6  A$lcc8592 |    00000BF7  A$lcc8592 |    00000BF7  C$main.c$
     00000BF8  A$lcc8592 |    00000BFA  A$lcc8592 |    00000BFB  A$lcc8592
     00000BFC  A$lcc8592 |    00000BFD  A$lcc8592 |    00000BFE  A$lcc8592
     00000C00  A$lcc8592 |    00000C02  A$lcc8592 |    00000C02  C$main.c$
ASxxxx Linker V03.00 + NoICE + sdld,  page 6.
Hexadecimal  [32-Bits]

Area                       Addr        Size        Decimal Bytes (Attributes)
--------------------       ----        ----        ------- ----- ------------
_CODE                  00000200    00000E7A =        3706. bytes (REL,CON)

        Value  Global            Value  Global            Value  Global    
        -----  ------            -----  ------            -----  ------    
     00000C03  A$lcc8592 |    00000C06  A$lcc8592 |    00000C07  A$lcc8592
     00000C08  A$lcc8592 |    00000C09  A$lcc8592 |    00000C0C  A$lcc8592
     00000C0F  A$lcc8592 |    00000C10  A$lcc8592 |    00000C10  C$main.c$
     00000C11  A$lcc8592 |    00000C11  C$main.c$ |    00000C14  A$lcc8592
     00000C15  A$lcc8592 |    00000C17  A$lcc8592 |    00000C18  A$lcc8592
     00000C1A  A$lcc8592 |    00000C1B  A$lcc8592 |    00000C1D  A$lcc8592
     00000C1E  A$lcc8592 |    00000C20  A$lcc8592 |    00000C21  A$lcc8592
     00000C22  A$lcc8592 |    00000C24  A$lcc8592 |    00000C25  A$lcc8592
     00000C26  A$lcc8592 |    00000C28  A$lcc8592 |    00000C29  A$lcc8592
     00000C2A  A$lcc8592 |    00000C2C  A$lcc8592 |    00000C2C  C$main.c$
     00000C2F  A$lcc8592 |    00000C31  A$lcc8592 |    00000C31  C$main.c$
     00000C34  A$lcc8592 |    00000C37  A$lcc8592 |    00000C38  A$lcc8592
     00000C39  A$lcc8592 |    00000C3A  A$lcc8592 |    00000C3B  A$lcc8592
     00000C3C  A$lcc8592 |    00000C3F  A$lcc8592 |    00000C40  A$lcc8592
     00000C42  A$lcc8592 |    00000C42  C$main.c$ |    00000C43  A$lcc8592
     00000C44  A$lcc8592 |    00000C46  A$lcc8592 |    00000C47  A$lcc8592
     00000C48  A$lcc8592 |    00000C4A  A$lcc8592 |    00000C4B  A$lcc8592
     00000C4C  A$lcc8592 |    00000C4E  A$lcc8592 |    00000C51  A$lcc8592
     00000C52  A$lcc8592 |    00000C54  A$lcc8592 |    00000C54  C$main.c$
     00000C57  A$lcc8592 |    00000C59  A$lcc8592 |    00000C59  C$main.c$
     00000C5C  A$lcc8592 |    00000C5F  A$lcc8592 |    00000C60  A$lcc8592
     00000C61  A$lcc8592 |    00000C62  A$lcc8592 |    00000C63  A$lcc8592
     00000C64  A$lcc8592 |    00000C67  A$lcc8592 |    00000C68  A$lcc8592
     00000C68  C$main.c$ |    00000C6B  A$lcc8592 |    00000C6C  A$lcc8592
     00000C6E  A$lcc8592 |    00000C6E  C$main.c$ |    00000C71  A$lcc8592
     00000C72  A$lcc8592 |    00000C73  A$lcc8592 |    00000C74  A$lcc8592
     00000C75  A$lcc8592 |    00000C77  A$lcc8592 |    00000C78  A$lcc8592
     00000C79  A$lcc8592 |    00000C7B  A$lcc8592 |    00000C7C  A$lcc8592
     00000C7F  A$lcc8592 |    00000C80  A$lcc8592 |    00000C81  A$lcc8592
     00000C82  A$lcc8592 |    00000C82  C$main.c$ |    00000C85  A$lcc8592
     00000C86  A$lcc8592 |    00000C87  A$lcc8592 |    00000C88  A$lcc8592
     00000C89  A$lcc8592 |    00000C8C  A$lcc8592 |    00000C8D  A$lcc8592
     00000C8E  A$lcc8592 |    00000C90  A$lcc8592 |    00000C90  C$main.c$
     00000C93  A$lcc8592 |    00000C95  A$lcc8592 |    00000C98  A$lcc8592
     00000C99  A$lcc8592 |    00000C9A  A$lcc8592 |    00000C9B  A$lcc8592
     00000C9E  A$lcc8592 |    00000C9F  A$lcc8592 |    00000CA0  A$lcc8592
     00000CA1  A$lcc8592 |    00000CA3  A$lcc8592 |    00000CA4  A$lcc8592
     00000CA5  A$lcc8592 |    00000CA8  A$lcc8592 |    00000CA9  A$lcc8592
     00000CA9  C$main.c$ |    00000CAB  A$lcc8592 |    00000CAE  A$lcc8592
     00000CAF  A$lcc8592 |    00000CB2  A$lcc8592 |    00000CB3  A$lcc8592
     00000CB6  A$lcc8592 |    00000CB7  A$lcc8592 |    00000CB8  A$lcc8592
     00000CB9  A$lcc8592 |    00000CBC  A$lcc8592 |    00000CBD  A$lcc8592
     00000CBE  A$lcc8592 |    00000CBF  A$lcc8592 |    00000CC2  A$lcc8592
     00000CC4  A$lcc8592 |    00000CC5  A$lcc8592 |    00000CC6  A$lcc8592
     00000CC7  A$lcc8592 |    00000CC9  A$lcc8592 |    00000CCA  A$lcc8592
     00000CCD  A$lcc8592 |    00000CCF  A$lcc8592 |    00000CCF  C$main.c$
     00000CCF  C$main.c$ |    00000CD2  A$lcc8592 |    00000CD3  A$lcc8592
     00000CD5  A$lcc8592 |    00000CD5  C$main.c$ |    00000CD8  A$lcc8592
     00000CD9  A$lcc8592 |    00000CDA  A$lcc8592 |    00000CDB  A$lcc8592
     00000CDC  A$lcc8592 |    00000CDE  A$lcc8592 |    00000CDF  A$lcc8592
     00000CE0  A$lcc8592 |    00000CE2  A$lcc8592 |    00000CE3  A$lcc8592
ASxxxx Linker V03.00 + NoICE + sdld,  page 7.
Hexadecimal  [32-Bits]

Area                       Addr        Size        Decimal Bytes (Attributes)
--------------------       ----        ----        ------- ----- ------------
_CODE                  00000200    00000E7A =        3706. bytes (REL,CON)

        Value  Global            Value  Global            Value  Global    
        -----  ------            -----  ------            -----  ------    
     00000CE6  A$lcc8592 |    00000CE7  A$lcc8592 |    00000CE8  A$lcc8592
     00000CE9  A$lcc8592 |    00000CE9  C$main.c$ |    00000CEC  A$lcc8592
     00000CED  A$lcc8592 |    00000CEE  A$lcc8592 |    00000CEF  A$lcc8592
     00000CF0  A$lcc8592 |    00000CF3  A$lcc8592 |    00000CF4  A$lcc8592
     00000CF5  A$lcc8592 |    00000CF7  A$lcc8592 |    00000CF7  C$main.c$
     00000CFA  A$lcc8592 |    00000CFC  A$lcc8592 |    00000CFF  A$lcc8592
     00000D00  A$lcc8592 |    00000D01  A$lcc8592 |    00000D02  A$lcc8592
     00000D05  A$lcc8592 |    00000D06  A$lcc8592 |    00000D07  A$lcc8592
     00000D08  A$lcc8592 |    00000D0A  A$lcc8592 |    00000D0B  A$lcc8592
     00000D0C  A$lcc8592 |    00000D0F  A$lcc8592 |    00000D10  A$lcc8592
     00000D10  C$main.c$ |    00000D12  A$lcc8592 |    00000D15  A$lcc8592
     00000D16  A$lcc8592 |    00000D19  A$lcc8592 |    00000D1A  A$lcc8592
     00000D1D  A$lcc8592 |    00000D1E  A$lcc8592 |    00000D1F  A$lcc8592
     00000D20  A$lcc8592 |    00000D23  A$lcc8592 |    00000D24  A$lcc8592
     00000D25  A$lcc8592 |    00000D26  A$lcc8592 |    00000D29  A$lcc8592
     00000D2B  A$lcc8592 |    00000D2C  A$lcc8592 |    00000D2D  A$lcc8592
     00000D2E  A$lcc8592 |    00000D30  A$lcc8592 |    00000D31  A$lcc8592
     00000D34  A$lcc8592 |    00000D36  A$lcc8592 |    00000D36  C$main.c$
     00000D36  C$main.c$ |    00000D39  A$lcc8592 |    00000D3A  A$lcc8592
     00000D3B  A$lcc8592 |    00000D3C  A$lcc8592 |    00000D3D  A$lcc8592
     00000D3F  A$lcc8592 |    00000D40  A$lcc8592 |    00000D41  A$lcc8592
     00000D42  A$lcc8592 |    00000D43  A$lcc8592 |    00000D45  A$lcc8592
     00000D47  A$lcc8592 |    00000D47  C$main.c$ |    00000D4A  A$lcc8592
     00000D4C  A$lcc8592 |    00000D4F  A$lcc8592 |    00000D50  A$lcc8592
     00000D51  A$lcc8592 |    00000D52  A$lcc8592 |    00000D55  A$lcc8592
     00000D56  A$lcc8592 |    00000D57  A$lcc8592 |    00000D58  A$lcc8592
     00000D5A  A$lcc8592 |    00000D5B  A$lcc8592 |    00000D5C  A$lcc8592
     00000D5F  A$lcc8592 |    00000D60  A$lcc8592 |    00000D60  C$main.c$
     00000D60  C$main.c$ |    00000D63  A$lcc8592 |    00000D64  A$lcc8592
     00000D65  A$lcc8592 |    00000D66  A$lcc8592 |    00000D67  A$lcc8592
     00000D69  A$lcc8592 |    00000D6A  A$lcc8592 |    00000D6B  A$lcc8592
     00000D6C  A$lcc8592 |    00000D6D  A$lcc8592 |    00000D6F  A$lcc8592
     00000D71  A$lcc8592 |    00000D71  C$main.c$ |    00000D74  A$lcc8592
     00000D76  A$lcc8592 |    00000D79  A$lcc8592 |    00000D7A  A$lcc8592
     00000D7B  A$lcc8592 |    00000D7C  A$lcc8592 |    00000D7F  A$lcc8592
     00000D80  A$lcc8592 |    00000D81  A$lcc8592 |    00000D82  A$lcc8592
     00000D84  A$lcc8592 |    00000D85  A$lcc8592 |    00000D86  A$lcc8592
     00000D89  A$lcc8592 |    00000D8A  A$lcc8592 |    00000D8A  C$main.c$
     00000D8D  A$lcc8592 |    00000D8E  A$lcc8592 |    00000D91  A$lcc8592
     00000D92  A$lcc8592 |    00000D95  A$lcc8592 |    00000D96  A$lcc8592
     00000D97  A$lcc8592 |    00000D98  A$lcc8592 |    00000D99  A$lcc8592
     00000D9C  A$lcc8592 |    00000D9D  A$lcc8592 |    00000D9E  A$lcc8592
     00000D9F  A$lcc8592 |    00000DA2  A$lcc8592 |    00000DA4  A$lcc8592
     00000DA5  A$lcc8592 |    00000DA6  A$lcc8592 |    00000DA7  A$lcc8592
     00000DA8  A$lcc8592 |    00000DA9  A$lcc8592 |    00000DAA  A$lcc8592
     00000DAB  A$lcc8592 |    00000DAC  A$lcc8592 |    00000DAF  A$lcc8592
     00000DB1  A$lcc8592 |    00000DB1  C$main.c$ |    00000DB4  A$lcc8592
     00000DB4  C$main.c$ |    00000DB7  A$lcc8592 |    00000DBA  A$lcc8592
     00000DBC  A$lcc8592 |    00000DBC  C$main.c$ |    00000DBC  XG$main$0
     00000DBD  G$bkg_map |    00000DBD  _bkg_map  |    00000F25  G$bkg_til
     00000F25  _bkg_tile |    00000FA5  _get_vram |    00000FB2  _get_win_
ASxxxx Linker V03.00 + NoICE + sdld,  page 8.
Hexadecimal  [32-Bits]

Area                       Addr        Size        Decimal Bytes (Attributes)
--------------------       ----        ----        ------- ----- ------------
_CODE                  00000200    00000E7A =        3706. bytes (REL,CON)

        Value  Global            Value  Global            Value  Global    
        -----  ------            -----  ------            -----  ------    
     00000FBA  _get_bkg_ |    00000FE1  ___hide_m |    00001001  _set_vram
     00001010  _set_win_ |    00001018  _set_bkg_ |    00001042  ___move_m
ASxxxx Linker V03.00 + NoICE + sdld,  page 9.
Hexadecimal  [32-Bits]

Area                       Addr        Size        Decimal Bytes (Attributes)
--------------------       ----        ----        ------- ----- ------------
_HEADER0               00000000    00000001 =           1. bytes (ABS,CON)

        Value  Global            Value  Global            Value  Global    
        -----  ------            -----  ------            -----  ------    
     00000020  .call_hl 
ASxxxx Linker V03.00 + NoICE + sdld,  page 10.
Hexadecimal  [32-Bits]

Area                       Addr        Size        Decimal Bytes (Attributes)
--------------------       ----        ----        ------- ----- ------------
_HEADER1               00000000    00000005 =           5. bytes (ABS,CON)

        Value  Global            Value  Global            Value  Global    
        -----  ------            -----  ------            -----  ------    
     00000028  .MemsetSm
ASxxxx Linker V03.00 + NoICE + sdld,  page 11.
Hexadecimal  [32-Bits]

Area                       Addr        Size        Decimal Bytes (Attributes)
--------------------       ----        ----        ------- ----- ------------
_HEADER2               00000000    00000007 =           7. bytes (ABS,CON)

        Value  Global            Value  Global            Value  Global    
        -----  ------            -----  ------            -----  ------    
     00000030  .MemcpySm
ASxxxx Linker V03.00 + NoICE + sdld,  page 12.
Hexadecimal  [32-Bits]

Area                       Addr        Size        Decimal Bytes (Attributes)
--------------------       ----        ----        ------- ----- ------------
_HEADER3               00000000    00000008 =           8. bytes (ABS,CON)

        Value  Global            Value  Global            Value  Global    
        -----  ------            -----  ------            -----  ------    
ASxxxx Linker V03.00 + NoICE + sdld,  page 13.
Hexadecimal  [32-Bits]

Area                       Addr        Size        Decimal Bytes (Attributes)
--------------------       ----        ----        ------- ----- ------------
_HEADER4               00000000    0000004F =          79. bytes (ABS,CON)

        Value  Global            Value  Global            Value  Global    
        -----  ------            -----  ------            -----  ------    
     00000080  .int      |    0000008F  _wait_int |    0000009C  __standar
     000000AC  _refresh_
ASxxxx Linker V03.00 + NoICE + sdld,  page 14.
Hexadecimal  [32-Bits]

Area                       Addr        Size        Decimal Bytes (Attributes)
--------------------       ----        ----        ------- ----- ------------
_HEADER5               00000000    00000002 =           2. bytes (ABS,CON)

        Value  Global            Value  Global            Value  Global    
        -----  ------            -----  ------            -----  ------    
ASxxxx Linker V03.00 + NoICE + sdld,  page 15.
Hexadecimal  [32-Bits]

Area                       Addr        Size        Decimal Bytes (Attributes)
--------------------       ----        ----        ------- ----- ------------
_HEADER6               00000000    00000030 =          48. bytes (ABS,CON)

        Value  Global            Value  Global            Value  Global    
        -----  ------            -----  ------            -----  ------    
ASxxxx Linker V03.00 + NoICE + sdld,  page 16.
Hexadecimal  [32-Bits]

Area                       Addr        Size        Decimal Bytes (Attributes)
--------------------       ----        ----        ------- ----- ------------
_HEADER7               00000000    00000006 =           6. bytes (ABS,CON)

        Value  Global            Value  Global            Value  Global    
        -----  ------            -----  ------            -----  ------    
ASxxxx Linker V03.00 + NoICE + sdld,  page 17.
Hexadecimal  [32-Bits]

Area                       Addr        Size        Decimal Bytes (Attributes)
--------------------       ----        ----        ------- ----- ------------
_HEADER8               00000000    00000003 =           3. bytes (ABS,CON)

        Value  Global            Value  Global            Value  Global    
        -----  ------            -----  ------            -----  ------    
ASxxxx Linker V03.00 + NoICE + sdld,  page 18.
Hexadecimal  [32-Bits]

Area                       Addr        Size        Decimal Bytes (Attributes)
--------------------       ----        ----        ------- ----- ------------
_HEADER9               00000000    00000001 =           1. bytes (ABS,CON)

        Value  Global            Value  Global            Value  Global    
        -----  ------            -----  ------            -----  ------    
ASxxxx Linker V03.00 + NoICE + sdld,  page 19.
Hexadecimal  [32-Bits]

Area                       Addr        Size        Decimal Bytes (Attributes)
--------------------       ----        ----        ------- ----- ------------
_HEADERa               00000000    00000001 =           1. bytes (ABS,CON)

        Value  Global            Value  Global            Value  Global    
        -----  ------            -----  ------            -----  ------    
ASxxxx Linker V03.00 + NoICE + sdld,  page 20.
Hexadecimal  [32-Bits]

Area                       Addr        Size        Decimal Bytes (Attributes)
--------------------       ----        ----        ------- ----- ------------
_HEADERb               00000000    00000001 =           1. bytes (ABS,CON)

        Value  Global            Value  Global            Value  Global    
        -----  ------            -----  ------            -----  ------    
ASxxxx Linker V03.00 + NoICE + sdld,  page 21.
Hexadecimal  [32-Bits]

Area                       Addr        Size        Decimal Bytes (Attributes)
--------------------       ----        ----        ------- ----- ------------
_HEADERc               00000000    00000002 =           2. bytes (ABS,CON)

        Value  Global            Value  Global            Value  Global    
        -----  ------            -----  ------            -----  ------    
ASxxxx Linker V03.00 + NoICE + sdld,  page 22.
Hexadecimal  [32-Bits]

Area                       Addr        Size        Decimal Bytes (Attributes)
--------------------       ----        ----        ------- ----- ------------
_HEADERd               00000000    00000001 =           1. bytes (ABS,CON)

        Value  Global            Value  Global            Value  Global    
        -----  ------            -----  ------            -----  ------    
ASxxxx Linker V03.00 + NoICE + sdld,  page 23.
Hexadecimal  [32-Bits]

Area                       Addr        Size        Decimal Bytes (Attributes)
--------------------       ----        ----        ------- ----- ------------
_HEADERe               00000000    00000001 =           1. bytes (ABS,CON)

        Value  Global            Value  Global            Value  Global    
        -----  ------            -----  ------            -----  ------    
ASxxxx Linker V03.00 + NoICE + sdld,  page 24.
Hexadecimal  [32-Bits]

Area                       Addr        Size        Decimal Bytes (Attributes)
--------------------       ----        ----        ------- ----- ------------
_HEADERf               00000000    00000002 =           2. bytes (ABS,CON)

        Value  Global            Value  Global            Value  Global    
        -----  ------            -----  ------            -----  ------    
ASxxxx Linker V03.00 + NoICE + sdld,  page 25.
Hexadecimal  [32-Bits]

Area                       Addr        Size        Decimal Bytes (Attributes)
--------------------       ----        ----        ------- ----- ------------
_HEADER10              00000000    00000082 =         130. bytes (ABS,CON)

        Value  Global            Value  Global            Value  Global    
        -----  ------            -----  ------            -----  ------    
     00000150  .reset    |    00000150  _reset    |    00000157  .code_sta
     000001B7  _exit     |    000001BB  _set_inte
ASxxxx Linker V03.00 + NoICE + sdld,  page 26.
Hexadecimal  [32-Bits]

Area                       Addr        Size        Decimal Bytes (Attributes)
--------------------       ----        ----        ------- ----- ------------
_HEADER11              00000000    00000001 =           1. bytes (ABS,CON)

        Value  Global            Value  Global            Value  Global    
        -----  ------            -----  ------            -----  ------    
ASxxxx Linker V03.00 + NoICE + sdld,  page 27.
Hexadecimal  [32-Bits]

Area                       Addr        Size        Decimal Bytes (Attributes)
--------------------       ----        ----        ------- ----- ------------
_HOME                  0000107A    0000017B =         379. bytes (REL,CON)

        Value  Global            Value  Global            Value  Global    
        -----  ------            -----  ------            -----  ------    
     0000107A  .memset_s |    00001083  .memcpy_s |    000010A0  .remove_V
     000010A3  .remove_i |    000010C0  .add_VBL  |    000010C3  .add_int 
     000010CE  .wait_vbl |    000010CE  _wait_vbl |    000010DE  .display_
     000010DE  _display_ |    000010F6  _remove_V |    00001101  _add_VBL 
     0000110C  _set_tile |    00001111  _set_bkg_ |    00001111  _set_win_
     00001119  _set_spri |    00001149  .padup    |    00001149  _waitpadu
     00001159  .jpad     |    00001159  _joypad   |    00001181  _waitpad 
     00001184  .wait_pad |    0000118B  _set_bkg_ |    0000119F  .set_xy_w
     000011A8  .set_xy_b |    000011B7  .set_xy_t
ASxxxx Linker V03.00 + NoICE + sdld,  page 28.
Hexadecimal  [32-Bits]

Area                       Addr        Size        Decimal Bytes (Attributes)
--------------------       ----        ----        ------- ----- ------------
_INITIALIZER           000011F5    00000001 =           1. bytes (REL,CON)

        Value  Global            Value  Global            Value  Global    
        -----  ------            -----  ------            -----  ------    
ASxxxx Linker V03.00 + NoICE + sdld,  page 29.
Hexadecimal  [32-Bits]

Area                       Addr        Size        Decimal Bytes (Attributes)
--------------------       ----        ----        ------- ----- ------------
_GSINIT                000011F6    0000000C =          12. bytes (REL,CON)

        Value  Global            Value  Global            Value  Global    
        -----  ------            -----  ------            -----  ------    
     000011F6  gsinit   
ASxxxx Linker V03.00 + NoICE + sdld,  page 30.
Hexadecimal  [32-Bits]

Area                       Addr        Size        Decimal Bytes (Attributes)
--------------------       ----        ----        ------- ----- ------------
_GSFINAL               00001202    00000001 =           1. bytes (REL,CON)

        Value  Global            Value  Global            Value  Global    
        -----  ------            -----  ------            -----  ------    
ASxxxx Linker V03.00 + NoICE + sdld,  page 31.
Hexadecimal  [32-Bits]

Area                       Addr        Size        Decimal Bytes (Attributes)
--------------------       ----        ----        ------- ----- ------------
_DATA                  0000C0A0    00000079 =         121. bytes (REL,CON)

        Value  Global            Value  Global            Value  Global    
        -----  ------            -----  ------            -----  ------    
     0000C0A0  __cpu     |    0000C0A1  __is_GBA  |    0000C0A2  .mode    
     0000C0A3  .sys_time |    0000C0A3  _sys_time |    0000C0A5  .int_0x40
     0000C0DE  _hUGE_cur |    0000C0FF  G$joy$0_0 |    0000C0FF  _joy     
     0000C100  G$last_jo |    0000C100  _last_joy |    0000C101  G$PLAYER$
     0000C101  _PLAYER   |    0000C108  G$BULLET1 |    0000C108  _BULLET1 
     0000C10F  G$BULLET2 |    0000C10F  _BULLET2  |    0000C116  ___curren
     0000C118  ___curren
ASxxxx Linker V03.00 + NoICE + sdld,  page 32.
Hexadecimal  [32-Bits]

Area                       Addr        Size        Decimal Bytes (Attributes)
--------------------       ----        ----        ------- ----- ------------
_INITIALIZED           0000C119    00000001 =           1. bytes (REL,CON)

        Value  Global            Value  Global            Value  Global    
        -----  ------            -----  ------            -----  ------    
     0000C119  ___render
ASxxxx Linker V03.00 + NoICE + sdld,  page 33.
Hexadecimal  [32-Bits]

Area                       Addr        Size        Decimal Bytes (Attributes)
--------------------       ----        ----        ------- ----- ------------
_HRAM12                00000000    00000003 =           3. bytes (ABS,CON)

        Value  Global            Value  Global            Value  Global    
        -----  ------            -----  ------            -----  ------    
     0000FF90  __current |    0000FF92  __shadow_
ASxxxx Linker V03.00 + NoICE + sdld,  page 34.
Hexadecimal  [32-Bits]

Area                       Addr        Size        Decimal Bytes (Attributes)
--------------------       ----        ----        ------- ----- ------------
_CODE_1                00014000    000000BC =         188. bytes (REL,CON)

        Value  Global            Value  Global            Value  Global    
        -----  ------            -----  ------            -----  ------    
     00014000  C$bullet. |    00014000  G$__func_ |    00014000  G$bullet_
     00014000  ___func_b |    00014000  _bullet_p |    0001400A  G$bullet_
     0001400A  _bullet_t |    0001402A  G$bullet_ |    0001402A  _bullet_m
     00014032  G$bullet_ |    00014032  _bullet_m |    00014034  C$galaga.
     00014034  G$__func_ |    00014034  G$galaga_ |    00014034  ___func_g
     00014034  _galaga_p |    0001403C  G$galaga_ |    0001403C  _galaga_t
     0001407C  G$galaga_ |    0001407C  _galaga_m |    00014088  G$galaga_
     00014088  _galaga_m |    0001408A  C$one_up. |    0001408A  G$__func_
     0001408A  G$one_up_ |    0001408A  ___func_o |    0001408A  _one_up_p
     00014092  G$one_up_ |    00014092  _one_up_t |    000140B2  G$one_up_
     000140B2  _one_up_m |    000140BA  G$one_up_ |    000140BA  _one_up_m
ASxxxx Linker V03.00 + NoICE + sdld,  page 35.

Files Linked                              [ module(s) ]

C:\c_code\gbdk\lib/small/asxxxx/gb/crt0.o
                                          [ Runtime ]
src\hUGEDriver.obj.rel                    [ hUGEDriver_obj ]
C:\Users\User\AppData\Local\Temp/lcc85920.rel
                                          [ main ]
C:\Users\User\AppData\Local\Temp/lcc85921.rel
                                          [ scene ]
C:\Users\User\AppData\Local\Temp/lcc85922.rel
                                          [ bkg_map ]
C:\Users\User\AppData\Local\Temp/lcc85923.rel
                                          [ bkg_tiles ]
C:\Users\User\AppData\Local\Temp/lcc85924.rel
                                          [ bullet ]
C:\Users\User\AppData\Local\Temp/lcc85925.rel
                                          [ galaga ]
C:\Users\User\AppData\Local\Temp/lcc85926.rel
                                          [ one_up ]


Libraries Linked                          [ object file ]

C:\c_code\gbdk\lib/small/asxxxx/gb/gb.lib
                                          [ get_tile.o ]
C:\c_code\gbdk\lib/small/asxxxx/gb/gb.lib
                                          [ metasprites_hide.o ]
C:\c_code\gbdk\lib/small/asxxxx/gb/gb.lib
                                          [ set_data.o ]
C:\c_code\gbdk\lib/small/asxxxx/gb/gb.lib
                                          [ set_tile.o ]
C:\c_code\gbdk\lib/small/asxxxx/gb/gb.lib
                                          [ pad.o ]
C:\c_code\gbdk\lib/small/asxxxx/gb/gb.lib
                                          [ metasprites.o ]
C:\c_code\gbdk\lib/small/asxxxx/gb/gb.lib
                                          [ sfr.o ]
C:\c_code\gbdk\lib/small/asxxxx/gb/gb.lib
                                          [ set_bk_t.o ]
C:\c_code\gbdk\lib/small/asxxxx/gb/gb.lib
                                          [ set_xy_t.o ]

ASxxxx Linker V03.00 + NoICE + sdld,  page 36.

User Base Address Definitions

_DATA=0xC0A0
_CODE=0x0200
ASxxxx Linker V03.00 + NoICE + sdld,  page 37.

User Global Definitions

_shadow_OAM=0xC000
.STACK=0xE000
.refresh_OAM=0xFF80

