ASxxxx Linker V03.00 + NoICE + sdld,  page 1.
Hexadecimal  [32-Bits]

Area                       Addr        Size        Decimal Bytes (Attributes)
--------------------       ----        ----        ------- ----- ------------
.  .ABS.               00000000    00000000 =           0. bytes (ABS,CON)

        Value  Global            Value  Global            Value  Global    
        -----  ------            -----  ------            -----  ------    
     00000000  .__.ABS.  |    00000000  _rRAMG    |    00000000  l__BASE  
     00000000  l__BSS    |    00000000  l__CABS   |    00000000  l__CODE_0
     00000000  l__DABS   |    00000000  l__HEADER |    00000000  l__HEAP  
     00000000  l__HRAM   |    00000000  l__LIT    |    00000000  s__CABS  
     00000000  s__DABS   |    00000000  s__HEADER |    00000000  s__HEADER
     00000000  s__HEADER |    00000000  s__HEADER |    00000000  s__HEADER
     00000000  s__HEADER |    00000000  s__HEADER |    00000000  s__HEADER
     00000000  s__HEADER |    00000000  s__HEADER |    00000000  s__HEADER
     00000000  s__HEADER |    00000000  s__HEADER |    00000000  s__HEADER
     00000000  s__HEADER |    00000000  s__HEADER |    00000000  s__HEADER
     00000000  s__HEADER |    00000000  s__HEADER |    00000000  s__HRAM  
     00000000  s__HRAM12 |    00000001  ___bank_b |    00000001  ___bank_g
     00000001  ___bank_o |    00000001  ___bank_t |    00000001  l__GSFINA
     00000001  l__HEADER |    00000001  l__HEADER |    00000001  l__HEADER
     00000001  l__HEADER |    00000001  l__HEADER |    00000001  l__HEADER
     00000001  l__HEADER |    00000001  l__INITIA |    00000001  l__INITIA
     00000002  l__HEADER |    00000002  l__HEADER |    00000002  l__HEADER
     00000003  l__HEADER |    00000003  l__HRAM12 |    00000005  l__HEADER
     00000006  l__HEADER |    00000007  l__HEADER |    00000008  l__HEADER
     0000000C  l__GSINIT |    00000030  l__HEADER |    0000004F  l__HEADER
     00000073  l__DATA   |    00000082  l__HEADER |    00000112  l__CODE_1
     0000017B  l__HOME   |    00000200  s__CODE   |    00000CEE  l__CODE  
     00000EEE  s__HOME   |    00001069  s__BASE   |    00001069  s__CODE_0
     00001069  s__INITIA |    00001069  s__LIT    |    0000106A  s__GSINIT
     00001076  s__GSFINA |    00002000  _rROMB0   |    00003000  _rROMB1  
     00004000  _rRAMB    |    00008000  __VRAM    |    00008000  __VRAM800
     00008800  __VRAM880 |    00009000  __VRAM900 |    00009800  __SCRN0  
     00009C00  __SCRN1   |    0000A000  __SRAM    |    0000C000  __RAM    
     0000C000  _shadow_O |    0000C0A0  s__DATA   |    0000C113  s__BSS   
     0000C113  s__INITIA |    0000C114  s__HEAP   |    0000D000  __RAMBANK
     0000E000  .STACK    |    0000FE00  __OAMRAM  |    0000FF00  _P1_REG  
     0000FF00  __IO      |    0000FF01  _SB_REG   |    0000FF02  _SC_REG  
     0000FF04  _DIV_REG  |    0000FF05  _TIMA_REG |    0000FF06  _TMA_REG 
     0000FF07  _TAC_REG  |    0000FF0F  _IF_REG   |    0000FF10  _NR10_REG
     0000FF11  _NR11_REG |    0000FF12  _NR12_REG |    0000FF13  _NR13_REG
     0000FF14  _NR14_REG |    0000FF16  _NR21_REG |    0000FF17  _NR22_REG
     0000FF18  _NR23_REG |    0000FF19  _NR24_REG |    0000FF1A  _NR30_REG
     0000FF1B  _NR31_REG |    0000FF1C  _NR32_REG |    0000FF1D  _NR33_REG
     0000FF1E  _NR34_REG |    0000FF20  _NR41_REG |    0000FF21  _NR42_REG
     0000FF22  _NR43_REG |    0000FF23  _NR44_REG |    0000FF24  _NR50_REG
     0000FF25  _NR51_REG |    0000FF26  _NR52_REG |    0000FF30  _PCM_SAMP
     0000FF30  __AUD3WAV |    0000FF40  _LCDC_REG |    0000FF41  _STAT_REG
     0000FF42  _SCY_REG  |    0000FF43  _SCX_REG  |    0000FF44  _LY_REG  
     0000FF45  _LYC_REG  |    0000FF46  _DMA_REG  |    0000FF47  _BGP_REG 
     0000FF48  _OBP0_REG |    0000FF49  _OBP1_REG |    0000FF4A  _WY_REG  
     0000FF4B  _WX_REG   |    0000FF4D  _KEY1_REG |    0000FF4F  _VBK_REG 
     0000FF51  _HDMA1_RE |    0000FF52  _HDMA2_RE |    0000FF53  _HDMA3_RE
     0000FF54  _HDMA4_RE |    0000FF55  _HDMA5_RE |    0000FF56  _RP_REG  
     0000FF68  _BCPS_REG |    0000FF69  _BCPD_REG |    0000FF6A  _OCPS_REG
     0000FF6B  _OCPD_REG |    0000FF70  _SVBK_REG |    0000FF76  _PCM12_RE
ASxxxx Linker V03.00 + NoICE + sdld,  page 2.
Hexadecimal  [32-Bits]

Area                       Addr        Size        Decimal Bytes (Attributes)
--------------------       ----        ----        ------- ----- ------------
.  .ABS.               00000000    00000000 =           0. bytes (ABS,CON)

        Value  Global            Value  Global            Value  Global    
        -----  ------            -----  ------            -----  ------    
     0000FF77  _PCM34_RE |    0000FF80  .refresh_ |    0000FF80  __HRAM   
     0000FFFF  _IE_REG   |    00014000  s__CODE_1
ASxxxx Linker V03.00 + NoICE + sdld,  page 3.
Hexadecimal  [32-Bits]

Area                       Addr        Size        Decimal Bytes (Attributes)
--------------------       ----        ----        ------- ----- ------------
_CODE                  00000200    00000CEE =        3310. bytes (REL,CON)

        Value  Global            Value  Global            Value  Global    
        -----  ------            -----  ------            -----  ------    
     00000200  _hUGE_ini |    00000204  _hUGE_ini |    0000020F  _hUGE_mut
     00000213  _hUGE_mut |    00000220  hUGE_mute |    0000023A  hUGE_init
     00000676  _hUGE_dos |    00000676  _hUGE_dos |    00000999  A$lcc1132
     00000999  C$main.c$ |    00000999  C$main.c$ |    00000999  G$update_
     00000999  _update_b |    0000099C  A$lcc1132 |    0000099E  A$lcc1132
     0000099E  C$main.c$ |    0000099F  A$lcc1132 |    000009A0  A$lcc1132
     000009A3  A$lcc1132 |    000009A4  A$lcc1132 |    000009A5  A$lcc1132
     000009A5  C$main.c$ |    000009A5  XG$update |    000009A6  A$lcc1132
     000009A6  C$main.c$ |    000009A6  C$main.c$ |    000009A6  G$update_
     000009A6  _update_b |    000009A9  A$lcc1132 |    000009AB  A$lcc1132
     000009AB  C$main.c$ |    000009AC  A$lcc1132 |    000009AD  A$lcc1132
     000009B0  A$lcc1132 |    000009B1  A$lcc1132 |    000009B2  A$lcc1132
     000009B2  C$main.c$ |    000009B2  XG$update |    000009B3  A$lcc1132
     000009B3  C$main.c$ |    000009B3  G$collide |    000009B3  _collide_
     000009B5  A$lcc1132 |    000009B5  C$main.c$ |    000009B7  A$lcc1132
     000009B8  A$lcc1132 |    000009BA  A$lcc1132 |    000009BB  A$lcc1132
     000009BC  A$lcc1132 |    000009BD  A$lcc1132 |    000009BE  A$lcc1132
     000009BF  A$lcc1132 |    000009C0  A$lcc1132 |    000009C2  A$lcc1132
     000009C4  A$lcc1132 |    000009C5  A$lcc1132 |    000009C6  A$lcc1132
     000009C7  A$lcc1132 |    000009C8  A$lcc1132 |    000009CB  A$lcc1132
     000009CC  A$lcc1132 |    000009CD  A$lcc1132 |    000009CE  A$lcc1132
     000009D0  A$lcc1132 |    000009D1  A$lcc1132 |    000009D2  A$lcc1132
     000009D3  A$lcc1132 |    000009D5  A$lcc1132 |    000009D6  A$lcc1132
     000009D8  A$lcc1132 |    000009D9  A$lcc1132 |    000009DB  A$lcc1132
     000009DC  A$lcc1132 |    000009DE  A$lcc1132 |    000009DF  A$lcc1132
     000009E1  A$lcc1132 |    000009E2  A$lcc1132 |    000009E4  A$lcc1132
     000009E4  C$main.c$ |    000009E6  A$lcc1132 |    000009E7  A$lcc1132
     000009E9  A$lcc1132 |    000009EA  A$lcc1132 |    000009EB  A$lcc1132
     000009ED  A$lcc1132 |    000009EF  A$lcc1132 |    000009F2  A$lcc1132
     000009F3  A$lcc1132 |    000009F4  A$lcc1132 |    000009F5  A$lcc1132
     000009F7  A$lcc1132 |    000009F9  A$lcc1132 |    000009FB  A$lcc1132
     000009FD  A$lcc1132 |    000009FF  A$lcc1132 |    00000A01  A$lcc1132
     00000A01  C$main.c$ |    00000A02  A$lcc1132 |    00000A03  A$lcc1132
     00000A04  A$lcc1132 |    00000A05  A$lcc1132 |    00000A06  A$lcc1132
     00000A07  A$lcc1132 |    00000A08  A$lcc1132 |    00000A09  A$lcc1132
     00000A0A  A$lcc1132 |    00000A0B  A$lcc1132 |    00000A0C  A$lcc1132
     00000A0D  A$lcc1132 |    00000A0F  A$lcc1132 |    00000A10  A$lcc1132
     00000A11  A$lcc1132 |    00000A12  A$lcc1132 |    00000A13  A$lcc1132
     00000A14  A$lcc1132 |    00000A15  A$lcc1132 |    00000A15  C$main.c$
     00000A17  A$lcc1132 |    00000A18  A$lcc1132 |    00000A19  A$lcc1132
     00000A1A  A$lcc1132 |    00000A1B  A$lcc1132 |    00000A1C  A$lcc1132
     00000A1D  A$lcc1132 |    00000A1E  A$lcc1132 |    00000A1E  C$main.c$
     00000A21  A$lcc1132 |    00000A22  A$lcc1132 |    00000A23  A$lcc1132
     00000A25  A$lcc1132 |    00000A27  A$lcc1132 |    00000A29  A$lcc1132
     00000A2A  A$lcc1132 |    00000A2C  A$lcc1132 |    00000A2F  A$lcc1132
     00000A30  A$lcc1132 |    00000A31  A$lcc1132 |    00000A32  A$lcc1132
     00000A34  A$lcc1132 |    00000A35  A$lcc1132 |    00000A36  A$lcc1132
     00000A37  A$lcc1132 |    00000A39  A$lcc1132 |    00000A3A  A$lcc1132
     00000A3C  A$lcc1132 |    00000A3D  A$lcc1132 |    00000A3E  A$lcc1132
     00000A40  A$lcc1132 |    00000A41  A$lcc1132 |    00000A42  A$lcc1132
ASxxxx Linker V03.00 + NoICE + sdld,  page 4.
Hexadecimal  [32-Bits]

Area                       Addr        Size        Decimal Bytes (Attributes)
--------------------       ----        ----        ------- ----- ------------
_CODE                  00000200    00000CEE =        3310. bytes (REL,CON)

        Value  Global            Value  Global            Value  Global    
        -----  ------            -----  ------            -----  ------    
     00000A43  A$lcc1132 |    00000A44  A$lcc1132 |    00000A45  A$lcc1132
     00000A46  A$lcc1132 |    00000A47  A$lcc1132 |    00000A48  A$lcc1132
     00000A4A  A$lcc1132 |    00000A4C  A$lcc1132 |    00000A4E  A$lcc1132
     00000A50  A$lcc1132 |    00000A51  A$lcc1132 |    00000A53  A$lcc1132
     00000A55  A$lcc1132 |    00000A57  A$lcc1132 |    00000A58  A$lcc1132
     00000A5A  A$lcc1132 |    00000A5A  C$main.c$ |    00000A5B  A$lcc1132
     00000A5E  A$lcc1132 |    00000A5F  A$lcc1132 |    00000A61  A$lcc1132
     00000A62  A$lcc1132 |    00000A63  A$lcc1132 |    00000A65  A$lcc1132
     00000A66  A$lcc1132 |    00000A67  A$lcc1132 |    00000A68  A$lcc1132
     00000A69  A$lcc1132 |    00000A6B  A$lcc1132 |    00000A6C  A$lcc1132
     00000A6D  A$lcc1132 |    00000A6E  A$lcc1132 |    00000A71  A$lcc1132
     00000A73  A$lcc1132 |    00000A73  C$main.c$ |    00000A75  A$lcc1132
     00000A77  A$lcc1132 |    00000A77  C$main.c$ |    00000A79  A$lcc1132
     00000A7B  A$lcc1132 |    00000A7B  C$main.c$ |    00000A7B  XG$collid
     00000A7C  A$lcc1132 |    00000A7C  C$main.c$ |    00000A7C  G$main$0$
     00000A7C  _main     |    00000A7D  A$lcc1132 |    00000A7E  A$lcc1132
     00000A7E  C$main.c$ |    00000A7F  A$lcc1132 |    00000A81  A$lcc1132
     00000A81  C$main.c$ |    00000A83  A$lcc1132 |    00000A85  A$lcc1132
     00000A85  C$main.c$ |    00000A87  A$lcc1132 |    00000A89  A$lcc1132
     00000A8B  A$lcc1132 |    00000A8B  C$main.c$ |    00000A8D  A$lcc1132
     00000A8F  A$lcc1132 |    00000A91  A$lcc1132 |    00000A91  C$main.c$
     00000A93  A$lcc1132 |    00000A95  A$lcc1132 |    00000A97  A$lcc1132
     00000A97  C$main.c$ |    00000A99  A$lcc1132 |    00000A9B  A$lcc1132
     00000A9D  A$lcc1132 |    00000A9D  C$main.c$ |    00000AA0  A$lcc1132
     00000AA1  A$lcc1132 |    00000AA4  A$lcc1132 |    00000AA5  A$lcc1132
     00000AA8  A$lcc1132 |    00000AAA  A$lcc1132 |    00000AAA  C$main.c$
     00000AAD  A$lcc1132 |    00000AAE  A$lcc1132 |    00000AB1  A$lcc1132
     00000AB2  A$lcc1132 |    00000AB5  A$lcc1132 |    00000AB7  A$lcc1132
     00000AB7  C$main.c$ |    00000ABA  A$lcc1132 |    00000ABB  A$lcc1132
     00000ABE  A$lcc1132 |    00000ABF  A$lcc1132 |    00000AC2  A$lcc1132
     00000AC4  A$lcc1132 |    00000AC4  C$main.c$ |    00000AC7  A$lcc1132
     00000AC8  A$lcc1132 |    00000ACB  A$lcc1132 |    00000ACC  A$lcc1132
     00000ACD  A$lcc1132 |    00000ACE  A$lcc1132 |    00000ACF  A$lcc1132
     00000AD2  A$lcc1132 |    00000AD4  A$lcc1132 |    00000AD4  C$main.c$
     00000AD7  A$lcc1132 |    00000AD9  A$lcc1132 |    00000AD9  C$main.c$
     00000ADC  A$lcc1132 |    00000ADE  A$lcc1132 |    00000ADE  C$main.c$
     00000AE1  A$lcc1132 |    00000AE3  A$lcc1132 |    00000AE6  A$lcc1132
     00000AE8  A$lcc1132 |    00000AEB  A$lcc1132 |    00000AEC  A$lcc1132
     00000AEF  A$lcc1132 |    00000AF0  A$lcc1132 |    00000AF3  A$lcc1132
     00000AF4  A$lcc1132 |    00000AF5  A$lcc1132 |    00000AF6  A$lcc1132
     00000AF9  A$lcc1132 |    00000AFA  A$lcc1132 |    00000AFB  A$lcc1132
     00000AFC  A$lcc1132 |    00000AFF  A$lcc1132 |    00000B01  A$lcc1132
     00000B02  A$lcc1132 |    00000B03  A$lcc1132 |    00000B04  A$lcc1132
     00000B06  A$lcc1132 |    00000B07  A$lcc1132 |    00000B0A  A$lcc1132
     00000B0C  A$lcc1132 |    00000B0C  C$main.c$ |    00000B0F  A$lcc1132
     00000B11  A$lcc1132 |    00000B14  A$lcc1132 |    00000B16  A$lcc1132
     00000B16  C$main.c$ |    00000B16  C$main.c$ |    00000B19  A$lcc1132
     00000B1C  A$lcc1132 |    00000B1C  C$main.c$ |    00000B1F  A$lcc1132
     00000B22  A$lcc1132 |    00000B23  A$lcc1132 |    00000B24  A$lcc1132
     00000B26  A$lcc1132 |    00000B27  A$lcc1132 |    00000B28  A$lcc1132
     00000B2A  A$lcc1132 |    00000B2B  A$lcc1132 |    00000B2D  A$lcc1132
ASxxxx Linker V03.00 + NoICE + sdld,  page 5.
Hexadecimal  [32-Bits]

Area                       Addr        Size        Decimal Bytes (Attributes)
--------------------       ----        ----        ------- ----- ------------
_CODE                  00000200    00000CEE =        3310. bytes (REL,CON)

        Value  Global            Value  Global            Value  Global    
        -----  ------            -----  ------            -----  ------    
     00000B30  A$lcc1132 |    00000B30  C$main.c$ |    00000B31  A$lcc1132
     00000B33  A$lcc1132 |    00000B33  C$main.c$ |    00000B34  A$lcc1132
     00000B37  A$lcc1132 |    00000B39  A$lcc1132 |    00000B3A  A$lcc1132
     00000B3C  A$lcc1132 |    00000B3E  A$lcc1132 |    00000B3F  A$lcc1132
     00000B41  A$lcc1132 |    00000B41  C$main.c$ |    00000B44  A$lcc1132
     00000B44  C$main.c$ |    00000B46  A$lcc1132 |    00000B48  A$lcc1132
     00000B48  C$main.c$ |    00000B49  A$lcc1132 |    00000B4C  A$lcc1132
     00000B4F  A$lcc1132 |    00000B52  A$lcc1132 |    00000B53  A$lcc1132
     00000B53  C$main.c$ |    00000B54  A$lcc1132 |    00000B54  C$main.c$
     00000B56  A$lcc1132 |    00000B57  A$lcc1132 |    00000B59  A$lcc1132
     00000B5A  A$lcc1132 |    00000B5C  A$lcc1132 |    00000B5E  A$lcc1132
     00000B5F  A$lcc1132 |    00000B61  A$lcc1132 |    00000B62  A$lcc1132
     00000B63  A$lcc1132 |    00000B65  A$lcc1132 |    00000B66  A$lcc1132
     00000B67  A$lcc1132 |    00000B69  A$lcc1132 |    00000B6C  A$lcc1132
     00000B6D  A$lcc1132 |    00000B6F  A$lcc1132 |    00000B6F  C$main.c$
     00000B72  A$lcc1132 |    00000B74  A$lcc1132 |    00000B74  C$main.c$
     00000B77  A$lcc1132 |    00000B78  A$lcc1132 |    00000B7B  A$lcc1132
     00000B7C  A$lcc1132 |    00000B7D  A$lcc1132 |    00000B7E  A$lcc1132
     00000B7F  A$lcc1132 |    00000B82  A$lcc1132 |    00000B83  A$lcc1132
     00000B85  A$lcc1132 |    00000B85  C$main.c$ |    00000B86  A$lcc1132
     00000B87  A$lcc1132 |    00000B89  A$lcc1132 |    00000B8B  A$lcc1132
     00000B8C  A$lcc1132 |    00000B8D  A$lcc1132 |    00000B8F  A$lcc1132
     00000B92  A$lcc1132 |    00000B93  A$lcc1132 |    00000B95  A$lcc1132
     00000B98  A$lcc1132 |    00000B99  A$lcc1132 |    00000B9B  A$lcc1132
     00000B9B  C$main.c$ |    00000B9E  A$lcc1132 |    00000BA0  A$lcc1132
     00000BA0  C$main.c$ |    00000BA3  A$lcc1132 |    00000BA4  A$lcc1132
     00000BA7  A$lcc1132 |    00000BA8  A$lcc1132 |    00000BA9  A$lcc1132
     00000BAA  A$lcc1132 |    00000BAB  A$lcc1132 |    00000BAE  A$lcc1132
     00000BAF  A$lcc1132 |    00000BAF  C$main.c$ |    00000BB2  A$lcc1132
     00000BB4  A$lcc1132 |    00000BB6  A$lcc1132 |    00000BB6  C$main.c$
     00000BB9  A$lcc1132 |    00000BBB  A$lcc1132 |    00000BBE  A$lcc1132
     00000BBF  A$lcc1132 |    00000BC0  A$lcc1132 |    00000BC1  A$lcc1132
     00000BC4  A$lcc1132 |    00000BC5  A$lcc1132 |    00000BC6  A$lcc1132
     00000BC7  A$lcc1132 |    00000BC9  A$lcc1132 |    00000BCA  A$lcc1132
     00000BCB  A$lcc1132 |    00000BCE  A$lcc1132 |    00000BCF  A$lcc1132
     00000BCF  C$main.c$ |    00000BCF  C$main.c$ |    00000BD2  A$lcc1132
     00000BD4  A$lcc1132 |    00000BD6  A$lcc1132 |    00000BD6  C$main.c$
     00000BD9  A$lcc1132 |    00000BDB  A$lcc1132 |    00000BDE  A$lcc1132
     00000BDF  A$lcc1132 |    00000BE0  A$lcc1132 |    00000BE1  A$lcc1132
     00000BE4  A$lcc1132 |    00000BE5  A$lcc1132 |    00000BE6  A$lcc1132
     00000BE7  A$lcc1132 |    00000BE9  A$lcc1132 |    00000BEA  A$lcc1132
     00000BEB  A$lcc1132 |    00000BEE  A$lcc1132 |    00000BEF  A$lcc1132
     00000BEF  C$main.c$ |    00000BEF  C$main.c$ |    00000BF2  A$lcc1132
     00000BF3  A$lcc1132 |    00000BF5  A$lcc1132 |    00000BF5  C$main.c$
     00000BF8  A$lcc1132 |    00000BFA  A$lcc1132 |    00000BFD  A$lcc1132
     00000BFD  C$main.c$ |    00000C00  A$lcc1132 |    00000C01  A$lcc1132
     00000C04  A$lcc1132 |    00000C05  A$lcc1132 |    00000C06  A$lcc1132
     00000C07  A$lcc1132 |    00000C08  A$lcc1132 |    00000C0B  A$lcc1132
     00000C0C  A$lcc1132 |    00000C0D  A$lcc1132 |    00000C0F  A$lcc1132
     00000C0F  C$main.c$ |    00000C12  A$lcc1132 |    00000C14  A$lcc1132
     00000C17  A$lcc1132 |    00000C18  A$lcc1132 |    00000C19  A$lcc1132
ASxxxx Linker V03.00 + NoICE + sdld,  page 6.
Hexadecimal  [32-Bits]

Area                       Addr        Size        Decimal Bytes (Attributes)
--------------------       ----        ----        ------- ----- ------------
_CODE                  00000200    00000CEE =        3310. bytes (REL,CON)

        Value  Global            Value  Global            Value  Global    
        -----  ------            -----  ------            -----  ------    
     00000C1A  A$lcc1132 |    00000C1D  A$lcc1132 |    00000C1E  A$lcc1132
     00000C1F  A$lcc1132 |    00000C20  A$lcc1132 |    00000C22  A$lcc1132
     00000C23  A$lcc1132 |    00000C24  A$lcc1132 |    00000C27  A$lcc1132
     00000C28  A$lcc1132 |    00000C28  C$main.c$ |    00000C2A  A$lcc1132
     00000C2D  A$lcc1132 |    00000C2F  A$lcc1132 |    00000C30  A$lcc1132
     00000C33  A$lcc1132 |    00000C34  A$lcc1132 |    00000C37  A$lcc1132
     00000C38  A$lcc1132 |    00000C39  A$lcc1132 |    00000C3A  A$lcc1132
     00000C3B  A$lcc1132 |    00000C3E  A$lcc1132 |    00000C3F  A$lcc1132
     00000C40  A$lcc1132 |    00000C41  A$lcc1132 |    00000C44  A$lcc1132
     00000C46  A$lcc1132 |    00000C48  A$lcc1132 |    00000C49  A$lcc1132
     00000C4A  A$lcc1132 |    00000C4B  A$lcc1132 |    00000C4C  A$lcc1132
     00000C4E  A$lcc1132 |    00000C4F  A$lcc1132 |    00000C52  A$lcc1132
     00000C54  A$lcc1132 |    00000C54  C$main.c$ |    00000C54  C$main.c$
     00000C57  A$lcc1132 |    00000C58  A$lcc1132 |    00000C5A  A$lcc1132
     00000C5A  C$main.c$ |    00000C5D  A$lcc1132 |    00000C5F  A$lcc1132
     00000C62  A$lcc1132 |    00000C65  A$lcc1132 |    00000C66  A$lcc1132
     00000C69  A$lcc1132 |    00000C6B  A$lcc1132 |    00000C6C  A$lcc1132
     00000C6F  A$lcc1132 |    00000C70  A$lcc1132 |    00000C71  A$lcc1132
     00000C72  A$lcc1132 |    00000C75  A$lcc1132 |    00000C76  A$lcc1132
     00000C77  A$lcc1132 |    00000C78  A$lcc1132 |    00000C7B  A$lcc1132
     00000C7D  A$lcc1132 |    00000C7E  A$lcc1132 |    00000C7F  A$lcc1132
     00000C80  A$lcc1132 |    00000C82  A$lcc1132 |    00000C83  A$lcc1132
     00000C85  A$lcc1132 |    00000C86  A$lcc1132 |    00000C89  A$lcc1132
     00000C8B  A$lcc1132 |    00000C8B  C$main.c$ |    00000C8E  A$lcc1132
     00000C8F  A$lcc1132 |    00000C92  A$lcc1132 |    00000C93  A$lcc1132
     00000C96  A$lcc1132 |    00000C97  A$lcc1132 |    00000C98  A$lcc1132
     00000C99  A$lcc1132 |    00000C9A  A$lcc1132 |    00000C9D  A$lcc1132
     00000C9E  A$lcc1132 |    00000C9F  A$lcc1132 |    00000CA0  A$lcc1132
     00000CA3  A$lcc1132 |    00000CA5  A$lcc1132 |    00000CA6  A$lcc1132
     00000CA7  A$lcc1132 |    00000CA8  A$lcc1132 |    00000CA9  A$lcc1132
     00000CAA  A$lcc1132 |    00000CAB  A$lcc1132 |    00000CAC  A$lcc1132
     00000CAD  A$lcc1132 |    00000CB0  A$lcc1132 |    00000CB2  A$lcc1132
     00000CB2  C$main.c$ |    00000CB5  A$lcc1132 |    00000CB5  C$main.c$
     00000CB8  A$lcc1132 |    00000CBB  A$lcc1132 |    00000CBC  A$lcc1132
     00000CBD  A$lcc1132 |    00000CBD  C$main.c$ |    00000CBD  XG$main$0
     00000CBE  G$bkg_map |    00000CBE  _bkg_map  |    00000E26  G$bkg_til
     00000E26  _bkg_tile |    00000E96  ___hide_m |    00000EB6  ___move_m
ASxxxx Linker V03.00 + NoICE + sdld,  page 7.
Hexadecimal  [32-Bits]

Area                       Addr        Size        Decimal Bytes (Attributes)
--------------------       ----        ----        ------- ----- ------------
_HEADER0               00000000    00000001 =           1. bytes (ABS,CON)

        Value  Global            Value  Global            Value  Global    
        -----  ------            -----  ------            -----  ------    
     00000020  .call_hl 
ASxxxx Linker V03.00 + NoICE + sdld,  page 8.
Hexadecimal  [32-Bits]

Area                       Addr        Size        Decimal Bytes (Attributes)
--------------------       ----        ----        ------- ----- ------------
_HEADER1               00000000    00000005 =           5. bytes (ABS,CON)

        Value  Global            Value  Global            Value  Global    
        -----  ------            -----  ------            -----  ------    
     00000028  .MemsetSm
ASxxxx Linker V03.00 + NoICE + sdld,  page 9.
Hexadecimal  [32-Bits]

Area                       Addr        Size        Decimal Bytes (Attributes)
--------------------       ----        ----        ------- ----- ------------
_HEADER2               00000000    00000007 =           7. bytes (ABS,CON)

        Value  Global            Value  Global            Value  Global    
        -----  ------            -----  ------            -----  ------    
     00000030  .MemcpySm
ASxxxx Linker V03.00 + NoICE + sdld,  page 10.
Hexadecimal  [32-Bits]

Area                       Addr        Size        Decimal Bytes (Attributes)
--------------------       ----        ----        ------- ----- ------------
_HEADER3               00000000    00000008 =           8. bytes (ABS,CON)

        Value  Global            Value  Global            Value  Global    
        -----  ------            -----  ------            -----  ------    
ASxxxx Linker V03.00 + NoICE + sdld,  page 11.
Hexadecimal  [32-Bits]

Area                       Addr        Size        Decimal Bytes (Attributes)
--------------------       ----        ----        ------- ----- ------------
_HEADER4               00000000    0000004F =          79. bytes (ABS,CON)

        Value  Global            Value  Global            Value  Global    
        -----  ------            -----  ------            -----  ------    
     00000080  .int      |    0000008F  _wait_int |    0000009C  __standar
     000000AC  _refresh_
ASxxxx Linker V03.00 + NoICE + sdld,  page 12.
Hexadecimal  [32-Bits]

Area                       Addr        Size        Decimal Bytes (Attributes)
--------------------       ----        ----        ------- ----- ------------
_HEADER5               00000000    00000002 =           2. bytes (ABS,CON)

        Value  Global            Value  Global            Value  Global    
        -----  ------            -----  ------            -----  ------    
ASxxxx Linker V03.00 + NoICE + sdld,  page 13.
Hexadecimal  [32-Bits]

Area                       Addr        Size        Decimal Bytes (Attributes)
--------------------       ----        ----        ------- ----- ------------
_HEADER6               00000000    00000030 =          48. bytes (ABS,CON)

        Value  Global            Value  Global            Value  Global    
        -----  ------            -----  ------            -----  ------    
ASxxxx Linker V03.00 + NoICE + sdld,  page 14.
Hexadecimal  [32-Bits]

Area                       Addr        Size        Decimal Bytes (Attributes)
--------------------       ----        ----        ------- ----- ------------
_HEADER7               00000000    00000006 =           6. bytes (ABS,CON)

        Value  Global            Value  Global            Value  Global    
        -----  ------            -----  ------            -----  ------    
ASxxxx Linker V03.00 + NoICE + sdld,  page 15.
Hexadecimal  [32-Bits]

Area                       Addr        Size        Decimal Bytes (Attributes)
--------------------       ----        ----        ------- ----- ------------
_HEADER8               00000000    00000003 =           3. bytes (ABS,CON)

        Value  Global            Value  Global            Value  Global    
        -----  ------            -----  ------            -----  ------    
ASxxxx Linker V03.00 + NoICE + sdld,  page 16.
Hexadecimal  [32-Bits]

Area                       Addr        Size        Decimal Bytes (Attributes)
--------------------       ----        ----        ------- ----- ------------
_HEADER9               00000000    00000001 =           1. bytes (ABS,CON)

        Value  Global            Value  Global            Value  Global    
        -----  ------            -----  ------            -----  ------    
ASxxxx Linker V03.00 + NoICE + sdld,  page 17.
Hexadecimal  [32-Bits]

Area                       Addr        Size        Decimal Bytes (Attributes)
--------------------       ----        ----        ------- ----- ------------
_HEADERa               00000000    00000001 =           1. bytes (ABS,CON)

        Value  Global            Value  Global            Value  Global    
        -----  ------            -----  ------            -----  ------    
ASxxxx Linker V03.00 + NoICE + sdld,  page 18.
Hexadecimal  [32-Bits]

Area                       Addr        Size        Decimal Bytes (Attributes)
--------------------       ----        ----        ------- ----- ------------
_HEADERb               00000000    00000001 =           1. bytes (ABS,CON)

        Value  Global            Value  Global            Value  Global    
        -----  ------            -----  ------            -----  ------    
ASxxxx Linker V03.00 + NoICE + sdld,  page 19.
Hexadecimal  [32-Bits]

Area                       Addr        Size        Decimal Bytes (Attributes)
--------------------       ----        ----        ------- ----- ------------
_HEADERc               00000000    00000002 =           2. bytes (ABS,CON)

        Value  Global            Value  Global            Value  Global    
        -----  ------            -----  ------            -----  ------    
ASxxxx Linker V03.00 + NoICE + sdld,  page 20.
Hexadecimal  [32-Bits]

Area                       Addr        Size        Decimal Bytes (Attributes)
--------------------       ----        ----        ------- ----- ------------
_HEADERd               00000000    00000001 =           1. bytes (ABS,CON)

        Value  Global            Value  Global            Value  Global    
        -----  ------            -----  ------            -----  ------    
ASxxxx Linker V03.00 + NoICE + sdld,  page 21.
Hexadecimal  [32-Bits]

Area                       Addr        Size        Decimal Bytes (Attributes)
--------------------       ----        ----        ------- ----- ------------
_HEADERe               00000000    00000001 =           1. bytes (ABS,CON)

        Value  Global            Value  Global            Value  Global    
        -----  ------            -----  ------            -----  ------    
ASxxxx Linker V03.00 + NoICE + sdld,  page 22.
Hexadecimal  [32-Bits]

Area                       Addr        Size        Decimal Bytes (Attributes)
--------------------       ----        ----        ------- ----- ------------
_HEADERf               00000000    00000002 =           2. bytes (ABS,CON)

        Value  Global            Value  Global            Value  Global    
        -----  ------            -----  ------            -----  ------    
ASxxxx Linker V03.00 + NoICE + sdld,  page 23.
Hexadecimal  [32-Bits]

Area                       Addr        Size        Decimal Bytes (Attributes)
--------------------       ----        ----        ------- ----- ------------
_HEADER10              00000000    00000082 =         130. bytes (ABS,CON)

        Value  Global            Value  Global            Value  Global    
        -----  ------            -----  ------            -----  ------    
     00000150  .reset    |    00000150  _reset    |    00000157  .code_sta
     000001B7  _exit     |    000001BB  _set_inte
ASxxxx Linker V03.00 + NoICE + sdld,  page 24.
Hexadecimal  [32-Bits]

Area                       Addr        Size        Decimal Bytes (Attributes)
--------------------       ----        ----        ------- ----- ------------
_HEADER11              00000000    00000001 =           1. bytes (ABS,CON)

        Value  Global            Value  Global            Value  Global    
        -----  ------            -----  ------            -----  ------    
ASxxxx Linker V03.00 + NoICE + sdld,  page 25.
Hexadecimal  [32-Bits]

Area                       Addr        Size        Decimal Bytes (Attributes)
--------------------       ----        ----        ------- ----- ------------
_HOME                  00000EEE    0000017B =         379. bytes (REL,CON)

        Value  Global            Value  Global            Value  Global    
        -----  ------            -----  ------            -----  ------    
     00000EEE  .memset_s |    00000EF7  .memcpy_s |    00000F14  .remove_V
     00000F17  .remove_i |    00000F34  .add_VBL  |    00000F37  .add_int 
     00000F42  .wait_vbl |    00000F42  _wait_vbl |    00000F52  .display_
     00000F52  _display_ |    00000F6A  _remove_V |    00000F75  _add_VBL 
     00000F80  _set_tile |    00000F85  _set_bkg_ |    00000F85  _set_win_
     00000F8D  _set_spri |    00000FBD  .padup    |    00000FBD  _waitpadu
     00000FCD  .jpad     |    00000FCD  _joypad   |    00000FF5  _waitpad 
     00000FF8  .wait_pad |    00000FFF  _set_bkg_ |    00001013  .set_xy_w
     0000101C  .set_xy_b |    0000102B  .set_xy_t
ASxxxx Linker V03.00 + NoICE + sdld,  page 26.
Hexadecimal  [32-Bits]

Area                       Addr        Size        Decimal Bytes (Attributes)
--------------------       ----        ----        ------- ----- ------------
_INITIALIZER           00001069    00000001 =           1. bytes (REL,CON)

        Value  Global            Value  Global            Value  Global    
        -----  ------            -----  ------            -----  ------    
ASxxxx Linker V03.00 + NoICE + sdld,  page 27.
Hexadecimal  [32-Bits]

Area                       Addr        Size        Decimal Bytes (Attributes)
--------------------       ----        ----        ------- ----- ------------
_GSINIT                0000106A    0000000C =          12. bytes (REL,CON)

        Value  Global            Value  Global            Value  Global    
        -----  ------            -----  ------            -----  ------    
     0000106A  gsinit   
ASxxxx Linker V03.00 + NoICE + sdld,  page 28.
Hexadecimal  [32-Bits]

Area                       Addr        Size        Decimal Bytes (Attributes)
--------------------       ----        ----        ------- ----- ------------
_GSFINAL               00001076    00000001 =           1. bytes (REL,CON)

        Value  Global            Value  Global            Value  Global    
        -----  ------            -----  ------            -----  ------    
ASxxxx Linker V03.00 + NoICE + sdld,  page 29.
Hexadecimal  [32-Bits]

Area                       Addr        Size        Decimal Bytes (Attributes)
--------------------       ----        ----        ------- ----- ------------
_DATA                  0000C0A0    00000073 =         115. bytes (REL,CON)

        Value  Global            Value  Global            Value  Global    
        -----  ------            -----  ------            -----  ------    
     0000C0A0  __cpu     |    0000C0A1  __is_GBA  |    0000C0A2  .mode    
     0000C0A3  .sys_time |    0000C0A3  _sys_time |    0000C0A5  .int_0x40
     0000C0DE  _hUGE_cur |    0000C0FF  G$joy$0_0 |    0000C0FF  _joy     
     0000C100  G$last_jo |    0000C100  _last_joy |    0000C101  G$PLAYER$
     0000C101  _PLAYER   |    0000C106  G$BULLET1 |    0000C106  _BULLET1 
     0000C10B  G$BULLET2 |    0000C10B  _BULLET2  |    0000C110  ___curren
     0000C112  ___curren
ASxxxx Linker V03.00 + NoICE + sdld,  page 30.
Hexadecimal  [32-Bits]

Area                       Addr        Size        Decimal Bytes (Attributes)
--------------------       ----        ----        ------- ----- ------------
_INITIALIZED           0000C113    00000001 =           1. bytes (REL,CON)

        Value  Global            Value  Global            Value  Global    
        -----  ------            -----  ------            -----  ------    
     0000C113  ___render
ASxxxx Linker V03.00 + NoICE + sdld,  page 31.
Hexadecimal  [32-Bits]

Area                       Addr        Size        Decimal Bytes (Attributes)
--------------------       ----        ----        ------- ----- ------------
_HRAM12                00000000    00000003 =           3. bytes (ABS,CON)

        Value  Global            Value  Global            Value  Global    
        -----  ------            -----  ------            -----  ------    
     0000FF90  __current |    0000FF92  __shadow_
ASxxxx Linker V03.00 + NoICE + sdld,  page 32.
Hexadecimal  [32-Bits]

Area                       Addr        Size        Decimal Bytes (Attributes)
--------------------       ----        ----        ------- ----- ------------
_CODE_1                00014000    00000112 =         274. bytes (REL,CON)

        Value  Global            Value  Global            Value  Global    
        -----  ------            -----  ------            -----  ------    
     00014000  C$bullet. |    00014000  G$__func_ |    00014000  G$bullet_
     00014000  ___func_b |    00014000  _bullet_p |    0001400A  G$bullet_
     0001400A  _bullet_t |    0001402A  G$bullet_ |    0001402A  _bullet_m
     00014032  G$bullet_ |    00014032  _bullet_m |    00014034  C$galaga.
     00014034  G$__func_ |    00014034  G$galaga_ |    00014034  ___func_g
     00014034  _galaga_p |    0001403C  G$galaga_ |    0001403C  _galaga_t
     0001407C  G$galaga_ |    0001407C  _galaga_m |    00014088  G$galaga_
     00014088  _galaga_m |    0001408A  C$one_up. |    0001408A  G$__func_
     0001408A  G$one_up_ |    0001408A  ___func_o |    0001408A  _one_up_p
     00014092  G$one_up_ |    00014092  _one_up_t |    000140B2  G$one_up_
     000140B2  _one_up_m |    000140BA  G$one_up_ |    000140BA  _one_up_m
     000140BC  C$tileset |    000140BC  G$__func_ |    000140BC  G$tileset
     000140BC  ___func_t |    000140BC  _tileset_ |    000140C4  G$tileset
     000140C4  _tileset_ |    00014104  G$tileset |    00014104  _tileset_
     00014110  G$tileset |    00014110  _tileset_
ASxxxx Linker V03.00 + NoICE + sdld,  page 33.

Files Linked                              [ module(s) ]

C:\c_code\gbdk\lib/small/asxxxx/gb/crt0.o
                                          [ Runtime ]
src\hUGEDriver.obj.rel                    [ hUGEDriver_obj ]
C:\Users\User\AppData\Local\Temp/lcc113280.rel
                                          [ main ]
C:\Users\User\AppData\Local\Temp/lcc113281.rel
                                          [ scene ]
C:\Users\User\AppData\Local\Temp/lcc113282.rel
                                          [ bkg_map ]
C:\Users\User\AppData\Local\Temp/lcc113283.rel
                                          [ bkg_tiles ]
C:\Users\User\AppData\Local\Temp/lcc113284.rel
                                          [ bullet ]
C:\Users\User\AppData\Local\Temp/lcc113285.rel
                                          [ galaga ]
C:\Users\User\AppData\Local\Temp/lcc113286.rel
                                          [ one_up ]
C:\Users\User\AppData\Local\Temp/lcc113287.rel
                                          [ tileset ]


Libraries Linked                          [ object file ]

C:\c_code\gbdk\lib/small/asxxxx/gb/gb.lib
                                          [ metasprites_hide.o ]
C:\c_code\gbdk\lib/small/asxxxx/gb/gb.lib
                                          [ set_data.o ]
C:\c_code\gbdk\lib/small/asxxxx/gb/gb.lib
                                          [ pad.o ]
C:\c_code\gbdk\lib/small/asxxxx/gb/gb.lib
                                          [ metasprites.o ]
C:\c_code\gbdk\lib/small/asxxxx/gb/gb.lib
                                          [ sfr.o ]
C:\c_code\gbdk\lib/small/asxxxx/gb/gb.lib
                                          [ set_bk_t.o ]
C:\c_code\gbdk\lib/small/asxxxx/gb/gb.lib
                                          [ set_xy_t.o ]

ASxxxx Linker V03.00 + NoICE + sdld,  page 34.

User Base Address Definitions

_DATA=0xC0A0
_CODE=0x0200
ASxxxx Linker V03.00 + NoICE + sdld,  page 35.

User Global Definitions

_shadow_OAM=0xC000
.STACK=0xE000
.refresh_OAM=0xFF80

