ASxxxx Linker V03.00 + NoICE + sdld,  page 1.
Hexadecimal  [32-Bits]

Area                       Addr        Size        Decimal Bytes (Attributes)
--------------------       ----        ----        ------- ----- ------------
.  .ABS.               00000000    00000000 =           0. bytes (ABS,CON)

        Value  Global            Value  Global            Value  Global    
        -----  ------            -----  ------            -----  ------    
     00000000  .__.ABS.  |    00000000  _rRAMG    |    00000000  l__BASE  
     00000000  l__BSS    |    00000000  l__CABS   |    00000000  l__CODE_0
     00000000  l__DABS   |    00000000  l__HEADER |    00000000  l__HEAP  
     00000000  l__HRAM   |    00000000  l__LIT    |    00000000  s__CABS  
     00000000  s__DABS   |    00000000  s__HEADER |    00000000  s__HEADER
     00000000  s__HEADER |    00000000  s__HEADER |    00000000  s__HEADER
     00000000  s__HEADER |    00000000  s__HEADER |    00000000  s__HEADER
     00000000  s__HEADER |    00000000  s__HEADER |    00000000  s__HEADER
     00000000  s__HEADER |    00000000  s__HEADER |    00000000  s__HEADER
     00000000  s__HEADER |    00000000  s__HEADER |    00000000  s__HEADER
     00000000  s__HEADER |    00000000  s__HEADER |    00000000  s__HRAM  
     00000000  s__HRAM12 |    00000001  ___bank_b |    00000001  ___bank_g
     00000001  ___bank_o |    00000001  l__GSFINA |    00000001  l__HEADER
     00000001  l__HEADER |    00000001  l__HEADER |    00000001  l__HEADER
     00000001  l__HEADER |    00000001  l__HEADER |    00000001  l__HEADER
     00000002  l__HEADER |    00000002  l__HEADER |    00000002  l__HEADER
     00000003  l__HEADER |    00000003  l__HRAM12 |    00000005  l__HEADER
     00000006  l__HEADER |    00000007  l__HEADER |    00000008  l__HEADER
     0000000B  l__INITIA |    0000000B  l__INITIA |    0000000C  l__GSINIT
     00000030  l__HEADER |    0000004F  l__HEADER |    00000079  l__DATA  
     00000082  l__HEADER |    000000BC  l__CODE_1 |    0000017B  l__HOME  
     00000200  s__CODE   |    00001192  l__CODE   |    00001392  s__HOME  
     0000150D  s__BASE   |    0000150D  s__CODE_0 |    0000150D  s__INITIA
     0000150D  s__LIT    |    00001518  s__GSINIT |    00001524  s__GSFINA
     00002000  _rROMB0   |    00003000  _rROMB1   |    00004000  _rRAMB   
     00008000  __VRAM    |    00008000  __VRAM800 |    00008800  __VRAM880
     00009000  __VRAM900 |    00009800  __SCRN0   |    00009C00  __SCRN1  
     0000A000  __SRAM    |    0000C000  __RAM     |    0000C000  _shadow_O
     0000C0A0  s__DATA   |    0000C119  s__BSS    |    0000C119  s__INITIA
     0000C124  s__HEAP   |    0000D000  __RAMBANK |    0000E000  .STACK   
     0000FE00  __OAMRAM  |    0000FF00  _P1_REG   |    0000FF00  __IO     
     0000FF01  _SB_REG   |    0000FF02  _SC_REG   |    0000FF04  _DIV_REG 
     0000FF05  _TIMA_REG |    0000FF06  _TMA_REG  |    0000FF07  _TAC_REG 
     0000FF0F  _IF_REG   |    0000FF10  _NR10_REG |    0000FF11  _NR11_REG
     0000FF12  _NR12_REG |    0000FF13  _NR13_REG |    0000FF14  _NR14_REG
     0000FF16  _NR21_REG |    0000FF17  _NR22_REG |    0000FF18  _NR23_REG
     0000FF19  _NR24_REG |    0000FF1A  _NR30_REG |    0000FF1B  _NR31_REG
     0000FF1C  _NR32_REG |    0000FF1D  _NR33_REG |    0000FF1E  _NR34_REG
     0000FF20  _NR41_REG |    0000FF21  _NR42_REG |    0000FF22  _NR43_REG
     0000FF23  _NR44_REG |    0000FF24  _NR50_REG |    0000FF25  _NR51_REG
     0000FF26  _NR52_REG |    0000FF30  _PCM_SAMP |    0000FF30  __AUD3WAV
     0000FF40  _LCDC_REG |    0000FF41  _STAT_REG |    0000FF42  _SCY_REG 
     0000FF43  _SCX_REG  |    0000FF44  _LY_REG   |    0000FF45  _LYC_REG 
     0000FF46  _DMA_REG  |    0000FF47  _BGP_REG  |    0000FF48  _OBP0_REG
     0000FF49  _OBP1_REG |    0000FF4A  _WY_REG   |    0000FF4B  _WX_REG  
     0000FF4D  _KEY1_REG |    0000FF4F  _VBK_REG  |    0000FF51  _HDMA1_RE
     0000FF52  _HDMA2_RE |    0000FF53  _HDMA3_RE |    0000FF54  _HDMA4_RE
     0000FF55  _HDMA5_RE |    0000FF56  _RP_REG   |    0000FF68  _BCPS_REG
     0000FF69  _BCPD_REG |    0000FF6A  _OCPS_REG |    0000FF6B  _OCPD_REG
     0000FF70  _SVBK_REG |    0000FF76  _PCM12_RE |    0000FF77  _PCM34_RE
ASxxxx Linker V03.00 + NoICE + sdld,  page 2.
Hexadecimal  [32-Bits]

Area                       Addr        Size        Decimal Bytes (Attributes)
--------------------       ----        ----        ------- ----- ------------
.  .ABS.               00000000    00000000 =           0. bytes (ABS,CON)

        Value  Global            Value  Global            Value  Global    
        -----  ------            -----  ------            -----  ------    
     0000FF80  .refresh_ |    0000FF80  __HRAM    |    0000FFFF  _IE_REG  
     00014000  s__CODE_1
ASxxxx Linker V03.00 + NoICE + sdld,  page 3.
Hexadecimal  [32-Bits]

Area                       Addr        Size        Decimal Bytes (Attributes)
--------------------       ----        ----        ------- ----- ------------
_CODE                  00000200    00001192 =        4498. bytes (REL,CON)

        Value  Global            Value  Global            Value  Global    
        -----  ------            -----  ------            -----  ------    
     00000200  _hUGE_ini |    00000204  _hUGE_ini |    0000020F  _hUGE_mut
     00000213  _hUGE_mut |    00000220  hUGE_mute |    0000023A  hUGE_init
     00000676  _hUGE_dos |    00000676  _hUGE_dos |    00000999  A$lcc8756
     00000999  C$main.c$ |    00000999  C$main.c$ |    00000999  G$update_
     00000999  _update_b |    0000099B  A$lcc8756 |    0000099C  A$lcc8756
     0000099E  A$lcc8756 |    0000099F  A$lcc8756 |    000009A0  A$lcc8756
     000009A1  A$lcc8756 |    000009A2  A$lcc8756 |    000009A5  A$lcc8756
     000009A6  A$lcc8756 |    000009A7  A$lcc8756 |    000009A8  A$lcc8756
     000009A8  C$main.c$ |    000009AA  A$lcc8756 |    000009AB  A$lcc8756
     000009AD  A$lcc8756 |    000009B0  A$lcc8756 |    000009B1  A$lcc8756
     000009B2  A$lcc8756 |    000009B3  A$lcc8756 |    000009B3  C$main.c$
     000009B3  XG$update |    000009B4  A$lcc8756 |    000009B4  C$main.c$
     000009B4  C$main.c$ |    000009B4  G$update_ |    000009B4  _update_b
     000009B6  A$lcc8756 |    000009B7  A$lcc8756 |    000009B9  A$lcc8756
     000009BA  A$lcc8756 |    000009BB  A$lcc8756 |    000009BC  A$lcc8756
     000009BD  A$lcc8756 |    000009C0  A$lcc8756 |    000009C1  A$lcc8756
     000009C2  A$lcc8756 |    000009C3  A$lcc8756 |    000009C3  C$main.c$
     000009C5  A$lcc8756 |    000009C6  A$lcc8756 |    000009C8  A$lcc8756
     000009CB  A$lcc8756 |    000009CC  A$lcc8756 |    000009CD  A$lcc8756
     000009CE  A$lcc8756 |    000009CE  C$main.c$ |    000009CE  XG$update
     000009CF  A$lcc8756 |    000009CF  C$main.c$ |    000009CF  G$collide
     000009CF  _collide_ |    000009D1  A$lcc8756 |    000009D1  C$main.c$
     000009D2  A$lcc8756 |    000009D4  A$lcc8756 |    000009D5  A$lcc8756
     000009D6  A$lcc8756 |    000009D6  C$main.c$ |    000009D8  A$lcc8756
     000009D9  A$lcc8756 |    000009DB  A$lcc8756 |    000009DE  A$lcc8756
     000009DF  A$lcc8756 |    000009E0  A$lcc8756 |    000009E1  A$lcc8756
     000009E3  A$lcc8756 |    000009E4  A$lcc8756 |    000009E5  A$lcc8756
     000009E6  A$lcc8756 |    000009E8  A$lcc8756 |    000009E9  A$lcc8756
     000009E9  C$main.c$ |    000009EB  A$lcc8756 |    000009EC  A$lcc8756
     000009EE  A$lcc8756 |    000009F1  A$lcc8756 |    000009F2  A$lcc8756
     000009F3  A$lcc8756 |    000009F4  A$lcc8756 |    000009F6  A$lcc8756
     000009F7  A$lcc8756 |    000009F8  A$lcc8756 |    000009F9  A$lcc8756
     000009FB  A$lcc8756 |    000009FC  A$lcc8756 |    000009FC  C$main.c$
     000009FE  A$lcc8756 |    000009FF  A$lcc8756 |    00000A00  A$lcc8756
     00000A01  A$lcc8756 |    00000A03  A$lcc8756 |    00000A05  A$lcc8756
     00000A06  A$lcc8756 |    00000A07  A$lcc8756 |    00000A08  A$lcc8756
     00000A09  A$lcc8756 |    00000A0C  A$lcc8756 |    00000A0D  A$lcc8756
     00000A0E  A$lcc8756 |    00000A0F  A$lcc8756 |    00000A11  A$lcc8756
     00000A13  A$lcc8756 |    00000A15  A$lcc8756 |    00000A17  A$lcc8756
     00000A19  A$lcc8756 |    00000A1B  A$lcc8756 |    00000A1B  C$main.c$
     00000A1D  A$lcc8756 |    00000A1E  A$lcc8756 |    00000A1F  A$lcc8756
     00000A20  A$lcc8756 |    00000A21  A$lcc8756 |    00000A22  A$lcc8756
     00000A23  A$lcc8756 |    00000A24  A$lcc8756 |    00000A26  A$lcc8756
     00000A28  A$lcc8756 |    00000A29  A$lcc8756 |    00000A2A  A$lcc8756
     00000A2B  A$lcc8756 |    00000A2C  A$lcc8756 |    00000A2F  A$lcc8756
     00000A30  A$lcc8756 |    00000A31  A$lcc8756 |    00000A32  A$lcc8756
     00000A34  A$lcc8756 |    00000A35  A$lcc8756 |    00000A36  A$lcc8756
     00000A37  A$lcc8756 |    00000A39  A$lcc8756 |    00000A3A  A$lcc8756
     00000A3C  A$lcc8756 |    00000A3D  A$lcc8756 |    00000A3E  A$lcc8756
     00000A3F  A$lcc8756 |    00000A41  A$lcc8756 |    00000A43  A$lcc8756
ASxxxx Linker V03.00 + NoICE + sdld,  page 4.
Hexadecimal  [32-Bits]

Area                       Addr        Size        Decimal Bytes (Attributes)
--------------------       ----        ----        ------- ----- ------------
_CODE                  00000200    00001192 =        4498. bytes (REL,CON)

        Value  Global            Value  Global            Value  Global    
        -----  ------            -----  ------            -----  ------    
     00000A45  A$lcc8756 |    00000A47  A$lcc8756 |    00000A49  A$lcc8756
     00000A4B  A$lcc8756 |    00000A4B  C$main.c$ |    00000A4D  A$lcc8756
     00000A4E  A$lcc8756 |    00000A4F  A$lcc8756 |    00000A50  A$lcc8756
     00000A51  A$lcc8756 |    00000A52  A$lcc8756 |    00000A54  A$lcc8756
     00000A55  A$lcc8756 |    00000A55  C$main.c$ |    00000A57  A$lcc8756
     00000A58  A$lcc8756 |    00000A59  A$lcc8756 |    00000A5A  A$lcc8756
     00000A5B  A$lcc8756 |    00000A5C  A$lcc8756 |    00000A5D  A$lcc8756
     00000A5E  A$lcc8756 |    00000A5F  A$lcc8756 |    00000A62  A$lcc8756
     00000A63  A$lcc8756 |    00000A64  A$lcc8756 |    00000A66  A$lcc8756
     00000A69  A$lcc8756 |    00000A69  C$main.c$ |    00000A6B  A$lcc8756
     00000A6C  A$lcc8756 |    00000A6D  A$lcc8756 |    00000A6E  A$lcc8756
     00000A6F  A$lcc8756 |    00000A72  A$lcc8756 |    00000A73  A$lcc8756
     00000A76  A$lcc8756 |    00000A77  A$lcc8756 |    00000A78  A$lcc8756
     00000A79  A$lcc8756 |    00000A7A  A$lcc8756 |    00000A7C  A$lcc8756
     00000A7E  A$lcc8756 |    00000A7F  A$lcc8756 |    00000A80  A$lcc8756
     00000A81  A$lcc8756 |    00000A82  A$lcc8756 |    00000A85  A$lcc8756
     00000A86  A$lcc8756 |    00000A89  A$lcc8756 |    00000A8A  A$lcc8756
     00000A8B  A$lcc8756 |    00000A8C  A$lcc8756 |    00000A8E  A$lcc8756
     00000A8E  C$main.c$ |    00000A8F  A$lcc8756 |    00000A90  A$lcc8756
     00000A91  A$lcc8756 |    00000A93  A$lcc8756 |    00000A93  C$main.c$
     00000A95  A$lcc8756 |    00000A96  A$lcc8756 |    00000A97  A$lcc8756
     00000A98  A$lcc8756 |    00000A99  A$lcc8756 |    00000A9C  A$lcc8756
     00000A9D  A$lcc8756 |    00000AA0  A$lcc8756 |    00000AA1  A$lcc8756
     00000AA2  A$lcc8756 |    00000AA3  A$lcc8756 |    00000AA4  A$lcc8756
     00000AA6  A$lcc8756 |    00000AA8  A$lcc8756 |    00000AA9  A$lcc8756
     00000AAA  A$lcc8756 |    00000AAB  A$lcc8756 |    00000AAC  A$lcc8756
     00000AAF  A$lcc8756 |    00000AB0  A$lcc8756 |    00000AB3  A$lcc8756
     00000AB4  A$lcc8756 |    00000AB5  A$lcc8756 |    00000AB6  A$lcc8756
     00000AB8  A$lcc8756 |    00000AB8  C$main.c$ |    00000AB9  A$lcc8756
     00000ABA  A$lcc8756 |    00000ABB  A$lcc8756 |    00000ABB  C$main.c$
     00000ABD  A$lcc8756 |    00000ABE  A$lcc8756 |    00000ABF  A$lcc8756
     00000AC0  A$lcc8756 |    00000AC1  A$lcc8756 |    00000AC4  A$lcc8756
     00000AC5  A$lcc8756 |    00000AC7  A$lcc8756 |    00000AC8  A$lcc8756
     00000AC9  A$lcc8756 |    00000ACA  A$lcc8756 |    00000ACB  A$lcc8756
     00000ACD  A$lcc8756 |    00000ACE  A$lcc8756 |    00000AD0  A$lcc8756
     00000AD1  A$lcc8756 |    00000AD3  A$lcc8756 |    00000AD3  C$main.c$
     00000AD5  A$lcc8756 |    00000AD6  A$lcc8756 |    00000AD7  A$lcc8756
     00000AD9  A$lcc8756 |    00000ADA  A$lcc8756 |    00000ADB  A$lcc8756
     00000ADC  A$lcc8756 |    00000ADF  A$lcc8756 |    00000AE0  A$lcc8756
     00000AE1  A$lcc8756 |    00000AE2  A$lcc8756 |    00000AE4  A$lcc8756
     00000AE5  A$lcc8756 |    00000AE6  A$lcc8756 |    00000AE7  A$lcc8756
     00000AE9  A$lcc8756 |    00000AEA  A$lcc8756 |    00000AEA  C$main.c$
     00000AEB  A$lcc8756 |    00000AEC  A$lcc8756 |    00000AEF  A$lcc8756
     00000AF0  A$lcc8756 |    00000AF1  A$lcc8756 |    00000AF2  A$lcc8756
     00000AF4  A$lcc8756 |    00000AF5  A$lcc8756 |    00000AF6  A$lcc8756
     00000AF7  A$lcc8756 |    00000AF9  A$lcc8756 |    00000AFA  A$lcc8756
     00000AFA  C$main.c$ |    00000AFB  A$lcc8756 |    00000AFC  A$lcc8756
     00000AFF  A$lcc8756 |    00000B00  A$lcc8756 |    00000B01  A$lcc8756
     00000B02  A$lcc8756 |    00000B04  A$lcc8756 |    00000B05  A$lcc8756
     00000B06  A$lcc8756 |    00000B07  A$lcc8756 |    00000B09  A$lcc8756
     00000B0A  A$lcc8756 |    00000B0A  C$main.c$ |    00000B0C  A$lcc8756
ASxxxx Linker V03.00 + NoICE + sdld,  page 5.
Hexadecimal  [32-Bits]

Area                       Addr        Size        Decimal Bytes (Attributes)
--------------------       ----        ----        ------- ----- ------------
_CODE                  00000200    00001192 =        4498. bytes (REL,CON)

        Value  Global            Value  Global            Value  Global    
        -----  ------            -----  ------            -----  ------    
     00000B0D  A$lcc8756 |    00000B0E  A$lcc8756 |    00000B0F  A$lcc8756
     00000B10  A$lcc8756 |    00000B11  A$lcc8756 |    00000B12  A$lcc8756
     00000B13  A$lcc8756 |    00000B14  A$lcc8756 |    00000B16  A$lcc8756
     00000B17  A$lcc8756 |    00000B18  A$lcc8756 |    00000B1A  A$lcc8756
     00000B1B  A$lcc8756 |    00000B1C  A$lcc8756 |    00000B1F  A$lcc8756
     00000B21  A$lcc8756 |    00000B22  A$lcc8756 |    00000B24  A$lcc8756
     00000B25  A$lcc8756 |    00000B27  A$lcc8756 |    00000B28  A$lcc8756
     00000B2A  A$lcc8756 |    00000B2C  A$lcc8756 |    00000B2E  A$lcc8756
     00000B30  A$lcc8756 |    00000B32  A$lcc8756 |    00000B33  A$lcc8756
     00000B35  A$lcc8756 |    00000B37  A$lcc8756 |    00000B39  A$lcc8756
     00000B3A  A$lcc8756 |    00000B3D  A$lcc8756 |    00000B3D  C$main.c$
     00000B3F  A$lcc8756 |    00000B40  A$lcc8756 |    00000B41  A$lcc8756
     00000B42  A$lcc8756 |    00000B44  A$lcc8756 |    00000B45  A$lcc8756
     00000B46  A$lcc8756 |    00000B47  A$lcc8756 |    00000B4A  A$lcc8756
     00000B4B  A$lcc8756 |    00000B4C  A$lcc8756 |    00000B4E  A$lcc8756
     00000B4F  A$lcc8756 |    00000B50  A$lcc8756 |    00000B51  A$lcc8756
     00000B52  A$lcc8756 |    00000B53  A$lcc8756 |    00000B54  A$lcc8756
     00000B55  A$lcc8756 |    00000B57  A$lcc8756 |    00000B57  C$main.c$
     00000B58  A$lcc8756 |    00000B59  A$lcc8756 |    00000B5A  A$lcc8756
     00000B5B  A$lcc8756 |    00000B5C  A$lcc8756 |    00000B5E  A$lcc8756
     00000B5F  A$lcc8756 |    00000B60  A$lcc8756 |    00000B61  A$lcc8756
     00000B63  A$lcc8756 |    00000B64  A$lcc8756 |    00000B65  A$lcc8756
     00000B66  A$lcc8756 |    00000B68  A$lcc8756 |    00000B69  A$lcc8756
     00000B6A  A$lcc8756 |    00000B6B  A$lcc8756 |    00000B6E  A$lcc8756
     00000B70  A$lcc8756 |    00000B72  A$lcc8756 |    00000B72  C$main.c$
     00000B74  A$lcc8756 |    00000B75  A$lcc8756 |    00000B76  A$lcc8756
     00000B77  A$lcc8756 |    00000B79  A$lcc8756 |    00000B7A  A$lcc8756
     00000B7B  A$lcc8756 |    00000B7C  A$lcc8756 |    00000B7F  A$lcc8756
     00000B80  A$lcc8756 |    00000B81  A$lcc8756 |    00000B83  A$lcc8756
     00000B84  A$lcc8756 |    00000B85  A$lcc8756 |    00000B86  A$lcc8756
     00000B87  A$lcc8756 |    00000B88  A$lcc8756 |    00000B8A  A$lcc8756
     00000B8C  A$lcc8756 |    00000B8D  A$lcc8756 |    00000B8E  A$lcc8756
     00000B8F  A$lcc8756 |    00000B91  A$lcc8756 |    00000B92  A$lcc8756
     00000B93  A$lcc8756 |    00000B94  A$lcc8756 |    00000B97  A$lcc8756
     00000B98  A$lcc8756 |    00000B99  A$lcc8756 |    00000B9B  A$lcc8756
     00000B9C  A$lcc8756 |    00000B9D  A$lcc8756 |    00000B9E  A$lcc8756
     00000B9F  A$lcc8756 |    00000BA0  A$lcc8756 |    00000BA2  A$lcc8756
     00000BA2  C$main.c$ |    00000BA3  A$lcc8756 |    00000BA4  A$lcc8756
     00000BA5  A$lcc8756 |    00000BA7  A$lcc8756 |    00000BA8  A$lcc8756
     00000BA9  A$lcc8756 |    00000BAA  A$lcc8756 |    00000BAC  A$lcc8756
     00000BAD  A$lcc8756 |    00000BAE  A$lcc8756 |    00000BAF  A$lcc8756
     00000BB2  A$lcc8756 |    00000BB4  A$lcc8756 |    00000BB4  C$main.c$
     00000BB5  A$lcc8756 |    00000BB6  A$lcc8756 |    00000BB7  A$lcc8756
     00000BB9  A$lcc8756 |    00000BBA  A$lcc8756 |    00000BBB  A$lcc8756
     00000BBC  A$lcc8756 |    00000BBD  A$lcc8756 |    00000BC0  A$lcc8756
     00000BC2  A$lcc8756 |    00000BC2  C$main.c$ |    00000BC4  A$lcc8756
     00000BC7  A$lcc8756 |    00000BC7  C$main.c$ |    00000BC9  A$lcc8756
     00000BCA  A$lcc8756 |    00000BCB  A$lcc8756 |    00000BCC  A$lcc8756
     00000BCD  A$lcc8756 |    00000BD0  A$lcc8756 |    00000BD1  A$lcc8756
     00000BD3  A$lcc8756 |    00000BD4  A$lcc8756 |    00000BD6  A$lcc8756
     00000BD7  A$lcc8756 |    00000BD8  A$lcc8756 |    00000BD9  A$lcc8756
ASxxxx Linker V03.00 + NoICE + sdld,  page 6.
Hexadecimal  [32-Bits]

Area                       Addr        Size        Decimal Bytes (Attributes)
--------------------       ----        ----        ------- ----- ------------
_CODE                  00000200    00001192 =        4498. bytes (REL,CON)

        Value  Global            Value  Global            Value  Global    
        -----  ------            -----  ------            -----  ------    
     00000BDA  A$lcc8756 |    00000BDB  A$lcc8756 |    00000BDB  C$main.c$
     00000BDD  A$lcc8756 |    00000BDE  A$lcc8756 |    00000BDF  A$lcc8756
     00000BE1  A$lcc8756 |    00000BE2  A$lcc8756 |    00000BE2  C$main.c$
     00000BE4  A$lcc8756 |    00000BE6  A$lcc8756 |    00000BE7  A$lcc8756
     00000BE8  A$lcc8756 |    00000BEA  A$lcc8756 |    00000BEB  A$lcc8756
     00000BED  A$lcc8756 |    00000BEE  A$lcc8756 |    00000BF0  A$lcc8756
     00000BF2  A$lcc8756 |    00000BF4  A$lcc8756 |    00000BF6  A$lcc8756
     00000BF7  A$lcc8756 |    00000BF9  A$lcc8756 |    00000BFB  A$lcc8756
     00000BFD  A$lcc8756 |    00000BFE  A$lcc8756 |    00000C00  A$lcc8756
     00000C01  A$lcc8756 |    00000C02  A$lcc8756 |    00000C04  A$lcc8756
     00000C05  A$lcc8756 |    00000C06  A$lcc8756 |    00000C08  A$lcc8756
     00000C0A  A$lcc8756 |    00000C0C  A$lcc8756 |    00000C0C  C$main.c$
     00000C0D  A$lcc8756 |    00000C0E  A$lcc8756 |    00000C0F  A$lcc8756
     00000C11  A$lcc8756 |    00000C12  A$lcc8756 |    00000C13  A$lcc8756
     00000C14  A$lcc8756 |    00000C16  A$lcc8756 |    00000C17  A$lcc8756
     00000C18  A$lcc8756 |    00000C19  A$lcc8756 |    00000C1C  A$lcc8756
     00000C1E  A$lcc8756 |    00000C1E  C$main.c$ |    00000C20  A$lcc8756
     00000C21  A$lcc8756 |    00000C22  A$lcc8756 |    00000C23  A$lcc8756
     00000C24  A$lcc8756 |    00000C25  A$lcc8756 |    00000C26  A$lcc8756
     00000C28  A$lcc8756 |    00000C29  A$lcc8756 |    00000C2A  A$lcc8756
     00000C2B  A$lcc8756 |    00000C2C  A$lcc8756 |    00000C2F  A$lcc8756
     00000C31  A$lcc8756 |    00000C31  C$main.c$ |    00000C33  A$lcc8756
     00000C36  A$lcc8756 |    00000C36  C$main.c$ |    00000C38  A$lcc8756
     00000C39  A$lcc8756 |    00000C3A  A$lcc8756 |    00000C3B  A$lcc8756
     00000C3C  A$lcc8756 |    00000C3F  A$lcc8756 |    00000C40  A$lcc8756
     00000C41  A$lcc8756 |    00000C43  A$lcc8756 |    00000C44  A$lcc8756
     00000C45  A$lcc8756 |    00000C46  A$lcc8756 |    00000C47  A$lcc8756
     00000C48  A$lcc8756 |    00000C49  A$lcc8756 |    00000C4A  A$lcc8756
     00000C4C  A$lcc8756 |    00000C4E  A$lcc8756 |    00000C50  A$lcc8756
     00000C50  C$main.c$ |    00000C51  A$lcc8756 |    00000C52  A$lcc8756
     00000C53  A$lcc8756 |    00000C55  A$lcc8756 |    00000C56  A$lcc8756
     00000C57  A$lcc8756 |    00000C58  A$lcc8756 |    00000C5A  A$lcc8756
     00000C5B  A$lcc8756 |    00000C5C  A$lcc8756 |    00000C5D  A$lcc8756
     00000C60  A$lcc8756 |    00000C62  A$lcc8756 |    00000C62  C$main.c$
     00000C63  A$lcc8756 |    00000C64  A$lcc8756 |    00000C65  A$lcc8756
     00000C67  A$lcc8756 |    00000C68  A$lcc8756 |    00000C69  A$lcc8756
     00000C6A  A$lcc8756 |    00000C6B  A$lcc8756 |    00000C6E  A$lcc8756
     00000C70  A$lcc8756 |    00000C70  C$main.c$ |    00000C72  A$lcc8756
     00000C75  A$lcc8756 |    00000C75  C$main.c$ |    00000C77  A$lcc8756
     00000C78  A$lcc8756 |    00000C79  A$lcc8756 |    00000C7A  A$lcc8756
     00000C7B  A$lcc8756 |    00000C7E  A$lcc8756 |    00000C7F  A$lcc8756
     00000C81  A$lcc8756 |    00000C82  A$lcc8756 |    00000C84  A$lcc8756
     00000C85  A$lcc8756 |    00000C86  A$lcc8756 |    00000C87  A$lcc8756
     00000C88  A$lcc8756 |    00000C89  A$lcc8756 |    00000C8B  A$lcc8756
     00000C8C  A$lcc8756 |    00000C8E  A$lcc8756 |    00000C8F  A$lcc8756
     00000C91  A$lcc8756 |    00000C92  A$lcc8756 |    00000C94  A$lcc8756
     00000C96  A$lcc8756 |    00000C98  A$lcc8756 |    00000C9A  A$lcc8756
     00000C9C  A$lcc8756 |    00000C9D  A$lcc8756 |    00000C9F  A$lcc8756
     00000CA1  A$lcc8756 |    00000CA3  A$lcc8756 |    00000CA4  A$lcc8756
     00000CA6  A$lcc8756 |    00000CA7  A$lcc8756 |    00000CA8  A$lcc8756
     00000CAA  A$lcc8756 |    00000CAB  A$lcc8756 |    00000CAC  A$lcc8756
ASxxxx Linker V03.00 + NoICE + sdld,  page 7.
Hexadecimal  [32-Bits]

Area                       Addr        Size        Decimal Bytes (Attributes)
--------------------       ----        ----        ------- ----- ------------
_CODE                  00000200    00001192 =        4498. bytes (REL,CON)

        Value  Global            Value  Global            Value  Global    
        -----  ------            -----  ------            -----  ------    
     00000CAE  A$lcc8756 |    00000CB0  A$lcc8756 |    00000CB2  A$lcc8756
     00000CB2  C$main.c$ |    00000CB3  A$lcc8756 |    00000CB4  A$lcc8756
     00000CB5  A$lcc8756 |    00000CB7  A$lcc8756 |    00000CB8  A$lcc8756
     00000CB9  A$lcc8756 |    00000CBA  A$lcc8756 |    00000CBC  A$lcc8756
     00000CBD  A$lcc8756 |    00000CBE  A$lcc8756 |    00000CBF  A$lcc8756
     00000CC2  A$lcc8756 |    00000CC4  A$lcc8756 |    00000CC4  C$main.c$
     00000CC6  A$lcc8756 |    00000CC7  A$lcc8756 |    00000CC8  A$lcc8756
     00000CC9  A$lcc8756 |    00000CCA  A$lcc8756 |    00000CCB  A$lcc8756
     00000CCC  A$lcc8756 |    00000CCE  A$lcc8756 |    00000CCF  A$lcc8756
     00000CD0  A$lcc8756 |    00000CD1  A$lcc8756 |    00000CD2  A$lcc8756
     00000CD5  A$lcc8756 |    00000CD7  A$lcc8756 |    00000CD7  C$main.c$
     00000CD9  A$lcc8756 |    00000CDC  A$lcc8756 |    00000CDC  C$main.c$
     00000CDE  A$lcc8756 |    00000CDF  A$lcc8756 |    00000CE0  A$lcc8756
     00000CE1  A$lcc8756 |    00000CE2  A$lcc8756 |    00000CE5  A$lcc8756
     00000CE6  A$lcc8756 |    00000CE7  A$lcc8756 |    00000CE9  A$lcc8756
     00000CEA  A$lcc8756 |    00000CEB  A$lcc8756 |    00000CEC  A$lcc8756
     00000CED  A$lcc8756 |    00000CEE  A$lcc8756 |    00000CEF  A$lcc8756
     00000CF0  A$lcc8756 |    00000CF2  A$lcc8756 |    00000CF4  A$lcc8756
     00000CF6  A$lcc8756 |    00000CF6  C$main.c$ |    00000CF7  A$lcc8756
     00000CF8  A$lcc8756 |    00000CF9  A$lcc8756 |    00000CFB  A$lcc8756
     00000CFC  A$lcc8756 |    00000CFD  A$lcc8756 |    00000CFE  A$lcc8756
     00000D00  A$lcc8756 |    00000D01  A$lcc8756 |    00000D02  A$lcc8756
     00000D03  A$lcc8756 |    00000D06  A$lcc8756 |    00000D08  A$lcc8756
     00000D08  C$main.c$ |    00000D09  A$lcc8756 |    00000D0A  A$lcc8756
     00000D0B  A$lcc8756 |    00000D0D  A$lcc8756 |    00000D0E  A$lcc8756
     00000D0F  A$lcc8756 |    00000D10  A$lcc8756 |    00000D11  A$lcc8756
     00000D14  A$lcc8756 |    00000D16  A$lcc8756 |    00000D16  C$main.c$
     00000D18  A$lcc8756 |    00000D1B  A$lcc8756 |    00000D1B  C$main.c$
     00000D1D  A$lcc8756 |    00000D1E  A$lcc8756 |    00000D1F  A$lcc8756
     00000D20  A$lcc8756 |    00000D21  A$lcc8756 |    00000D24  A$lcc8756
     00000D25  A$lcc8756 |    00000D26  A$lcc8756 |    00000D27  A$lcc8756
     00000D28  A$lcc8756 |    00000D29  A$lcc8756 |    00000D2A  A$lcc8756
     00000D2B  A$lcc8756 |    00000D2E  A$lcc8756 |    00000D30  A$lcc8756
     00000D32  A$lcc8756 |    00000D33  A$lcc8756 |    00000D34  A$lcc8756
     00000D36  A$lcc8756 |    00000D37  A$lcc8756 |    00000D39  A$lcc8756
     00000D3A  A$lcc8756 |    00000D3C  A$lcc8756 |    00000D3E  A$lcc8756
     00000D40  A$lcc8756 |    00000D42  A$lcc8756 |    00000D43  A$lcc8756
     00000D45  A$lcc8756 |    00000D47  A$lcc8756 |    00000D49  A$lcc8756
     00000D4A  A$lcc8756 |    00000D4C  A$lcc8756 |    00000D4C  C$main.c$
     00000D4E  A$lcc8756 |    00000D4F  A$lcc8756 |    00000D50  A$lcc8756
     00000D51  A$lcc8756 |    00000D53  A$lcc8756 |    00000D54  A$lcc8756
     00000D55  A$lcc8756 |    00000D56  A$lcc8756 |    00000D59  A$lcc8756
     00000D5A  A$lcc8756 |    00000D5C  A$lcc8756 |    00000D5D  A$lcc8756
     00000D5F  A$lcc8756 |    00000D60  A$lcc8756 |    00000D61  A$lcc8756
     00000D62  A$lcc8756 |    00000D63  A$lcc8756 |    00000D65  A$lcc8756
     00000D66  A$lcc8756 |    00000D67  A$lcc8756 |    00000D68  A$lcc8756
     00000D6A  A$lcc8756 |    00000D6A  C$main.c$ |    00000D6C  A$lcc8756
     00000D6D  A$lcc8756 |    00000D6E  A$lcc8756 |    00000D6F  A$lcc8756
     00000D70  A$lcc8756 |    00000D71  A$lcc8756 |    00000D72  A$lcc8756
     00000D74  A$lcc8756 |    00000D75  A$lcc8756 |    00000D76  A$lcc8756
     00000D77  A$lcc8756 |    00000D79  A$lcc8756 |    00000D7A  A$lcc8756
ASxxxx Linker V03.00 + NoICE + sdld,  page 8.
Hexadecimal  [32-Bits]

Area                       Addr        Size        Decimal Bytes (Attributes)
--------------------       ----        ----        ------- ----- ------------
_CODE                  00000200    00001192 =        4498. bytes (REL,CON)

        Value  Global            Value  Global            Value  Global    
        -----  ------            -----  ------            -----  ------    
     00000D7B  A$lcc8756 |    00000D7C  A$lcc8756 |    00000D7F  A$lcc8756
     00000D81  A$lcc8756 |    00000D83  A$lcc8756 |    00000D83  C$main.c$
     00000D85  A$lcc8756 |    00000D86  A$lcc8756 |    00000D87  A$lcc8756
     00000D88  A$lcc8756 |    00000D8A  A$lcc8756 |    00000D8B  A$lcc8756
     00000D8C  A$lcc8756 |    00000D8D  A$lcc8756 |    00000D90  A$lcc8756
     00000D91  A$lcc8756 |    00000D93  A$lcc8756 |    00000D94  A$lcc8756
     00000D96  A$lcc8756 |    00000D97  A$lcc8756 |    00000D98  A$lcc8756
     00000D99  A$lcc8756 |    00000D9A  A$lcc8756 |    00000D9B  A$lcc8756
     00000D9D  A$lcc8756 |    00000D9E  A$lcc8756 |    00000D9F  A$lcc8756
     00000DA1  A$lcc8756 |    00000DA1  C$main.c$ |    00000DA2  A$lcc8756
     00000DA3  A$lcc8756 |    00000DA4  A$lcc8756 |    00000DA6  A$lcc8756
     00000DA7  A$lcc8756 |    00000DA8  A$lcc8756 |    00000DA9  A$lcc8756
     00000DAB  A$lcc8756 |    00000DAC  A$lcc8756 |    00000DAD  A$lcc8756
     00000DAE  A$lcc8756 |    00000DB1  A$lcc8756 |    00000DB3  A$lcc8756
     00000DB3  C$main.c$ |    00000DB4  A$lcc8756 |    00000DB5  A$lcc8756
     00000DB6  A$lcc8756 |    00000DB8  A$lcc8756 |    00000DB9  A$lcc8756
     00000DBA  A$lcc8756 |    00000DBB  A$lcc8756 |    00000DBC  A$lcc8756
     00000DBF  A$lcc8756 |    00000DC1  A$lcc8756 |    00000DC1  C$main.c$
     00000DC3  A$lcc8756 |    00000DC5  A$lcc8756 |    00000DC5  C$main.c$
     00000DC7  A$lcc8756 |    00000DC9  A$lcc8756 |    00000DC9  C$main.c$
     00000DC9  XG$collid |    00000DCA  A$lcc8756 |    00000DCA  C$main.c$
     00000DCA  C$main.c$ |    00000DCA  G$main$0$ |    00000DCA  _main    
     00000DCB  A$lcc8756 |    00000DCD  A$lcc8756 |    00000DCD  C$main.c$
     00000DCF  A$lcc8756 |    00000DD1  A$lcc8756 |    00000DD1  C$main.c$
     00000DD3  A$lcc8756 |    00000DD5  A$lcc8756 |    00000DD7  A$lcc8756
     00000DD7  C$main.c$ |    00000DD9  A$lcc8756 |    00000DDB  A$lcc8756
     00000DDD  A$lcc8756 |    00000DDD  C$main.c$ |    00000DDF  A$lcc8756
     00000DE1  A$lcc8756 |    00000DE3  A$lcc8756 |    00000DE3  C$main.c$
     00000DE5  A$lcc8756 |    00000DE7  A$lcc8756 |    00000DE9  A$lcc8756
     00000DE9  C$main.c$ |    00000DEC  A$lcc8756 |    00000DED  A$lcc8756
     00000DF0  A$lcc8756 |    00000DF1  A$lcc8756 |    00000DF4  A$lcc8756
     00000DF6  A$lcc8756 |    00000DF6  C$main.c$ |    00000DF9  A$lcc8756
     00000DFA  A$lcc8756 |    00000DFD  A$lcc8756 |    00000DFE  A$lcc8756
     00000E01  A$lcc8756 |    00000E03  A$lcc8756 |    00000E03  C$main.c$
     00000E06  A$lcc8756 |    00000E07  A$lcc8756 |    00000E0A  A$lcc8756
     00000E0B  A$lcc8756 |    00000E0E  A$lcc8756 |    00000E10  A$lcc8756
     00000E10  C$main.c$ |    00000E13  A$lcc8756 |    00000E14  A$lcc8756
     00000E17  A$lcc8756 |    00000E18  A$lcc8756 |    00000E19  A$lcc8756
     00000E1A  A$lcc8756 |    00000E1B  A$lcc8756 |    00000E1E  A$lcc8756
     00000E20  A$lcc8756 |    00000E20  C$main.c$ |    00000E23  A$lcc8756
     00000E25  A$lcc8756 |    00000E26  A$lcc8756 |    00000E28  A$lcc8756
     00000E28  C$main.c$ |    00000E2B  A$lcc8756 |    00000E2D  A$lcc8756
     00000E2E  A$lcc8756 |    00000E30  A$lcc8756 |    00000E30  C$main.c$
     00000E33  A$lcc8756 |    00000E35  A$lcc8756 |    00000E38  A$lcc8756
     00000E3A  A$lcc8756 |    00000E3D  A$lcc8756 |    00000E3E  A$lcc8756
     00000E41  A$lcc8756 |    00000E42  A$lcc8756 |    00000E45  A$lcc8756
     00000E46  A$lcc8756 |    00000E47  A$lcc8756 |    00000E48  A$lcc8756
     00000E4B  A$lcc8756 |    00000E4C  A$lcc8756 |    00000E4D  A$lcc8756
     00000E4E  A$lcc8756 |    00000E51  A$lcc8756 |    00000E53  A$lcc8756
     00000E54  A$lcc8756 |    00000E55  A$lcc8756 |    00000E56  A$lcc8756
     00000E58  A$lcc8756 |    00000E59  A$lcc8756 |    00000E5C  A$lcc8756
ASxxxx Linker V03.00 + NoICE + sdld,  page 9.
Hexadecimal  [32-Bits]

Area                       Addr        Size        Decimal Bytes (Attributes)
--------------------       ----        ----        ------- ----- ------------
_CODE                  00000200    00001192 =        4498. bytes (REL,CON)

        Value  Global            Value  Global            Value  Global    
        -----  ------            -----  ------            -----  ------    
     00000E5E  A$lcc8756 |    00000E5E  C$main.c$ |    00000E61  A$lcc8756
     00000E63  A$lcc8756 |    00000E66  A$lcc8756 |    00000E68  A$lcc8756
     00000E68  C$main.c$ |    00000E68  C$main.c$ |    00000E6B  A$lcc8756
     00000E6E  A$lcc8756 |    00000E6E  C$main.c$ |    00000E71  A$lcc8756
     00000E74  A$lcc8756 |    00000E75  A$lcc8756 |    00000E75  C$main.c$
     00000E77  A$lcc8756 |    00000E79  A$lcc8756 |    00000E79  C$main.c$
     00000E7C  A$lcc8756 |    00000E7D  A$lcc8756 |    00000E80  A$lcc8756
     00000E81  A$lcc8756 |    00000E82  A$lcc8756 |    00000E83  A$lcc8756
     00000E84  A$lcc8756 |    00000E87  A$lcc8756 |    00000E89  A$lcc8756
     00000E8C  A$lcc8756 |    00000E8D  A$lcc8756 |    00000E8F  A$lcc8756
     00000E91  A$lcc8756 |    00000E94  A$lcc8756 |    00000E95  A$lcc8756
     00000E96  A$lcc8756 |    00000E97  A$lcc8756 |    00000E97  C$main.c$
     00000E98  A$lcc8756 |    00000E99  A$lcc8756 |    00000E9A  A$lcc8756
     00000E9B  A$lcc8756 |    00000E9C  A$lcc8756 |    00000E9E  A$lcc8756
     00000EA0  A$lcc8756 |    00000EA2  A$lcc8756 |    00000EA4  A$lcc8756
     00000EA5  A$lcc8756 |    00000EA7  A$lcc8756 |    00000EA9  A$lcc8756
     00000EAB  A$lcc8756 |    00000EAC  A$lcc8756 |    00000EAE  A$lcc8756
     00000EAE  C$main.c$ |    00000EAF  A$lcc8756 |    00000EB0  A$lcc8756
     00000EB3  A$lcc8756 |    00000EB4  A$lcc8756 |    00000EB5  A$lcc8756
     00000EB6  A$lcc8756 |    00000EB8  A$lcc8756 |    00000EBA  A$lcc8756
     00000EBC  A$lcc8756 |    00000EBC  C$main.c$ |    00000EBF  A$lcc8756
     00000EC0  A$lcc8756 |    00000EC1  A$lcc8756 |    00000EC2  A$lcc8756
     00000EC2  C$main.c$ |    00000EC3  A$lcc8756 |    00000EC5  A$lcc8756
     00000EC6  A$lcc8756 |    00000EC7  A$lcc8756 |    00000EC8  A$lcc8756
     00000EC9  A$lcc8756 |    00000ECB  A$lcc8756 |    00000ECD  A$lcc8756
     00000ECD  C$main.c$ |    00000ECE  A$lcc8756 |    00000ED1  A$lcc8756
     00000ED2  A$lcc8756 |    00000ED3  A$lcc8756 |    00000ED4  A$lcc8756
     00000ED7  A$lcc8756 |    00000EDA  A$lcc8756 |    00000EDB  A$lcc8756
     00000EDB  C$main.c$ |    00000EDC  A$lcc8756 |    00000EDC  C$main.c$
     00000EDF  A$lcc8756 |    00000EE0  A$lcc8756 |    00000EE2  A$lcc8756
     00000EE3  A$lcc8756 |    00000EE5  A$lcc8756 |    00000EE6  A$lcc8756
     00000EE8  A$lcc8756 |    00000EE9  A$lcc8756 |    00000EEB  A$lcc8756
     00000EEC  A$lcc8756 |    00000EED  A$lcc8756 |    00000EEF  A$lcc8756
     00000EF0  A$lcc8756 |    00000EF1  A$lcc8756 |    00000EF3  A$lcc8756
     00000EF4  A$lcc8756 |    00000EF5  A$lcc8756 |    00000EF7  A$lcc8756
     00000EF7  C$main.c$ |    00000EFA  A$lcc8756 |    00000EFC  A$lcc8756
     00000EFC  C$main.c$ |    00000EFF  A$lcc8756 |    00000F02  A$lcc8756
     00000F03  A$lcc8756 |    00000F04  A$lcc8756 |    00000F05  A$lcc8756
     00000F06  A$lcc8756 |    00000F07  A$lcc8756 |    00000F0A  A$lcc8756
     00000F0B  A$lcc8756 |    00000F0D  A$lcc8756 |    00000F0D  C$main.c$
     00000F0E  A$lcc8756 |    00000F0F  A$lcc8756 |    00000F11  A$lcc8756
     00000F12  A$lcc8756 |    00000F13  A$lcc8756 |    00000F15  A$lcc8756
     00000F16  A$lcc8756 |    00000F17  A$lcc8756 |    00000F19  A$lcc8756
     00000F1C  A$lcc8756 |    00000F1D  A$lcc8756 |    00000F1F  A$lcc8756
     00000F1F  C$main.c$ |    00000F22  A$lcc8756 |    00000F24  A$lcc8756
     00000F24  C$main.c$ |    00000F27  A$lcc8756 |    00000F2A  A$lcc8756
     00000F2B  A$lcc8756 |    00000F2C  A$lcc8756 |    00000F2D  A$lcc8756
     00000F2E  A$lcc8756 |    00000F2F  A$lcc8756 |    00000F32  A$lcc8756
     00000F33  A$lcc8756 |    00000F33  C$main.c$ |    00000F36  A$lcc8756
     00000F37  A$lcc8756 |    00000F39  A$lcc8756 |    00000F39  C$main.c$
     00000F3C  A$lcc8756 |    00000F3D  A$lcc8756 |    00000F3E  A$lcc8756
ASxxxx Linker V03.00 + NoICE + sdld,  page 10.
Hexadecimal  [32-Bits]

Area                       Addr        Size        Decimal Bytes (Attributes)
--------------------       ----        ----        ------- ----- ------------
_CODE                  00000200    00001192 =        4498. bytes (REL,CON)

        Value  Global            Value  Global            Value  Global    
        -----  ------            -----  ------            -----  ------    
     00000F3F  A$lcc8756 |    00000F40  A$lcc8756 |    00000F42  A$lcc8756
     00000F43  A$lcc8756 |    00000F44  A$lcc8756 |    00000F46  A$lcc8756
     00000F47  A$lcc8756 |    00000F4A  A$lcc8756 |    00000F4B  A$lcc8756
     00000F4C  A$lcc8756 |    00000F4D  A$lcc8756 |    00000F4D  C$main.c$
     00000F50  A$lcc8756 |    00000F51  A$lcc8756 |    00000F52  A$lcc8756
     00000F53  A$lcc8756 |    00000F54  A$lcc8756 |    00000F57  A$lcc8756
     00000F58  A$lcc8756 |    00000F59  A$lcc8756 |    00000F5B  A$lcc8756
     00000F5B  C$main.c$ |    00000F5E  A$lcc8756 |    00000F60  A$lcc8756
     00000F63  A$lcc8756 |    00000F64  A$lcc8756 |    00000F65  A$lcc8756
     00000F66  A$lcc8756 |    00000F69  A$lcc8756 |    00000F6A  A$lcc8756
     00000F6B  A$lcc8756 |    00000F6C  A$lcc8756 |    00000F6E  A$lcc8756
     00000F6F  A$lcc8756 |    00000F70  A$lcc8756 |    00000F73  A$lcc8756
     00000F74  A$lcc8756 |    00000F74  C$main.c$ |    00000F76  A$lcc8756
     00000F79  A$lcc8756 |    00000F7A  A$lcc8756 |    00000F7D  A$lcc8756
     00000F7E  A$lcc8756 |    00000F81  A$lcc8756 |    00000F82  A$lcc8756
     00000F83  A$lcc8756 |    00000F84  A$lcc8756 |    00000F87  A$lcc8756
     00000F88  A$lcc8756 |    00000F89  A$lcc8756 |    00000F8A  A$lcc8756
     00000F8D  A$lcc8756 |    00000F8F  A$lcc8756 |    00000F90  A$lcc8756
     00000F91  A$lcc8756 |    00000F92  A$lcc8756 |    00000F94  A$lcc8756
     00000F95  A$lcc8756 |    00000F98  A$lcc8756 |    00000F9A  A$lcc8756
     00000F9A  C$main.c$ |    00000F9A  C$main.c$ |    00000F9D  A$lcc8756
     00000F9E  A$lcc8756 |    00000FA0  A$lcc8756 |    00000FA0  C$main.c$
     00000FA3  A$lcc8756 |    00000FA4  A$lcc8756 |    00000FA5  A$lcc8756
     00000FA6  A$lcc8756 |    00000FA7  A$lcc8756 |    00000FA9  A$lcc8756
     00000FAA  A$lcc8756 |    00000FAB  A$lcc8756 |    00000FAD  A$lcc8756
     00000FAE  A$lcc8756 |    00000FB1  A$lcc8756 |    00000FB2  A$lcc8756
     00000FB3  A$lcc8756 |    00000FB4  A$lcc8756 |    00000FB4  C$main.c$
     00000FB7  A$lcc8756 |    00000FB8  A$lcc8756 |    00000FB9  A$lcc8756
     00000FBA  A$lcc8756 |    00000FBB  A$lcc8756 |    00000FBE  A$lcc8756
     00000FBF  A$lcc8756 |    00000FC0  A$lcc8756 |    00000FC2  A$lcc8756
     00000FC2  C$main.c$ |    00000FC5  A$lcc8756 |    00000FC7  A$lcc8756
     00000FCA  A$lcc8756 |    00000FCB  A$lcc8756 |    00000FCC  A$lcc8756
     00000FCD  A$lcc8756 |    00000FD0  A$lcc8756 |    00000FD1  A$lcc8756
     00000FD2  A$lcc8756 |    00000FD3  A$lcc8756 |    00000FD5  A$lcc8756
     00000FD6  A$lcc8756 |    00000FD7  A$lcc8756 |    00000FDA  A$lcc8756
     00000FDB  A$lcc8756 |    00000FDB  C$main.c$ |    00000FDD  A$lcc8756
     00000FE0  A$lcc8756 |    00000FE1  A$lcc8756 |    00000FE4  A$lcc8756
     00000FE5  A$lcc8756 |    00000FE8  A$lcc8756 |    00000FE9  A$lcc8756
     00000FEA  A$lcc8756 |    00000FEB  A$lcc8756 |    00000FEE  A$lcc8756
     00000FEF  A$lcc8756 |    00000FF0  A$lcc8756 |    00000FF1  A$lcc8756
     00000FF4  A$lcc8756 |    00000FF6  A$lcc8756 |    00000FF7  A$lcc8756
     00000FF8  A$lcc8756 |    00000FF9  A$lcc8756 |    00000FFB  A$lcc8756
     00000FFC  A$lcc8756 |    00000FFF  A$lcc8756 |    00001001  A$lcc8756
     00001001  C$main.c$ |    00001001  C$main.c$ |    00001004  A$lcc8756
     00001005  A$lcc8756 |    00001006  A$lcc8756 |    00001007  A$lcc8756
     00001008  A$lcc8756 |    0000100A  A$lcc8756 |    0000100B  A$lcc8756
     0000100C  A$lcc8756 |    0000100D  A$lcc8756 |    0000100E  A$lcc8756
     00001010  A$lcc8756 |    00001012  A$lcc8756 |    00001012  C$main.c$
     00001015  A$lcc8756 |    00001017  A$lcc8756 |    0000101A  A$lcc8756
     0000101B  A$lcc8756 |    0000101C  A$lcc8756 |    0000101D  A$lcc8756
     00001020  A$lcc8756 |    00001021  A$lcc8756 |    00001022  A$lcc8756
ASxxxx Linker V03.00 + NoICE + sdld,  page 11.
Hexadecimal  [32-Bits]

Area                       Addr        Size        Decimal Bytes (Attributes)
--------------------       ----        ----        ------- ----- ------------
_CODE                  00000200    00001192 =        4498. bytes (REL,CON)

        Value  Global            Value  Global            Value  Global    
        -----  ------            -----  ------            -----  ------    
     00001023  A$lcc8756 |    00001025  A$lcc8756 |    00001026  A$lcc8756
     00001027  A$lcc8756 |    0000102A  A$lcc8756 |    0000102B  A$lcc8756
     0000102B  C$main.c$ |    0000102B  C$main.c$ |    0000102E  A$lcc8756
     0000102F  A$lcc8756 |    00001030  A$lcc8756 |    00001031  A$lcc8756
     00001032  A$lcc8756 |    00001034  A$lcc8756 |    00001035  A$lcc8756
     00001036  A$lcc8756 |    00001037  A$lcc8756 |    00001038  A$lcc8756
     0000103A  A$lcc8756 |    0000103C  A$lcc8756 |    0000103C  C$main.c$
     0000103F  A$lcc8756 |    00001041  A$lcc8756 |    00001044  A$lcc8756
     00001045  A$lcc8756 |    00001046  A$lcc8756 |    00001047  A$lcc8756
     0000104A  A$lcc8756 |    0000104B  A$lcc8756 |    0000104C  A$lcc8756
     0000104D  A$lcc8756 |    0000104F  A$lcc8756 |    00001050  A$lcc8756
     00001051  A$lcc8756 |    00001054  A$lcc8756 |    00001055  A$lcc8756
     00001055  C$main.c$ |    00001058  A$lcc8756 |    00001059  A$lcc8756
     0000105C  A$lcc8756 |    0000105D  A$lcc8756 |    00001060  A$lcc8756
     00001061  A$lcc8756 |    00001062  A$lcc8756 |    00001063  A$lcc8756
     00001064  A$lcc8756 |    00001067  A$lcc8756 |    00001068  A$lcc8756
     00001069  A$lcc8756 |    0000106A  A$lcc8756 |    0000106D  A$lcc8756
     0000106F  A$lcc8756 |    00001070  A$lcc8756 |    00001071  A$lcc8756
     00001072  A$lcc8756 |    00001073  A$lcc8756 |    00001074  A$lcc8756
     00001075  A$lcc8756 |    00001076  A$lcc8756 |    00001077  A$lcc8756
     0000107A  A$lcc8756 |    0000107C  A$lcc8756 |    0000107C  C$main.c$
     0000107F  A$lcc8756 |    0000107F  C$main.c$ |    00001082  A$lcc8756
     00001082  C$main.c$ |    00001082  XG$main$0 |    00001085  G$bkg_map
     00001085  _bkg_map  |    000011ED  G$bkg_til |    000011ED  _bkg_tile
     000012BD  _get_vram |    000012CA  _get_win_ |    000012D2  _get_bkg_
     000012F9  ___hide_m |    00001319  _set_vram |    00001328  _set_win_
     00001330  _set_bkg_ |    0000135A  ___move_m
ASxxxx Linker V03.00 + NoICE + sdld,  page 12.
Hexadecimal  [32-Bits]

Area                       Addr        Size        Decimal Bytes (Attributes)
--------------------       ----        ----        ------- ----- ------------
_HEADER0               00000000    00000001 =           1. bytes (ABS,CON)

        Value  Global            Value  Global            Value  Global    
        -----  ------            -----  ------            -----  ------    
     00000020  .call_hl 
ASxxxx Linker V03.00 + NoICE + sdld,  page 13.
Hexadecimal  [32-Bits]

Area                       Addr        Size        Decimal Bytes (Attributes)
--------------------       ----        ----        ------- ----- ------------
_HEADER1               00000000    00000005 =           5. bytes (ABS,CON)

        Value  Global            Value  Global            Value  Global    
        -----  ------            -----  ------            -----  ------    
     00000028  .MemsetSm
ASxxxx Linker V03.00 + NoICE + sdld,  page 14.
Hexadecimal  [32-Bits]

Area                       Addr        Size        Decimal Bytes (Attributes)
--------------------       ----        ----        ------- ----- ------------
_HEADER2               00000000    00000007 =           7. bytes (ABS,CON)

        Value  Global            Value  Global            Value  Global    
        -----  ------            -----  ------            -----  ------    
     00000030  .MemcpySm
ASxxxx Linker V03.00 + NoICE + sdld,  page 15.
Hexadecimal  [32-Bits]

Area                       Addr        Size        Decimal Bytes (Attributes)
--------------------       ----        ----        ------- ----- ------------
_HEADER3               00000000    00000008 =           8. bytes (ABS,CON)

        Value  Global            Value  Global            Value  Global    
        -----  ------            -----  ------            -----  ------    
ASxxxx Linker V03.00 + NoICE + sdld,  page 16.
Hexadecimal  [32-Bits]

Area                       Addr        Size        Decimal Bytes (Attributes)
--------------------       ----        ----        ------- ----- ------------
_HEADER4               00000000    0000004F =          79. bytes (ABS,CON)

        Value  Global            Value  Global            Value  Global    
        -----  ------            -----  ------            -----  ------    
     00000080  .int      |    0000008F  _wait_int |    0000009C  __standar
     000000AC  _refresh_
ASxxxx Linker V03.00 + NoICE + sdld,  page 17.
Hexadecimal  [32-Bits]

Area                       Addr        Size        Decimal Bytes (Attributes)
--------------------       ----        ----        ------- ----- ------------
_HEADER5               00000000    00000002 =           2. bytes (ABS,CON)

        Value  Global            Value  Global            Value  Global    
        -----  ------            -----  ------            -----  ------    
ASxxxx Linker V03.00 + NoICE + sdld,  page 18.
Hexadecimal  [32-Bits]

Area                       Addr        Size        Decimal Bytes (Attributes)
--------------------       ----        ----        ------- ----- ------------
_HEADER6               00000000    00000030 =          48. bytes (ABS,CON)

        Value  Global            Value  Global            Value  Global    
        -----  ------            -----  ------            -----  ------    
ASxxxx Linker V03.00 + NoICE + sdld,  page 19.
Hexadecimal  [32-Bits]

Area                       Addr        Size        Decimal Bytes (Attributes)
--------------------       ----        ----        ------- ----- ------------
_HEADER7               00000000    00000006 =           6. bytes (ABS,CON)

        Value  Global            Value  Global            Value  Global    
        -----  ------            -----  ------            -----  ------    
ASxxxx Linker V03.00 + NoICE + sdld,  page 20.
Hexadecimal  [32-Bits]

Area                       Addr        Size        Decimal Bytes (Attributes)
--------------------       ----        ----        ------- ----- ------------
_HEADER8               00000000    00000003 =           3. bytes (ABS,CON)

        Value  Global            Value  Global            Value  Global    
        -----  ------            -----  ------            -----  ------    
ASxxxx Linker V03.00 + NoICE + sdld,  page 21.
Hexadecimal  [32-Bits]

Area                       Addr        Size        Decimal Bytes (Attributes)
--------------------       ----        ----        ------- ----- ------------
_HEADER9               00000000    00000001 =           1. bytes (ABS,CON)

        Value  Global            Value  Global            Value  Global    
        -----  ------            -----  ------            -----  ------    
ASxxxx Linker V03.00 + NoICE + sdld,  page 22.
Hexadecimal  [32-Bits]

Area                       Addr        Size        Decimal Bytes (Attributes)
--------------------       ----        ----        ------- ----- ------------
_HEADERa               00000000    00000001 =           1. bytes (ABS,CON)

        Value  Global            Value  Global            Value  Global    
        -----  ------            -----  ------            -----  ------    
ASxxxx Linker V03.00 + NoICE + sdld,  page 23.
Hexadecimal  [32-Bits]

Area                       Addr        Size        Decimal Bytes (Attributes)
--------------------       ----        ----        ------- ----- ------------
_HEADERb               00000000    00000001 =           1. bytes (ABS,CON)

        Value  Global            Value  Global            Value  Global    
        -----  ------            -----  ------            -----  ------    
ASxxxx Linker V03.00 + NoICE + sdld,  page 24.
Hexadecimal  [32-Bits]

Area                       Addr        Size        Decimal Bytes (Attributes)
--------------------       ----        ----        ------- ----- ------------
_HEADERc               00000000    00000002 =           2. bytes (ABS,CON)

        Value  Global            Value  Global            Value  Global    
        -----  ------            -----  ------            -----  ------    
ASxxxx Linker V03.00 + NoICE + sdld,  page 25.
Hexadecimal  [32-Bits]

Area                       Addr        Size        Decimal Bytes (Attributes)
--------------------       ----        ----        ------- ----- ------------
_HEADERd               00000000    00000001 =           1. bytes (ABS,CON)

        Value  Global            Value  Global            Value  Global    
        -----  ------            -----  ------            -----  ------    
ASxxxx Linker V03.00 + NoICE + sdld,  page 26.
Hexadecimal  [32-Bits]

Area                       Addr        Size        Decimal Bytes (Attributes)
--------------------       ----        ----        ------- ----- ------------
_HEADERe               00000000    00000001 =           1. bytes (ABS,CON)

        Value  Global            Value  Global            Value  Global    
        -----  ------            -----  ------            -----  ------    
ASxxxx Linker V03.00 + NoICE + sdld,  page 27.
Hexadecimal  [32-Bits]

Area                       Addr        Size        Decimal Bytes (Attributes)
--------------------       ----        ----        ------- ----- ------------
_HEADERf               00000000    00000002 =           2. bytes (ABS,CON)

        Value  Global            Value  Global            Value  Global    
        -----  ------            -----  ------            -----  ------    
ASxxxx Linker V03.00 + NoICE + sdld,  page 28.
Hexadecimal  [32-Bits]

Area                       Addr        Size        Decimal Bytes (Attributes)
--------------------       ----        ----        ------- ----- ------------
_HEADER10              00000000    00000082 =         130. bytes (ABS,CON)

        Value  Global            Value  Global            Value  Global    
        -----  ------            -----  ------            -----  ------    
     00000150  .reset    |    00000150  _reset    |    00000157  .code_sta
     000001B7  _exit     |    000001BB  _set_inte
ASxxxx Linker V03.00 + NoICE + sdld,  page 29.
Hexadecimal  [32-Bits]

Area                       Addr        Size        Decimal Bytes (Attributes)
--------------------       ----        ----        ------- ----- ------------
_HEADER11              00000000    00000001 =           1. bytes (ABS,CON)

        Value  Global            Value  Global            Value  Global    
        -----  ------            -----  ------            -----  ------    
ASxxxx Linker V03.00 + NoICE + sdld,  page 30.
Hexadecimal  [32-Bits]

Area                       Addr        Size        Decimal Bytes (Attributes)
--------------------       ----        ----        ------- ----- ------------
_HOME                  00001392    0000017B =         379. bytes (REL,CON)

        Value  Global            Value  Global            Value  Global    
        -----  ------            -----  ------            -----  ------    
     00001392  .memset_s |    0000139B  .memcpy_s |    000013B8  .remove_V
     000013BB  .remove_i |    000013D8  .add_VBL  |    000013DB  .add_int 
     000013E6  .wait_vbl |    000013E6  _wait_vbl |    000013F6  .display_
     000013F6  _display_ |    0000140E  _remove_V |    00001419  _add_VBL 
     00001424  _set_tile |    00001429  _set_bkg_ |    00001429  _set_win_
     00001431  _set_spri |    00001461  .padup    |    00001461  _waitpadu
     00001471  .jpad     |    00001471  _joypad   |    00001499  _waitpad 
     0000149C  .wait_pad |    000014A3  _set_bkg_ |    000014B7  .set_xy_w
     000014C0  .set_xy_b |    000014CF  .set_xy_t
ASxxxx Linker V03.00 + NoICE + sdld,  page 31.
Hexadecimal  [32-Bits]

Area                       Addr        Size        Decimal Bytes (Attributes)
--------------------       ----        ----        ------- ----- ------------
_INITIALIZER           0000150D    0000000B =          11. bytes (REL,CON)

        Value  Global            Value  Global            Value  Global    
        -----  ------            -----  ------            -----  ------    
     0000150D  Fmain$__x |    00001512  Fmain$__x
ASxxxx Linker V03.00 + NoICE + sdld,  page 32.
Hexadecimal  [32-Bits]

Area                       Addr        Size        Decimal Bytes (Attributes)
--------------------       ----        ----        ------- ----- ------------
_GSINIT                00001518    0000000C =          12. bytes (REL,CON)

        Value  Global            Value  Global            Value  Global    
        -----  ------            -----  ------            -----  ------    
     00001518  gsinit   
ASxxxx Linker V03.00 + NoICE + sdld,  page 33.
Hexadecimal  [32-Bits]

Area                       Addr        Size        Decimal Bytes (Attributes)
--------------------       ----        ----        ------- ----- ------------
_GSFINAL               00001524    00000001 =           1. bytes (REL,CON)

        Value  Global            Value  Global            Value  Global    
        -----  ------            -----  ------            -----  ------    
ASxxxx Linker V03.00 + NoICE + sdld,  page 34.
Hexadecimal  [32-Bits]

Area                       Addr        Size        Decimal Bytes (Attributes)
--------------------       ----        ----        ------- ----- ------------
_DATA                  0000C0A0    00000079 =         121. bytes (REL,CON)

        Value  Global            Value  Global            Value  Global    
        -----  ------            -----  ------            -----  ------    
     0000C0A0  __cpu     |    0000C0A1  __is_GBA  |    0000C0A2  .mode    
     0000C0A3  .sys_time |    0000C0A3  _sys_time |    0000C0A5  .int_0x40
     0000C0DE  _hUGE_cur |    0000C0FF  G$joy$0_0 |    0000C0FF  _joy     
     0000C100  G$last_jo |    0000C100  _last_joy |    0000C101  G$PLAYER$
     0000C101  _PLAYER   |    0000C108  G$BULLET1 |    0000C108  _BULLET1 
     0000C10F  G$BULLET2 |    0000C10F  _BULLET2  |    0000C116  ___curren
     0000C118  ___curren
ASxxxx Linker V03.00 + NoICE + sdld,  page 35.
Hexadecimal  [32-Bits]

Area                       Addr        Size        Decimal Bytes (Attributes)
--------------------       ----        ----        ------- ----- ------------
_INITIALIZED           0000C119    0000000B =          11. bytes (REL,CON)

        Value  Global            Value  Global            Value  Global    
        -----  ------            -----  ------            -----  ------    
     0000C119  G$npc_til |    0000C119  _npc_tile |    0000C11E  G$npc_til
     0000C11E  _npc_tile |    0000C123  ___render
ASxxxx Linker V03.00 + NoICE + sdld,  page 36.
Hexadecimal  [32-Bits]

Area                       Addr        Size        Decimal Bytes (Attributes)
--------------------       ----        ----        ------- ----- ------------
_HRAM12                00000000    00000003 =           3. bytes (ABS,CON)

        Value  Global            Value  Global            Value  Global    
        -----  ------            -----  ------            -----  ------    
     0000FF90  __current |    0000FF92  __shadow_
ASxxxx Linker V03.00 + NoICE + sdld,  page 37.
Hexadecimal  [32-Bits]

Area                       Addr        Size        Decimal Bytes (Attributes)
--------------------       ----        ----        ------- ----- ------------
_CODE_1                00014000    000000BC =         188. bytes (REL,CON)

        Value  Global            Value  Global            Value  Global    
        -----  ------            -----  ------            -----  ------    
     00014000  C$bullet. |    00014000  G$__func_ |    00014000  G$bullet_
     00014000  ___func_b |    00014000  _bullet_p |    0001400A  G$bullet_
     0001400A  _bullet_t |    0001402A  G$bullet_ |    0001402A  _bullet_m
     00014032  G$bullet_ |    00014032  _bullet_m |    00014034  C$galaga.
     00014034  G$__func_ |    00014034  G$galaga_ |    00014034  ___func_g
     00014034  _galaga_p |    0001403C  G$galaga_ |    0001403C  _galaga_t
     0001407C  G$galaga_ |    0001407C  _galaga_m |    00014088  G$galaga_
     00014088  _galaga_m |    0001408A  C$one_up. |    0001408A  G$__func_
     0001408A  G$one_up_ |    0001408A  ___func_o |    0001408A  _one_up_p
     00014092  G$one_up_ |    00014092  _one_up_t |    000140B2  G$one_up_
     000140B2  _one_up_m |    000140BA  G$one_up_ |    000140BA  _one_up_m
ASxxxx Linker V03.00 + NoICE + sdld,  page 38.

Files Linked                              [ module(s) ]

C:\c_code\gbdk\lib/small/asxxxx/gb/crt0.o
                                          [ Runtime ]
src\hUGEDriver.obj.rel                    [ hUGEDriver_obj ]
C:\Users\User\AppData\Local\Temp/lcc87560.rel
                                          [ main ]
C:\Users\User\AppData\Local\Temp/lcc87561.rel
                                          [ scene ]
C:\Users\User\AppData\Local\Temp/lcc87562.rel
                                          [ bkg_map ]
C:\Users\User\AppData\Local\Temp/lcc87563.rel
                                          [ bkg_tiles ]
C:\Users\User\AppData\Local\Temp/lcc87564.rel
                                          [ bullet ]
C:\Users\User\AppData\Local\Temp/lcc87565.rel
                                          [ galaga ]
C:\Users\User\AppData\Local\Temp/lcc87566.rel
                                          [ one_up ]


Libraries Linked                          [ object file ]

C:\c_code\gbdk\lib/small/asxxxx/gb/gb.lib
                                          [ get_tile.o ]
C:\c_code\gbdk\lib/small/asxxxx/gb/gb.lib
                                          [ metasprites_hide.o ]
C:\c_code\gbdk\lib/small/asxxxx/gb/gb.lib
                                          [ set_data.o ]
C:\c_code\gbdk\lib/small/asxxxx/gb/gb.lib
                                          [ set_tile.o ]
C:\c_code\gbdk\lib/small/asxxxx/gb/gb.lib
                                          [ pad.o ]
C:\c_code\gbdk\lib/small/asxxxx/gb/gb.lib
                                          [ metasprites.o ]
C:\c_code\gbdk\lib/small/asxxxx/gb/gb.lib
                                          [ sfr.o ]
C:\c_code\gbdk\lib/small/asxxxx/gb/gb.lib
                                          [ set_bk_t.o ]
C:\c_code\gbdk\lib/small/asxxxx/gb/gb.lib
                                          [ set_xy_t.o ]

ASxxxx Linker V03.00 + NoICE + sdld,  page 39.

User Base Address Definitions

_DATA=0xC0A0
_CODE=0x0200
ASxxxx Linker V03.00 + NoICE + sdld,  page 40.

User Global Definitions

_shadow_OAM=0xC000
.STACK=0xE000
.refresh_OAM=0xFF80

