ASxxxx Linker V03.00 + NoICE + sdld,  page 1.
Hexadecimal  [32-Bits]

Area                       Addr        Size        Decimal Bytes (Attributes)
--------------------       ----        ----        ------- ----- ------------
.  .ABS.               00000000    00000000 =           0. bytes (ABS,CON)

        Value  Global            Value  Global            Value  Global    
        -----  ------            -----  ------            -----  ------    
     00000000  .__.ABS.  |    00000000  _rRAMG    |    00000000  l__BASE  
     00000000  l__BSS    |    00000000  l__CABS   |    00000000  l__CODE_0
     00000000  l__DABS   |    00000000  l__HEADER |    00000000  l__HEAP  
     00000000  l__HRAM   |    00000000  l__LIT    |    00000000  s__CABS  
     00000000  s__DABS   |    00000000  s__HEADER |    00000000  s__HEADER
     00000000  s__HEADER |    00000000  s__HEADER |    00000000  s__HEADER
     00000000  s__HEADER |    00000000  s__HEADER |    00000000  s__HEADER
     00000000  s__HEADER |    00000000  s__HEADER |    00000000  s__HEADER
     00000000  s__HEADER |    00000000  s__HEADER |    00000000  s__HEADER
     00000000  s__HEADER |    00000000  s__HEADER |    00000000  s__HEADER
     00000000  s__HEADER |    00000000  s__HEADER |    00000000  s__HRAM  
     00000000  s__HRAM12 |    00000001  ___bank_b |    00000001  ___bank_g
     00000001  ___bank_o |    00000001  l__GSFINA |    00000001  l__HEADER
     00000001  l__HEADER |    00000001  l__HEADER |    00000001  l__HEADER
     00000001  l__HEADER |    00000001  l__HEADER |    00000001  l__HEADER
     00000002  l__HEADER |    00000002  l__HEADER |    00000002  l__HEADER
     00000003  l__HEADER |    00000003  l__HRAM12 |    00000005  l__HEADER
     00000006  l__HEADER |    00000007  l__HEADER |    00000008  l__HEADER
     0000000C  l__GSINIT |    0000002D  l__INITIA |    0000002D  l__INITIA
     00000030  l__HEADER |    0000004F  l__HEADER |    00000079  l__DATA  
     00000082  l__HEADER |    000000BC  l__CODE_1 |    0000017B  l__HOME  
     00000200  s__CODE   |    000015BD  l__CODE   |    000017BD  s__HOME  
     00001938  s__BASE   |    00001938  s__CODE_0 |    00001938  s__INITIA
     00001938  s__LIT    |    00001965  s__GSINIT |    00001971  s__GSFINA
     00002000  _rROMB0   |    00003000  _rROMB1   |    00004000  _rRAMB   
     00008000  __VRAM    |    00008000  __VRAM800 |    00008800  __VRAM880
     00009000  __VRAM900 |    00009800  __SCRN0   |    00009C00  __SCRN1  
     0000A000  __SRAM    |    0000C000  __RAM     |    0000C000  _shadow_O
     0000C0A0  s__DATA   |    0000C119  s__BSS    |    0000C119  s__INITIA
     0000C146  s__HEAP   |    0000D000  __RAMBANK |    0000E000  .STACK   
     0000FE00  __OAMRAM  |    0000FF00  _P1_REG   |    0000FF00  __IO     
     0000FF01  _SB_REG   |    0000FF02  _SC_REG   |    0000FF04  _DIV_REG 
     0000FF05  _TIMA_REG |    0000FF06  _TMA_REG  |    0000FF07  _TAC_REG 
     0000FF0F  _IF_REG   |    0000FF10  _NR10_REG |    0000FF11  _NR11_REG
     0000FF12  _NR12_REG |    0000FF13  _NR13_REG |    0000FF14  _NR14_REG
     0000FF16  _NR21_REG |    0000FF17  _NR22_REG |    0000FF18  _NR23_REG
     0000FF19  _NR24_REG |    0000FF1A  _NR30_REG |    0000FF1B  _NR31_REG
     0000FF1C  _NR32_REG |    0000FF1D  _NR33_REG |    0000FF1E  _NR34_REG
     0000FF20  _NR41_REG |    0000FF21  _NR42_REG |    0000FF22  _NR43_REG
     0000FF23  _NR44_REG |    0000FF24  _NR50_REG |    0000FF25  _NR51_REG
     0000FF26  _NR52_REG |    0000FF30  _PCM_SAMP |    0000FF30  __AUD3WAV
     0000FF40  _LCDC_REG |    0000FF41  _STAT_REG |    0000FF42  _SCY_REG 
     0000FF43  _SCX_REG  |    0000FF44  _LY_REG   |    0000FF45  _LYC_REG 
     0000FF46  _DMA_REG  |    0000FF47  _BGP_REG  |    0000FF48  _OBP0_REG
     0000FF49  _OBP1_REG |    0000FF4A  _WY_REG   |    0000FF4B  _WX_REG  
     0000FF4D  _KEY1_REG |    0000FF4F  _VBK_REG  |    0000FF51  _HDMA1_RE
     0000FF52  _HDMA2_RE |    0000FF53  _HDMA3_RE |    0000FF54  _HDMA4_RE
     0000FF55  _HDMA5_RE |    0000FF56  _RP_REG   |    0000FF68  _BCPS_REG
     0000FF69  _BCPD_REG |    0000FF6A  _OCPS_REG |    0000FF6B  _OCPD_REG
     0000FF70  _SVBK_REG |    0000FF76  _PCM12_RE |    0000FF77  _PCM34_RE
ASxxxx Linker V03.00 + NoICE + sdld,  page 2.
Hexadecimal  [32-Bits]

Area                       Addr        Size        Decimal Bytes (Attributes)
--------------------       ----        ----        ------- ----- ------------
.  .ABS.               00000000    00000000 =           0. bytes (ABS,CON)

        Value  Global            Value  Global            Value  Global    
        -----  ------            -----  ------            -----  ------    
     0000FF80  .refresh_ |    0000FF80  __HRAM    |    0000FFFF  _IE_REG  
     00014000  s__CODE_1
ASxxxx Linker V03.00 + NoICE + sdld,  page 3.
Hexadecimal  [32-Bits]

Area                       Addr        Size        Decimal Bytes (Attributes)
--------------------       ----        ----        ------- ----- ------------
_CODE                  00000200    000015BD =        5565. bytes (REL,CON)

        Value  Global            Value  Global            Value  Global    
        -----  ------            -----  ------            -----  ------    
     00000200  _hUGE_ini |    00000204  _hUGE_ini |    0000020F  _hUGE_mut
     00000213  _hUGE_mut |    00000220  hUGE_mute |    0000023A  hUGE_init
     00000676  _hUGE_dos |    00000676  _hUGE_dos |    00000999  A$lcc2250
     00000999  C$collisi |    00000999  G$collide |    00000999  _collide_
     0000099B  A$lcc2250 |    0000099B  C$collisi |    0000099C  A$lcc2250
     0000099E  A$lcc2250 |    0000099F  A$lcc2250 |    000009A0  A$lcc2250
     000009A0  C$collisi |    000009A2  A$lcc2250 |    000009A3  A$lcc2250
     000009A5  A$lcc2250 |    000009A8  A$lcc2250 |    000009A9  A$lcc2250
     000009AA  A$lcc2250 |    000009AB  A$lcc2250 |    000009AD  A$lcc2250
     000009AE  A$lcc2250 |    000009AF  A$lcc2250 |    000009B0  A$lcc2250
     000009B2  A$lcc2250 |    000009B3  A$lcc2250 |    000009B3  C$collisi
     000009B5  A$lcc2250 |    000009B6  A$lcc2250 |    000009B8  A$lcc2250
     000009BB  A$lcc2250 |    000009BC  A$lcc2250 |    000009BD  A$lcc2250
     000009BE  A$lcc2250 |    000009C0  A$lcc2250 |    000009C1  A$lcc2250
     000009C2  A$lcc2250 |    000009C3  A$lcc2250 |    000009C5  A$lcc2250
     000009C6  A$lcc2250 |    000009C6  C$collisi |    000009C8  A$lcc2250
     000009C9  A$lcc2250 |    000009CA  A$lcc2250 |    000009CB  A$lcc2250
     000009CD  A$lcc2250 |    000009CF  A$lcc2250 |    000009D0  A$lcc2250
     000009D1  A$lcc2250 |    000009D2  A$lcc2250 |    000009D3  A$lcc2250
     000009D6  A$lcc2250 |    000009D7  A$lcc2250 |    000009D8  A$lcc2250
     000009D9  A$lcc2250 |    000009DB  A$lcc2250 |    000009DC  A$lcc2250
     000009DD  A$lcc2250 |    000009DE  A$lcc2250 |    000009E0  A$lcc2250
     000009E1  A$lcc2250 |    000009E3  A$lcc2250 |    000009E4  A$lcc2250
     000009E6  A$lcc2250 |    000009E7  A$lcc2250 |    000009E9  A$lcc2250
     000009EA  A$lcc2250 |    000009EC  A$lcc2250 |    000009ED  A$lcc2250
     000009EF  A$lcc2250 |    000009EF  C$collisi |    000009F1  A$lcc2250
     000009F2  A$lcc2250 |    000009F3  A$lcc2250 |    000009F4  A$lcc2250
     000009F6  A$lcc2250 |    000009F8  A$lcc2250 |    000009F9  A$lcc2250
     000009FA  A$lcc2250 |    000009FB  A$lcc2250 |    000009FC  A$lcc2250
     000009FF  A$lcc2250 |    00000A00  A$lcc2250 |    00000A01  A$lcc2250
     00000A02  A$lcc2250 |    00000A04  A$lcc2250 |    00000A05  A$lcc2250
     00000A06  A$lcc2250 |    00000A07  A$lcc2250 |    00000A09  A$lcc2250
     00000A0A  A$lcc2250 |    00000A0C  A$lcc2250 |    00000A0D  A$lcc2250
     00000A0F  A$lcc2250 |    00000A10  A$lcc2250 |    00000A12  A$lcc2250
     00000A13  A$lcc2250 |    00000A15  A$lcc2250 |    00000A16  A$lcc2250
     00000A18  A$lcc2250 |    00000A18  C$collisi |    00000A1A  A$lcc2250
     00000A1B  A$lcc2250 |    00000A1C  A$lcc2250 |    00000A1D  A$lcc2250
     00000A1E  A$lcc2250 |    00000A1F  A$lcc2250 |    00000A20  A$lcc2250
     00000A20  C$collisi |    00000A22  A$lcc2250 |    00000A23  A$lcc2250
     00000A25  A$lcc2250 |    00000A26  A$lcc2250 |    00000A28  A$lcc2250
     00000A29  A$lcc2250 |    00000A2B  A$lcc2250 |    00000A2C  A$lcc2250
     00000A2D  A$lcc2250 |    00000A2E  A$lcc2250 |    00000A2F  A$lcc2250
     00000A30  A$lcc2250 |    00000A33  A$lcc2250 |    00000A34  A$lcc2250
     00000A36  A$lcc2250 |    00000A36  C$collisi |    00000A37  A$lcc2250
     00000A38  A$lcc2250 |    00000A39  A$lcc2250 |    00000A3A  A$lcc2250
     00000A3B  A$lcc2250 |    00000A3D  A$lcc2250 |    00000A3E  A$lcc2250
     00000A3F  A$lcc2250 |    00000A40  A$lcc2250 |    00000A42  A$lcc2250
     00000A43  A$lcc2250 |    00000A44  A$lcc2250 |    00000A45  A$lcc2250
     00000A48  A$lcc2250 |    00000A49  A$lcc2250 |    00000A4B  A$lcc2250
     00000A4B  C$collisi |    00000A4C  A$lcc2250 |    00000A4D  A$lcc2250
ASxxxx Linker V03.00 + NoICE + sdld,  page 4.
Hexadecimal  [32-Bits]

Area                       Addr        Size        Decimal Bytes (Attributes)
--------------------       ----        ----        ------- ----- ------------
_CODE                  00000200    000015BD =        5565. bytes (REL,CON)

        Value  Global            Value  Global            Value  Global    
        -----  ------            -----  ------            -----  ------    
     00000A4E  A$lcc2250 |    00000A4F  A$lcc2250 |    00000A50  A$lcc2250
     00000A52  A$lcc2250 |    00000A53  A$lcc2250 |    00000A54  A$lcc2250
     00000A55  A$lcc2250 |    00000A57  A$lcc2250 |    00000A58  A$lcc2250
     00000A59  A$lcc2250 |    00000A5A  A$lcc2250 |    00000A5D  A$lcc2250
     00000A5E  A$lcc2250 |    00000A60  A$lcc2250 |    00000A61  A$lcc2250
     00000A61  C$collisi |    00000A63  A$lcc2250 |    00000A65  A$lcc2250
     00000A66  A$lcc2250 |    00000A67  A$lcc2250 |    00000A68  A$lcc2250
     00000A69  A$lcc2250 |    00000A6A  A$lcc2250 |    00000A6B  A$lcc2250
     00000A6C  A$lcc2250 |    00000A6D  A$lcc2250 |    00000A6F  A$lcc2250
     00000A70  A$lcc2250 |    00000A71  A$lcc2250 |    00000A71  C$collisi
     00000A73  A$lcc2250 |    00000A74  A$lcc2250 |    00000A76  A$lcc2250
     00000A79  A$lcc2250 |    00000A7B  A$lcc2250 |    00000A7C  A$lcc2250
     00000A7F  A$lcc2250 |    00000A7F  C$collisi |    00000A82  A$lcc2250
     00000A83  A$lcc2250 |    00000A85  A$lcc2250 |    00000A86  A$lcc2250
     00000A87  A$lcc2250 |    00000A89  A$lcc2250 |    00000A8C  A$lcc2250
     00000A8D  A$lcc2250 |    00000A8E  A$lcc2250 |    00000A90  A$lcc2250
     00000A91  A$lcc2250 |    00000A93  A$lcc2250 |    00000A93  C$collisi
     00000A95  A$lcc2250 |    00000A97  A$lcc2250 |    00000A98  A$lcc2250
     00000A9A  A$lcc2250 |    00000A9C  A$lcc2250 |    00000A9C  C$collisi
     00000A9F  A$lcc2250 |    00000AA0  A$lcc2250 |    00000AA2  A$lcc2250
     00000AA3  A$lcc2250 |    00000AA4  A$lcc2250 |    00000AA6  A$lcc2250
     00000AA9  A$lcc2250 |    00000AAA  A$lcc2250 |    00000AAB  A$lcc2250
     00000AAD  A$lcc2250 |    00000AAE  A$lcc2250 |    00000AB0  A$lcc2250
     00000AB0  C$collisi |    00000AB2  A$lcc2250 |    00000AB4  A$lcc2250
     00000AB5  A$lcc2250 |    00000AB7  A$lcc2250 |    00000AB8  A$lcc2250
     00000AB9  A$lcc2250 |    00000ABA  A$lcc2250 |    00000ABC  A$lcc2250
     00000ABD  A$lcc2250 |    00000ABE  A$lcc2250 |    00000ABF  A$lcc2250
     00000AC0  A$lcc2250 |    00000AC1  A$lcc2250 |    00000AC2  A$lcc2250
     00000AC3  A$lcc2250 |    00000AC6  A$lcc2250 |    00000AC7  A$lcc2250
     00000AC8  A$lcc2250 |    00000AC9  A$lcc2250 |    00000ACB  A$lcc2250
     00000ACC  A$lcc2250 |    00000ACD  A$lcc2250 |    00000ACE  A$lcc2250
     00000AD0  A$lcc2250 |    00000AD1  A$lcc2250 |    00000AD1  C$collisi
     00000AD2  A$lcc2250 |    00000AD3  A$lcc2250 |    00000AD6  A$lcc2250
     00000AD7  A$lcc2250 |    00000AD8  A$lcc2250 |    00000AD9  A$lcc2250
     00000ADB  A$lcc2250 |    00000ADC  A$lcc2250 |    00000ADD  A$lcc2250
     00000ADE  A$lcc2250 |    00000AE0  A$lcc2250 |    00000AE0  C$collisi
     00000AE1  A$lcc2250 |    00000AE2  A$lcc2250 |    00000AE3  A$lcc2250
     00000AE3  C$collisi |    00000AE5  A$lcc2250 |    00000AE6  A$lcc2250
     00000AE8  A$lcc2250 |    00000AE9  A$lcc2250 |    00000AEB  A$lcc2250
     00000AED  A$lcc2250 |    00000AEE  A$lcc2250 |    00000AF0  A$lcc2250
     00000AF1  A$lcc2250 |    00000AF3  A$lcc2250 |    00000AF4  A$lcc2250
     00000AF6  A$lcc2250 |    00000AF8  A$lcc2250 |    00000AFA  A$lcc2250
     00000AFC  A$lcc2250 |    00000AFE  A$lcc2250 |    00000AFF  A$lcc2250
     00000B01  A$lcc2250 |    00000B03  A$lcc2250 |    00000B05  A$lcc2250
     00000B06  A$lcc2250 |    00000B08  A$lcc2250 |    00000B08  C$collisi
     00000B0A  A$lcc2250 |    00000B0B  A$lcc2250 |    00000B0C  A$lcc2250
     00000B0D  A$lcc2250 |    00000B0E  A$lcc2250 |    00000B0F  A$lcc2250
     00000B0F  C$collisi |    00000B11  A$lcc2250 |    00000B12  A$lcc2250
     00000B14  A$lcc2250 |    00000B15  A$lcc2250 |    00000B17  A$lcc2250
     00000B17  C$collisi |    00000B19  A$lcc2250 |    00000B1A  A$lcc2250
     00000B1B  A$lcc2250 |    00000B1C  A$lcc2250 |    00000B1E  A$lcc2250
ASxxxx Linker V03.00 + NoICE + sdld,  page 5.
Hexadecimal  [32-Bits]

Area                       Addr        Size        Decimal Bytes (Attributes)
--------------------       ----        ----        ------- ----- ------------
_CODE                  00000200    000015BD =        5565. bytes (REL,CON)

        Value  Global            Value  Global            Value  Global    
        -----  ------            -----  ------            -----  ------    
     00000B1F  A$lcc2250 |    00000B20  A$lcc2250 |    00000B21  A$lcc2250
     00000B23  A$lcc2250 |    00000B24  A$lcc2250 |    00000B25  A$lcc2250
     00000B26  A$lcc2250 |    00000B29  A$lcc2250 |    00000B2B  A$lcc2250
     00000B2D  A$lcc2250 |    00000B2D  C$collisi |    00000B2F  A$lcc2250
     00000B30  A$lcc2250 |    00000B32  A$lcc2250 |    00000B33  A$lcc2250
     00000B35  A$lcc2250 |    00000B37  A$lcc2250 |    00000B38  A$lcc2250
     00000B39  A$lcc2250 |    00000B3A  A$lcc2250 |    00000B3B  A$lcc2250
     00000B3C  A$lcc2250 |    00000B3E  A$lcc2250 |    00000B3F  A$lcc2250
     00000B40  A$lcc2250 |    00000B42  A$lcc2250 |    00000B42  C$collisi
     00000B43  A$lcc2250 |    00000B44  A$lcc2250 |    00000B45  A$lcc2250
     00000B47  A$lcc2250 |    00000B48  A$lcc2250 |    00000B49  A$lcc2250
     00000B4A  A$lcc2250 |    00000B4C  A$lcc2250 |    00000B4D  A$lcc2250
     00000B4E  A$lcc2250 |    00000B4F  A$lcc2250 |    00000B52  A$lcc2250
     00000B54  A$lcc2250 |    00000B54  C$collisi |    00000B55  A$lcc2250
     00000B56  A$lcc2250 |    00000B57  A$lcc2250 |    00000B59  A$lcc2250
     00000B5A  A$lcc2250 |    00000B5B  A$lcc2250 |    00000B5C  A$lcc2250
     00000B5D  A$lcc2250 |    00000B60  A$lcc2250 |    00000B62  A$lcc2250
     00000B62  C$collisi |    00000B64  A$lcc2250 |    00000B67  A$lcc2250
     00000B67  C$collisi |    00000B69  A$lcc2250 |    00000B6A  A$lcc2250
     00000B6C  A$lcc2250 |    00000B6D  A$lcc2250 |    00000B6F  A$lcc2250
     00000B71  A$lcc2250 |    00000B72  A$lcc2250 |    00000B73  A$lcc2250
     00000B75  A$lcc2250 |    00000B77  A$lcc2250 |    00000B78  A$lcc2250
     00000B79  A$lcc2250 |    00000B7B  A$lcc2250 |    00000B7C  A$lcc2250
     00000B7E  A$lcc2250 |    00000B7F  A$lcc2250 |    00000B81  A$lcc2250
     00000B83  A$lcc2250 |    00000B85  A$lcc2250 |    00000B87  A$lcc2250
     00000B88  A$lcc2250 |    00000B8A  A$lcc2250 |    00000B8C  A$lcc2250
     00000B8E  A$lcc2250 |    00000B8F  A$lcc2250 |    00000B91  A$lcc2250
     00000B92  A$lcc2250 |    00000B93  A$lcc2250 |    00000B94  A$lcc2250
     00000B95  A$lcc2250 |    00000B97  A$lcc2250 |    00000B99  A$lcc2250
     00000B9B  A$lcc2250 |    00000B9B  C$collisi |    00000B9C  A$lcc2250
     00000B9D  A$lcc2250 |    00000B9E  A$lcc2250 |    00000BA0  A$lcc2250
     00000BA1  A$lcc2250 |    00000BA2  A$lcc2250 |    00000BA3  A$lcc2250
     00000BA5  A$lcc2250 |    00000BA6  A$lcc2250 |    00000BA7  A$lcc2250
     00000BA8  A$lcc2250 |    00000BAB  A$lcc2250 |    00000BAD  A$lcc2250
     00000BAD  C$collisi |    00000BAF  A$lcc2250 |    00000BB0  A$lcc2250
     00000BB1  A$lcc2250 |    00000BB2  A$lcc2250 |    00000BB3  A$lcc2250
     00000BB4  A$lcc2250 |    00000BB5  A$lcc2250 |    00000BB7  A$lcc2250
     00000BB8  A$lcc2250 |    00000BB9  A$lcc2250 |    00000BBA  A$lcc2250
     00000BBB  A$lcc2250 |    00000BBE  A$lcc2250 |    00000BC0  A$lcc2250
     00000BC0  C$collisi |    00000BC2  A$lcc2250 |    00000BC5  A$lcc2250
     00000BC5  C$collisi |    00000BC7  A$lcc2250 |    00000BC8  A$lcc2250
     00000BC9  A$lcc2250 |    00000BCA  A$lcc2250 |    00000BCB  A$lcc2250
     00000BCD  A$lcc2250 |    00000BCE  A$lcc2250 |    00000BD0  A$lcc2250
     00000BD1  A$lcc2250 |    00000BD3  A$lcc2250 |    00000BD4  A$lcc2250
     00000BD6  A$lcc2250 |    00000BD8  A$lcc2250 |    00000BDA  A$lcc2250
     00000BDA  C$collisi |    00000BDB  A$lcc2250 |    00000BDC  A$lcc2250
     00000BDD  A$lcc2250 |    00000BDF  A$lcc2250 |    00000BE0  A$lcc2250
     00000BE1  A$lcc2250 |    00000BE2  A$lcc2250 |    00000BE4  A$lcc2250
     00000BE5  A$lcc2250 |    00000BE6  A$lcc2250 |    00000BE7  A$lcc2250
     00000BEA  A$lcc2250 |    00000BEC  A$lcc2250 |    00000BEC  C$collisi
     00000BED  A$lcc2250 |    00000BEE  A$lcc2250 |    00000BEF  A$lcc2250
ASxxxx Linker V03.00 + NoICE + sdld,  page 6.
Hexadecimal  [32-Bits]

Area                       Addr        Size        Decimal Bytes (Attributes)
--------------------       ----        ----        ------- ----- ------------
_CODE                  00000200    000015BD =        5565. bytes (REL,CON)

        Value  Global            Value  Global            Value  Global    
        -----  ------            -----  ------            -----  ------    
     00000BF1  A$lcc2250 |    00000BF2  A$lcc2250 |    00000BF3  A$lcc2250
     00000BF4  A$lcc2250 |    00000BF5  A$lcc2250 |    00000BF8  A$lcc2250
     00000BFA  A$lcc2250 |    00000BFA  C$collisi |    00000BFC  A$lcc2250
     00000BFF  A$lcc2250 |    00000BFF  C$collisi |    00000C01  A$lcc2250
     00000C02  A$lcc2250 |    00000C04  A$lcc2250 |    00000C05  A$lcc2250
     00000C07  A$lcc2250 |    00000C08  A$lcc2250 |    00000C0A  A$lcc2250
     00000C0C  A$lcc2250 |    00000C0E  A$lcc2250 |    00000C10  A$lcc2250
     00000C12  A$lcc2250 |    00000C13  A$lcc2250 |    00000C15  A$lcc2250
     00000C17  A$lcc2250 |    00000C19  A$lcc2250 |    00000C1A  A$lcc2250
     00000C1C  A$lcc2250 |    00000C1D  A$lcc2250 |    00000C1E  A$lcc2250
     00000C1F  A$lcc2250 |    00000C20  A$lcc2250 |    00000C22  A$lcc2250
     00000C24  A$lcc2250 |    00000C26  A$lcc2250 |    00000C26  C$collisi
     00000C27  A$lcc2250 |    00000C28  A$lcc2250 |    00000C29  A$lcc2250
     00000C2B  A$lcc2250 |    00000C2C  A$lcc2250 |    00000C2D  A$lcc2250
     00000C2E  A$lcc2250 |    00000C30  A$lcc2250 |    00000C31  A$lcc2250
     00000C32  A$lcc2250 |    00000C33  A$lcc2250 |    00000C36  A$lcc2250
     00000C38  A$lcc2250 |    00000C38  C$collisi |    00000C3A  A$lcc2250
     00000C3B  A$lcc2250 |    00000C3C  A$lcc2250 |    00000C3D  A$lcc2250
     00000C3E  A$lcc2250 |    00000C3F  A$lcc2250 |    00000C40  A$lcc2250
     00000C42  A$lcc2250 |    00000C43  A$lcc2250 |    00000C44  A$lcc2250
     00000C45  A$lcc2250 |    00000C46  A$lcc2250 |    00000C49  A$lcc2250
     00000C4B  A$lcc2250 |    00000C4B  C$collisi |    00000C4D  A$lcc2250
     00000C50  A$lcc2250 |    00000C50  C$collisi |    00000C52  A$lcc2250
     00000C53  A$lcc2250 |    00000C54  A$lcc2250 |    00000C55  A$lcc2250
     00000C56  A$lcc2250 |    00000C57  A$lcc2250 |    00000C59  A$lcc2250
     00000C5A  A$lcc2250 |    00000C5B  A$lcc2250 |    00000C5D  A$lcc2250
     00000C5F  A$lcc2250 |    00000C61  A$lcc2250 |    00000C61  C$collisi
     00000C62  A$lcc2250 |    00000C63  A$lcc2250 |    00000C64  A$lcc2250
     00000C66  A$lcc2250 |    00000C67  A$lcc2250 |    00000C68  A$lcc2250
     00000C69  A$lcc2250 |    00000C6B  A$lcc2250 |    00000C6C  A$lcc2250
     00000C6D  A$lcc2250 |    00000C6E  A$lcc2250 |    00000C71  A$lcc2250
     00000C73  A$lcc2250 |    00000C73  C$collisi |    00000C74  A$lcc2250
     00000C75  A$lcc2250 |    00000C76  A$lcc2250 |    00000C78  A$lcc2250
     00000C79  A$lcc2250 |    00000C7A  A$lcc2250 |    00000C7B  A$lcc2250
     00000C7C  A$lcc2250 |    00000C7F  A$lcc2250 |    00000C81  A$lcc2250
     00000C81  C$collisi |    00000C83  A$lcc2250 |    00000C86  A$lcc2250
     00000C86  C$collisi |    00000C87  A$lcc2250 |    00000C88  A$lcc2250
     00000C89  A$lcc2250 |    00000C8A  A$lcc2250 |    00000C8B  A$lcc2250
     00000C8D  A$lcc2250 |    00000C8E  A$lcc2250 |    00000C8F  A$lcc2250
     00000C92  A$lcc2250 |    00000C94  A$lcc2250 |    00000C96  A$lcc2250
     00000C97  A$lcc2250 |    00000C98  A$lcc2250 |    00000C9A  A$lcc2250
     00000C9B  A$lcc2250 |    00000C9D  A$lcc2250 |    00000C9E  A$lcc2250
     00000CA0  A$lcc2250 |    00000CA2  A$lcc2250 |    00000CA4  A$lcc2250
     00000CA6  A$lcc2250 |    00000CA7  A$lcc2250 |    00000CA9  A$lcc2250
     00000CAB  A$lcc2250 |    00000CAD  A$lcc2250 |    00000CAE  A$lcc2250
     00000CB1  A$lcc2250 |    00000CB1  C$collisi |    00000CB3  A$lcc2250
     00000CB4  A$lcc2250 |    00000CB6  A$lcc2250 |    00000CB7  A$lcc2250
     00000CB9  A$lcc2250 |    00000CB9  C$collisi |    00000CBB  A$lcc2250
     00000CBC  A$lcc2250 |    00000CBD  A$lcc2250 |    00000CBE  A$lcc2250
     00000CC0  A$lcc2250 |    00000CC1  A$lcc2250 |    00000CC2  A$lcc2250
     00000CC3  A$lcc2250 |    00000CC5  A$lcc2250 |    00000CC6  A$lcc2250
ASxxxx Linker V03.00 + NoICE + sdld,  page 7.
Hexadecimal  [32-Bits]

Area                       Addr        Size        Decimal Bytes (Attributes)
--------------------       ----        ----        ------- ----- ------------
_CODE                  00000200    000015BD =        5565. bytes (REL,CON)

        Value  Global            Value  Global            Value  Global    
        -----  ------            -----  ------            -----  ------    
     00000CC7  A$lcc2250 |    00000CC8  A$lcc2250 |    00000CCB  A$lcc2250
     00000CCD  A$lcc2250 |    00000CCF  A$lcc2250 |    00000CCF  C$collisi
     00000CD1  A$lcc2250 |    00000CD2  A$lcc2250 |    00000CD3  A$lcc2250
     00000CD5  A$lcc2250 |    00000CD5  C$collisi |    00000CD6  A$lcc2250
     00000CD7  A$lcc2250 |    00000CD8  A$lcc2250 |    00000CDA  A$lcc2250
     00000CDB  A$lcc2250 |    00000CDC  A$lcc2250 |    00000CDD  A$lcc2250
     00000CDF  A$lcc2250 |    00000CE0  A$lcc2250 |    00000CE1  A$lcc2250
     00000CE2  A$lcc2250 |    00000CE5  A$lcc2250 |    00000CE7  A$lcc2250
     00000CE7  C$collisi |    00000CE8  A$lcc2250 |    00000CE9  A$lcc2250
     00000CEA  A$lcc2250 |    00000CEC  A$lcc2250 |    00000CED  A$lcc2250
     00000CEE  A$lcc2250 |    00000CEF  A$lcc2250 |    00000CF0  A$lcc2250
     00000CF3  A$lcc2250 |    00000CF5  A$lcc2250 |    00000CF5  C$collisi
     00000CF7  A$lcc2250 |    00000CFA  A$lcc2250 |    00000CFA  C$collisi
     00000CFC  A$lcc2250 |    00000CFD  A$lcc2250 |    00000CFF  A$lcc2250
     00000D02  A$lcc2250 |    00000D02  C$collisi |    00000D05  A$lcc2250
     00000D07  A$lcc2250 |    00000D08  A$lcc2250 |    00000D08  C$collisi
     00000D0A  A$lcc2250 |    00000D0B  A$lcc2250 |    00000D0D  A$lcc2250
     00000D0E  A$lcc2250 |    00000D10  A$lcc2250 |    00000D11  A$lcc2250
     00000D13  A$lcc2250 |    00000D14  A$lcc2250 |    00000D16  A$lcc2250
     00000D18  A$lcc2250 |    00000D1A  A$lcc2250 |    00000D1C  A$lcc2250
     00000D1E  A$lcc2250 |    00000D1F  A$lcc2250 |    00000D21  A$lcc2250
     00000D23  A$lcc2250 |    00000D25  A$lcc2250 |    00000D26  A$lcc2250
     00000D28  A$lcc2250 |    00000D29  A$lcc2250 |    00000D2A  A$lcc2250
     00000D2C  A$lcc2250 |    00000D2D  A$lcc2250 |    00000D2F  A$lcc2250
     00000D30  A$lcc2250 |    00000D32  A$lcc2250 |    00000D34  A$lcc2250
     00000D36  A$lcc2250 |    00000D36  C$collisi |    00000D39  A$lcc2250
     00000D3A  A$lcc2250 |    00000D3B  A$lcc2250 |    00000D3D  A$lcc2250
     00000D3E  A$lcc2250 |    00000D3F  A$lcc2250 |    00000D40  A$lcc2250
     00000D41  A$lcc2250 |    00000D44  A$lcc2250 |    00000D46  A$lcc2250
     00000D46  C$collisi |    00000D49  A$lcc2250 |    00000D4A  A$lcc2250
     00000D4B  A$lcc2250 |    00000D4D  A$lcc2250 |    00000D4E  A$lcc2250
     00000D4F  A$lcc2250 |    00000D50  A$lcc2250 |    00000D52  A$lcc2250
     00000D53  A$lcc2250 |    00000D54  A$lcc2250 |    00000D55  A$lcc2250
     00000D58  A$lcc2250 |    00000D5A  A$lcc2250 |    00000D5A  C$collisi
     00000D5D  A$lcc2250 |    00000D5E  A$lcc2250 |    00000D5F  A$lcc2250
     00000D61  A$lcc2250 |    00000D62  A$lcc2250 |    00000D63  A$lcc2250
     00000D64  A$lcc2250 |    00000D66  A$lcc2250 |    00000D67  A$lcc2250
     00000D68  A$lcc2250 |    00000D69  A$lcc2250 |    00000D6C  A$lcc2250
     00000D6E  A$lcc2250 |    00000D6E  C$collisi |    00000D71  A$lcc2250
     00000D72  A$lcc2250 |    00000D73  A$lcc2250 |    00000D75  A$lcc2250
     00000D76  A$lcc2250 |    00000D77  A$lcc2250 |    00000D78  A$lcc2250
     00000D7A  A$lcc2250 |    00000D7B  A$lcc2250 |    00000D7C  A$lcc2250
     00000D7D  A$lcc2250 |    00000D80  A$lcc2250 |    00000D82  A$lcc2250
     00000D82  C$collisi |    00000D84  A$lcc2250 |    00000D87  A$lcc2250
     00000D8A  A$lcc2250 |    00000D8C  A$lcc2250 |    00000D8D  A$lcc2250
     00000D8D  C$collisi |    00000D8D  C$collisi |    00000D8D  C$collisi
     00000D8D  C$collisi |    00000D8D  C$collisi |    00000D8F  A$lcc2250
     00000D90  A$lcc2250 |    00000D92  A$lcc2250 |    00000D93  A$lcc2250
     00000D95  A$lcc2250 |    00000D97  A$lcc2250 |    00000D99  A$lcc2250
     00000D99  C$collisi |    00000D9C  A$lcc2250 |    00000D9D  A$lcc2250
     00000D9E  A$lcc2250 |    00000DA0  A$lcc2250 |    00000DA1  A$lcc2250
ASxxxx Linker V03.00 + NoICE + sdld,  page 8.
Hexadecimal  [32-Bits]

Area                       Addr        Size        Decimal Bytes (Attributes)
--------------------       ----        ----        ------- ----- ------------
_CODE                  00000200    000015BD =        5565. bytes (REL,CON)

        Value  Global            Value  Global            Value  Global    
        -----  ------            -----  ------            -----  ------    
     00000DA2  A$lcc2250 |    00000DA3  A$lcc2250 |    00000DA4  A$lcc2250
     00000DA7  A$lcc2250 |    00000DA9  A$lcc2250 |    00000DA9  C$collisi
     00000DAC  A$lcc2250 |    00000DAD  A$lcc2250 |    00000DAE  A$lcc2250
     00000DB0  A$lcc2250 |    00000DB1  A$lcc2250 |    00000DB2  A$lcc2250
     00000DB3  A$lcc2250 |    00000DB5  A$lcc2250 |    00000DB6  A$lcc2250
     00000DB7  A$lcc2250 |    00000DB8  A$lcc2250 |    00000DBB  A$lcc2250
     00000DBD  A$lcc2250 |    00000DBD  C$collisi |    00000DC0  A$lcc2250
     00000DC1  A$lcc2250 |    00000DC2  A$lcc2250 |    00000DC4  A$lcc2250
     00000DC5  A$lcc2250 |    00000DC6  A$lcc2250 |    00000DC7  A$lcc2250
     00000DC9  A$lcc2250 |    00000DCA  A$lcc2250 |    00000DCB  A$lcc2250
     00000DCC  A$lcc2250 |    00000DCF  A$lcc2250 |    00000DD1  A$lcc2250
     00000DD1  C$collisi |    00000DD4  A$lcc2250 |    00000DD5  A$lcc2250
     00000DD6  A$lcc2250 |    00000DD8  A$lcc2250 |    00000DD9  A$lcc2250
     00000DDA  A$lcc2250 |    00000DDB  A$lcc2250 |    00000DDD  A$lcc2250
     00000DDE  A$lcc2250 |    00000DDF  A$lcc2250 |    00000DE0  A$lcc2250
     00000DE3  A$lcc2250 |    00000DE5  A$lcc2250 |    00000DE5  C$collisi
     00000DE7  A$lcc2250 |    00000DEA  A$lcc2250 |    00000DED  A$lcc2250
     00000DEE  A$lcc2250 |    00000DEE  C$collisi |    00000DEE  C$collisi
     00000DF0  A$lcc2250 |    00000DF1  A$lcc2250 |    00000DF2  A$lcc2250
     00000DF5  A$lcc2250 |    00000DF7  A$lcc2250 |    00000DF9  A$lcc2250
     00000DFA  A$lcc2250 |    00000DFB  A$lcc2250 |    00000DFD  A$lcc2250
     00000DFE  A$lcc2250 |    00000E00  A$lcc2250 |    00000E01  A$lcc2250
     00000E03  A$lcc2250 |    00000E05  A$lcc2250 |    00000E07  A$lcc2250
     00000E09  A$lcc2250 |    00000E0A  A$lcc2250 |    00000E0C  A$lcc2250
     00000E0E  A$lcc2250 |    00000E10  A$lcc2250 |    00000E11  A$lcc2250
     00000E14  A$lcc2250 |    00000E14  C$collisi |    00000E16  A$lcc2250
     00000E17  A$lcc2250 |    00000E19  A$lcc2250 |    00000E1A  A$lcc2250
     00000E1C  A$lcc2250 |    00000E1C  C$collisi |    00000E1F  A$lcc2250
     00000E20  A$lcc2250 |    00000E21  A$lcc2250 |    00000E23  A$lcc2250
     00000E24  A$lcc2250 |    00000E25  A$lcc2250 |    00000E26  A$lcc2250
     00000E28  A$lcc2250 |    00000E29  A$lcc2250 |    00000E2A  A$lcc2250
     00000E2B  A$lcc2250 |    00000E2E  A$lcc2250 |    00000E30  A$lcc2250
     00000E30  C$collisi |    00000E33  A$lcc2250 |    00000E34  A$lcc2250
     00000E35  A$lcc2250 |    00000E37  A$lcc2250 |    00000E38  A$lcc2250
     00000E39  A$lcc2250 |    00000E3A  A$lcc2250 |    00000E3C  A$lcc2250
     00000E3D  A$lcc2250 |    00000E3E  A$lcc2250 |    00000E3F  A$lcc2250
     00000E42  A$lcc2250 |    00000E44  A$lcc2250 |    00000E46  A$lcc2250
     00000E46  C$collisi |    00000E48  A$lcc2250 |    00000E49  A$lcc2250
     00000E4B  A$lcc2250 |    00000E4C  A$lcc2250 |    00000E4E  A$lcc2250
     00000E4E  C$collisi |    00000E51  A$lcc2250 |    00000E52  A$lcc2250
     00000E53  A$lcc2250 |    00000E55  A$lcc2250 |    00000E56  A$lcc2250
     00000E57  A$lcc2250 |    00000E58  A$lcc2250 |    00000E5A  A$lcc2250
     00000E5B  A$lcc2250 |    00000E5C  A$lcc2250 |    00000E5D  A$lcc2250
     00000E60  A$lcc2250 |    00000E62  A$lcc2250 |    00000E62  C$collisi
     00000E65  A$lcc2250 |    00000E66  A$lcc2250 |    00000E67  A$lcc2250
     00000E69  A$lcc2250 |    00000E6A  A$lcc2250 |    00000E6B  A$lcc2250
     00000E6C  A$lcc2250 |    00000E6E  A$lcc2250 |    00000E6F  A$lcc2250
     00000E70  A$lcc2250 |    00000E71  A$lcc2250 |    00000E74  A$lcc2250
     00000E76  A$lcc2250 |    00000E76  C$collisi |    00000E79  A$lcc2250
     00000E7A  A$lcc2250 |    00000E7B  A$lcc2250 |    00000E7D  A$lcc2250
     00000E7E  A$lcc2250 |    00000E7F  A$lcc2250 |    00000E80  A$lcc2250
ASxxxx Linker V03.00 + NoICE + sdld,  page 9.
Hexadecimal  [32-Bits]

Area                       Addr        Size        Decimal Bytes (Attributes)
--------------------       ----        ----        ------- ----- ------------
_CODE                  00000200    000015BD =        5565. bytes (REL,CON)

        Value  Global            Value  Global            Value  Global    
        -----  ------            -----  ------            -----  ------    
     00000E81  A$lcc2250 |    00000E84  A$lcc2250 |    00000E86  A$lcc2250
     00000E86  C$collisi |    00000E89  A$lcc2250 |    00000E8A  A$lcc2250
     00000E8B  A$lcc2250 |    00000E8D  A$lcc2250 |    00000E8E  A$lcc2250
     00000E8F  A$lcc2250 |    00000E90  A$lcc2250 |    00000E92  A$lcc2250
     00000E93  A$lcc2250 |    00000E94  A$lcc2250 |    00000E95  A$lcc2250
     00000E98  A$lcc2250 |    00000E9A  A$lcc2250 |    00000E9D  A$lcc2250
     00000E9E  A$lcc2250 |    00000E9E  C$collisi |    00000EA1  A$lcc2250
     00000EA2  A$lcc2250 |    00000EA2  C$collisi |    00000EA2  C$collisi
     00000EA2  C$collisi |    00000EA4  A$lcc2250 |    00000EA5  A$lcc2250
     00000EA6  A$lcc2250 |    00000EA9  A$lcc2250 |    00000EAB  A$lcc2250
     00000EAC  A$lcc2250 |    00000EAE  A$lcc2250 |    00000EAF  A$lcc2250
     00000EB1  A$lcc2250 |    00000EB2  A$lcc2250 |    00000EB4  A$lcc2250
     00000EB6  A$lcc2250 |    00000EB8  A$lcc2250 |    00000EBA  A$lcc2250
     00000EBC  A$lcc2250 |    00000EBD  A$lcc2250 |    00000EBF  A$lcc2250
     00000EC1  A$lcc2250 |    00000EC3  A$lcc2250 |    00000EC4  A$lcc2250
     00000EC7  A$lcc2250 |    00000EC7  C$collisi |    00000EC9  A$lcc2250
     00000ECA  A$lcc2250 |    00000ECB  A$lcc2250 |    00000ECD  A$lcc2250
     00000ECD  C$collisi |    00000ED0  A$lcc2250 |    00000ED1  A$lcc2250
     00000ED2  A$lcc2250 |    00000ED4  A$lcc2250 |    00000ED5  A$lcc2250
     00000ED6  A$lcc2250 |    00000ED7  A$lcc2250 |    00000ED9  A$lcc2250
     00000EDA  A$lcc2250 |    00000EDB  A$lcc2250 |    00000EDC  A$lcc2250
     00000EDF  A$lcc2250 |    00000EE1  A$lcc2250 |    00000EE1  C$collisi
     00000EE4  A$lcc2250 |    00000EE5  A$lcc2250 |    00000EE6  A$lcc2250
     00000EE8  A$lcc2250 |    00000EE9  A$lcc2250 |    00000EEA  A$lcc2250
     00000EEB  A$lcc2250 |    00000EED  A$lcc2250 |    00000EEE  A$lcc2250
     00000EEF  A$lcc2250 |    00000EF0  A$lcc2250 |    00000EF3  A$lcc2250
     00000EF5  A$lcc2250 |    00000EF7  A$lcc2250 |    00000EF7  C$collisi
     00000EFA  A$lcc2250 |    00000EFB  A$lcc2250 |    00000EFD  A$lcc2250
     00000EFE  A$lcc2250 |    00000EFF  A$lcc2250 |    00000F01  A$lcc2250
     00000F01  C$collisi |    00000F04  A$lcc2250 |    00000F05  A$lcc2250
     00000F06  A$lcc2250 |    00000F08  A$lcc2250 |    00000F09  A$lcc2250
     00000F0A  A$lcc2250 |    00000F0B  A$lcc2250 |    00000F0D  A$lcc2250
     00000F0E  A$lcc2250 |    00000F0F  A$lcc2250 |    00000F10  A$lcc2250
     00000F13  A$lcc2250 |    00000F15  A$lcc2250 |    00000F15  C$collisi
     00000F18  A$lcc2250 |    00000F19  A$lcc2250 |    00000F1A  A$lcc2250
     00000F1C  A$lcc2250 |    00000F1D  A$lcc2250 |    00000F1E  A$lcc2250
     00000F1F  A$lcc2250 |    00000F21  A$lcc2250 |    00000F22  A$lcc2250
     00000F23  A$lcc2250 |    00000F24  A$lcc2250 |    00000F27  A$lcc2250
     00000F29  A$lcc2250 |    00000F29  C$collisi |    00000F2C  A$lcc2250
     00000F2D  A$lcc2250 |    00000F2E  A$lcc2250 |    00000F30  A$lcc2250
     00000F31  A$lcc2250 |    00000F32  A$lcc2250 |    00000F33  A$lcc2250
     00000F34  A$lcc2250 |    00000F37  A$lcc2250 |    00000F39  A$lcc2250
     00000F39  C$collisi |    00000F3C  A$lcc2250 |    00000F3D  A$lcc2250
     00000F3E  A$lcc2250 |    00000F40  A$lcc2250 |    00000F41  A$lcc2250
     00000F42  A$lcc2250 |    00000F43  A$lcc2250 |    00000F45  A$lcc2250
     00000F46  A$lcc2250 |    00000F47  A$lcc2250 |    00000F48  A$lcc2250
     00000F4B  A$lcc2250 |    00000F4D  A$lcc2250 |    00000F4D  C$collisi
     00000F4F  A$lcc2250 |    00000F52  A$lcc2250 |    00000F52  C$collisi
     00000F54  A$lcc2250 |    00000F56  A$lcc2250 |    00000F57  A$lcc2250
     00000F58  A$lcc2250 |    00000F5A  A$lcc2250 |    00000F5B  A$lcc2250
     00000F5D  A$lcc2250 |    00000F5E  A$lcc2250 |    00000F60  A$lcc2250
ASxxxx Linker V03.00 + NoICE + sdld,  page 10.
Hexadecimal  [32-Bits]

Area                       Addr        Size        Decimal Bytes (Attributes)
--------------------       ----        ----        ------- ----- ------------
_CODE                  00000200    000015BD =        5565. bytes (REL,CON)

        Value  Global            Value  Global            Value  Global    
        -----  ------            -----  ------            -----  ------    
     00000F62  A$lcc2250 |    00000F64  A$lcc2250 |    00000F66  A$lcc2250
     00000F67  A$lcc2250 |    00000F69  A$lcc2250 |    00000F6B  A$lcc2250
     00000F6D  A$lcc2250 |    00000F6E  A$lcc2250 |    00000F70  A$lcc2250
     00000F71  A$lcc2250 |    00000F73  A$lcc2250 |    00000F74  A$lcc2250
     00000F76  A$lcc2250 |    00000F77  A$lcc2250 |    00000F78  A$lcc2250
     00000F7A  A$lcc2250 |    00000F7C  A$lcc2250 |    00000F7E  A$lcc2250
     00000F80  A$lcc2250 |    00000F80  C$collisi |    00000F83  A$lcc2250
     00000F85  A$lcc2250 |    00000F86  A$lcc2250 |    00000F87  A$lcc2250
     00000F88  A$lcc2250 |    00000F89  A$lcc2250 |    00000F8B  A$lcc2250
     00000F8C  A$lcc2250 |    00000F8D  A$lcc2250 |    00000F8E  A$lcc2250
     00000F91  A$lcc2250 |    00000F93  A$lcc2250 |    00000F93  C$collisi
     00000F96  A$lcc2250 |    00000F98  A$lcc2250 |    00000F99  A$lcc2250
     00000F9A  A$lcc2250 |    00000F9B  A$lcc2250 |    00000F9D  A$lcc2250
     00000F9E  A$lcc2250 |    00000F9F  A$lcc2250 |    00000FA0  A$lcc2250
     00000FA1  A$lcc2250 |    00000FA4  A$lcc2250 |    00000FA6  A$lcc2250
     00000FA6  C$collisi |    00000FA9  A$lcc2250 |    00000FAA  A$lcc2250
     00000FAB  A$lcc2250 |    00000FAD  A$lcc2250 |    00000FAE  A$lcc2250
     00000FAF  A$lcc2250 |    00000FB0  A$lcc2250 |    00000FB2  A$lcc2250
     00000FB3  A$lcc2250 |    00000FB4  A$lcc2250 |    00000FB5  A$lcc2250
     00000FB8  A$lcc2250 |    00000FBA  A$lcc2250 |    00000FBA  C$collisi
     00000FBD  A$lcc2250 |    00000FBE  A$lcc2250 |    00000FBF  A$lcc2250
     00000FC1  A$lcc2250 |    00000FC2  A$lcc2250 |    00000FC3  A$lcc2250
     00000FC4  A$lcc2250 |    00000FC6  A$lcc2250 |    00000FC7  A$lcc2250
     00000FC8  A$lcc2250 |    00000FC9  A$lcc2250 |    00000FCC  A$lcc2250
     00000FCE  A$lcc2250 |    00000FCE  C$collisi |    00000FD0  A$lcc2250
     00000FD2  A$lcc2250 |    00000FD2  C$collisi |    00000FD5  A$lcc2250
     00000FD7  A$lcc2250 |    00000FD8  A$lcc2250 |    00000FDA  A$lcc2250
     00000FDB  A$lcc2250 |    00000FDD  A$lcc2250 |    00000FDE  A$lcc2250
     00000FE0  A$lcc2250 |    00000FE2  A$lcc2250 |    00000FE4  A$lcc2250
     00000FE6  A$lcc2250 |    00000FE6  C$collisi |    00000FE9  A$lcc2250
     00000FEB  A$lcc2250 |    00000FEC  A$lcc2250 |    00000FED  A$lcc2250
     00000FEE  A$lcc2250 |    00000FEF  A$lcc2250 |    00000FF1  A$lcc2250
     00000FF2  A$lcc2250 |    00000FF3  A$lcc2250 |    00000FF4  A$lcc2250
     00000FF7  A$lcc2250 |    00000FF9  A$lcc2250 |    00000FF9  C$collisi
     00000FFC  A$lcc2250 |    00000FFE  A$lcc2250 |    00000FFF  A$lcc2250
     00001000  A$lcc2250 |    00001001  A$lcc2250 |    00001003  A$lcc2250
     00001004  A$lcc2250 |    00001005  A$lcc2250 |    00001006  A$lcc2250
     00001007  A$lcc2250 |    0000100A  A$lcc2250 |    0000100C  A$lcc2250
     0000100C  C$collisi |    0000100F  A$lcc2250 |    00001011  A$lcc2250
     00001012  A$lcc2250 |    00001013  A$lcc2250 |    00001014  A$lcc2250
     00001016  A$lcc2250 |    00001017  A$lcc2250 |    00001018  A$lcc2250
     00001019  A$lcc2250 |    0000101B  A$lcc2250 |    0000101C  A$lcc2250
     0000101D  A$lcc2250 |    0000101E  A$lcc2250 |    00001021  A$lcc2250
     00001023  A$lcc2250 |    00001023  C$collisi |    00001026  A$lcc2250
     00001028  A$lcc2250 |    00001029  A$lcc2250 |    0000102A  A$lcc2250
     0000102B  A$lcc2250 |    0000102C  A$lcc2250 |    0000102E  A$lcc2250
     0000102F  A$lcc2250 |    00001030  A$lcc2250 |    00001031  A$lcc2250
     00001034  A$lcc2250 |    00001036  A$lcc2250 |    00001036  C$collisi
     00001038  A$lcc2250 |    0000103A  A$lcc2250 |    0000103A  C$collisi
     0000103C  A$lcc2250 |    0000103E  A$lcc2250 |    0000103E  C$collisi
     0000103E  XG$collid |    0000103F  A$lcc2250 |    0000103F  C$main.c$
ASxxxx Linker V03.00 + NoICE + sdld,  page 11.
Hexadecimal  [32-Bits]

Area                       Addr        Size        Decimal Bytes (Attributes)
--------------------       ----        ----        ------- ----- ------------
_CODE                  00000200    000015BD =        5565. bytes (REL,CON)

        Value  Global            Value  Global            Value  Global    
        -----  ------            -----  ------            -----  ------    
     0000103F  C$main.c$ |    0000103F  G$update_ |    0000103F  _update_b
     00001041  A$lcc2250 |    00001042  A$lcc2250 |    00001044  A$lcc2250
     00001045  A$lcc2250 |    00001046  A$lcc2250 |    00001047  A$lcc2250
     00001048  A$lcc2250 |    0000104B  A$lcc2250 |    0000104C  A$lcc2250
     0000104D  A$lcc2250 |    0000104E  A$lcc2250 |    0000104E  C$main.c$
     00001050  A$lcc2250 |    00001051  A$lcc2250 |    00001053  A$lcc2250
     00001056  A$lcc2250 |    00001057  A$lcc2250 |    00001058  A$lcc2250
     00001059  A$lcc2250 |    00001059  C$main.c$ |    00001059  XG$update
     0000105A  A$lcc2250 |    0000105A  C$main.c$ |    0000105A  C$main.c$
     0000105A  G$update_ |    0000105A  _update_b |    0000105C  A$lcc2250
     0000105D  A$lcc2250 |    0000105F  A$lcc2250 |    00001060  A$lcc2250
     00001061  A$lcc2250 |    00001062  A$lcc2250 |    00001063  A$lcc2250
     00001066  A$lcc2250 |    00001067  A$lcc2250 |    00001068  A$lcc2250
     00001069  A$lcc2250 |    00001069  C$main.c$ |    0000106B  A$lcc2250
     0000106C  A$lcc2250 |    0000106E  A$lcc2250 |    00001071  A$lcc2250
     00001072  A$lcc2250 |    00001073  A$lcc2250 |    00001074  A$lcc2250
     00001074  C$main.c$ |    00001074  XG$update |    00001075  A$lcc2250
     00001075  C$main.c$ |    00001075  C$main.c$ |    00001075  G$main$0$
     00001075  _main     |    00001076  A$lcc2250 |    00001078  A$lcc2250
     00001078  C$main.c$ |    0000107A  A$lcc2250 |    0000107C  A$lcc2250
     0000107C  C$main.c$ |    0000107E  A$lcc2250 |    00001080  A$lcc2250
     00001082  A$lcc2250 |    00001082  C$main.c$ |    00001084  A$lcc2250
     00001086  A$lcc2250 |    00001088  A$lcc2250 |    00001088  C$main.c$
     0000108A  A$lcc2250 |    0000108C  A$lcc2250 |    0000108E  A$lcc2250
     0000108E  C$main.c$ |    00001090  A$lcc2250 |    00001092  A$lcc2250
     00001094  A$lcc2250 |    00001094  C$main.c$ |    00001097  A$lcc2250
     00001098  A$lcc2250 |    0000109B  A$lcc2250 |    0000109C  A$lcc2250
     0000109F  A$lcc2250 |    000010A1  A$lcc2250 |    000010A1  C$main.c$
     000010A4  A$lcc2250 |    000010A5  A$lcc2250 |    000010A8  A$lcc2250
     000010A9  A$lcc2250 |    000010AC  A$lcc2250 |    000010AE  A$lcc2250
     000010AE  C$main.c$ |    000010B1  A$lcc2250 |    000010B2  A$lcc2250
     000010B5  A$lcc2250 |    000010B6  A$lcc2250 |    000010B9  A$lcc2250
     000010BB  A$lcc2250 |    000010BB  C$main.c$ |    000010BE  A$lcc2250
     000010BF  A$lcc2250 |    000010C2  A$lcc2250 |    000010C3  A$lcc2250
     000010C4  A$lcc2250 |    000010C5  A$lcc2250 |    000010C6  A$lcc2250
     000010C9  A$lcc2250 |    000010CB  A$lcc2250 |    000010CB  C$main.c$
     000010CE  A$lcc2250 |    000010D0  A$lcc2250 |    000010D1  A$lcc2250
     000010D3  A$lcc2250 |    000010D3  C$main.c$ |    000010D6  A$lcc2250
     000010D8  A$lcc2250 |    000010D9  A$lcc2250 |    000010DB  A$lcc2250
     000010DB  C$main.c$ |    000010DE  A$lcc2250 |    000010E0  A$lcc2250
     000010E3  A$lcc2250 |    000010E5  A$lcc2250 |    000010E8  A$lcc2250
     000010E9  A$lcc2250 |    000010EC  A$lcc2250 |    000010ED  A$lcc2250
     000010F0  A$lcc2250 |    000010F1  A$lcc2250 |    000010F2  A$lcc2250
     000010F3  A$lcc2250 |    000010F6  A$lcc2250 |    000010F7  A$lcc2250
     000010F8  A$lcc2250 |    000010F9  A$lcc2250 |    000010FC  A$lcc2250
     000010FE  A$lcc2250 |    000010FF  A$lcc2250 |    00001100  A$lcc2250
     00001101  A$lcc2250 |    00001103  A$lcc2250 |    00001104  A$lcc2250
     00001107  A$lcc2250 |    00001109  A$lcc2250 |    00001109  C$main.c$
     0000110C  A$lcc2250 |    0000110E  A$lcc2250 |    00001111  A$lcc2250
     00001113  A$lcc2250 |    00001113  C$main.c$ |    00001113  C$main.c$
     00001116  A$lcc2250 |    00001119  A$lcc2250 |    00001119  C$main.c$
ASxxxx Linker V03.00 + NoICE + sdld,  page 12.
Hexadecimal  [32-Bits]

Area                       Addr        Size        Decimal Bytes (Attributes)
--------------------       ----        ----        ------- ----- ------------
_CODE                  00000200    000015BD =        5565. bytes (REL,CON)

        Value  Global            Value  Global            Value  Global    
        -----  ------            -----  ------            -----  ------    
     0000111C  A$lcc2250 |    0000111F  A$lcc2250 |    00001120  A$lcc2250
     00001120  C$main.c$ |    00001122  A$lcc2250 |    00001124  A$lcc2250
     00001124  C$main.c$ |    00001127  A$lcc2250 |    00001128  A$lcc2250
     0000112B  A$lcc2250 |    0000112C  A$lcc2250 |    0000112D  A$lcc2250
     0000112E  A$lcc2250 |    0000112F  A$lcc2250 |    00001132  A$lcc2250
     00001134  A$lcc2250 |    00001137  A$lcc2250 |    00001138  A$lcc2250
     0000113A  A$lcc2250 |    0000113C  A$lcc2250 |    0000113F  A$lcc2250
     00001140  A$lcc2250 |    00001141  A$lcc2250 |    00001142  A$lcc2250
     00001142  C$main.c$ |    00001143  A$lcc2250 |    00001144  A$lcc2250
     00001145  A$lcc2250 |    00001146  A$lcc2250 |    00001147  A$lcc2250
     00001149  A$lcc2250 |    0000114B  A$lcc2250 |    0000114D  A$lcc2250
     0000114F  A$lcc2250 |    00001150  A$lcc2250 |    00001152  A$lcc2250
     00001154  A$lcc2250 |    00001156  A$lcc2250 |    00001157  A$lcc2250
     00001159  A$lcc2250 |    00001159  C$main.c$ |    0000115A  A$lcc2250
     0000115B  A$lcc2250 |    0000115E  A$lcc2250 |    0000115F  A$lcc2250
     00001160  A$lcc2250 |    00001161  A$lcc2250 |    00001163  A$lcc2250
     00001165  A$lcc2250 |    00001167  A$lcc2250 |    00001167  C$main.c$
     0000116A  A$lcc2250 |    0000116B  A$lcc2250 |    0000116C  A$lcc2250
     0000116D  A$lcc2250 |    0000116D  C$main.c$ |    0000116E  A$lcc2250
     00001170  A$lcc2250 |    00001171  A$lcc2250 |    00001172  A$lcc2250
     00001173  A$lcc2250 |    00001174  A$lcc2250 |    00001176  A$lcc2250
     00001178  A$lcc2250 |    00001178  C$main.c$ |    00001179  A$lcc2250
     0000117C  A$lcc2250 |    0000117D  A$lcc2250 |    0000117E  A$lcc2250
     0000117F  A$lcc2250 |    00001182  A$lcc2250 |    00001185  A$lcc2250
     00001186  A$lcc2250 |    00001186  C$main.c$ |    00001187  A$lcc2250
     00001187  C$main.c$ |    0000118A  A$lcc2250 |    0000118B  A$lcc2250
     0000118D  A$lcc2250 |    0000118E  A$lcc2250 |    00001190  A$lcc2250
     00001191  A$lcc2250 |    00001193  A$lcc2250 |    00001194  A$lcc2250
     00001196  A$lcc2250 |    00001197  A$lcc2250 |    00001198  A$lcc2250
     0000119A  A$lcc2250 |    0000119B  A$lcc2250 |    0000119C  A$lcc2250
     0000119E  A$lcc2250 |    0000119F  A$lcc2250 |    000011A0  A$lcc2250
     000011A2  A$lcc2250 |    000011A2  C$main.c$ |    000011A5  A$lcc2250
     000011A7  A$lcc2250 |    000011A7  C$main.c$ |    000011AA  A$lcc2250
     000011AD  A$lcc2250 |    000011AE  A$lcc2250 |    000011AF  A$lcc2250
     000011B0  A$lcc2250 |    000011B1  A$lcc2250 |    000011B2  A$lcc2250
     000011B5  A$lcc2250 |    000011B6  A$lcc2250 |    000011B8  A$lcc2250
     000011B8  C$main.c$ |    000011B9  A$lcc2250 |    000011BA  A$lcc2250
     000011BC  A$lcc2250 |    000011BD  A$lcc2250 |    000011BE  A$lcc2250
     000011C0  A$lcc2250 |    000011C1  A$lcc2250 |    000011C2  A$lcc2250
     000011C4  A$lcc2250 |    000011C7  A$lcc2250 |    000011C8  A$lcc2250
     000011CA  A$lcc2250 |    000011CA  C$main.c$ |    000011CD  A$lcc2250
     000011CF  A$lcc2250 |    000011CF  C$main.c$ |    000011D2  A$lcc2250
     000011D5  A$lcc2250 |    000011D6  A$lcc2250 |    000011D7  A$lcc2250
     000011D8  A$lcc2250 |    000011D9  A$lcc2250 |    000011DA  A$lcc2250
     000011DD  A$lcc2250 |    000011DE  A$lcc2250 |    000011DE  C$main.c$
     000011E1  A$lcc2250 |    000011E2  A$lcc2250 |    000011E4  A$lcc2250
     000011E4  C$main.c$ |    000011E7  A$lcc2250 |    000011E8  A$lcc2250
     000011E9  A$lcc2250 |    000011EA  A$lcc2250 |    000011EB  A$lcc2250
     000011ED  A$lcc2250 |    000011EE  A$lcc2250 |    000011EF  A$lcc2250
     000011F1  A$lcc2250 |    000011F2  A$lcc2250 |    000011F5  A$lcc2250
     000011F6  A$lcc2250 |    000011F7  A$lcc2250 |    000011F8  A$lcc2250
ASxxxx Linker V03.00 + NoICE + sdld,  page 13.
Hexadecimal  [32-Bits]

Area                       Addr        Size        Decimal Bytes (Attributes)
--------------------       ----        ----        ------- ----- ------------
_CODE                  00000200    000015BD =        5565. bytes (REL,CON)

        Value  Global            Value  Global            Value  Global    
        -----  ------            -----  ------            -----  ------    
     000011F8  C$main.c$ |    000011FB  A$lcc2250 |    000011FC  A$lcc2250
     000011FD  A$lcc2250 |    000011FE  A$lcc2250 |    000011FF  A$lcc2250
     00001202  A$lcc2250 |    00001203  A$lcc2250 |    00001204  A$lcc2250
     00001206  A$lcc2250 |    00001206  C$main.c$ |    00001209  A$lcc2250
     0000120B  A$lcc2250 |    0000120E  A$lcc2250 |    0000120F  A$lcc2250
     00001210  A$lcc2250 |    00001211  A$lcc2250 |    00001214  A$lcc2250
     00001215  A$lcc2250 |    00001216  A$lcc2250 |    00001217  A$lcc2250
     00001219  A$lcc2250 |    0000121A  A$lcc2250 |    0000121B  A$lcc2250
     0000121E  A$lcc2250 |    0000121F  A$lcc2250 |    0000121F  C$main.c$
     00001221  A$lcc2250 |    00001224  A$lcc2250 |    00001225  A$lcc2250
     00001228  A$lcc2250 |    00001229  A$lcc2250 |    0000122C  A$lcc2250
     0000122D  A$lcc2250 |    0000122E  A$lcc2250 |    0000122F  A$lcc2250
     00001232  A$lcc2250 |    00001233  A$lcc2250 |    00001234  A$lcc2250
     00001235  A$lcc2250 |    00001238  A$lcc2250 |    0000123A  A$lcc2250
     0000123B  A$lcc2250 |    0000123C  A$lcc2250 |    0000123D  A$lcc2250
     0000123F  A$lcc2250 |    00001240  A$lcc2250 |    00001243  A$lcc2250
     00001245  A$lcc2250 |    00001245  C$main.c$ |    00001245  C$main.c$
     00001248  A$lcc2250 |    00001249  A$lcc2250 |    0000124B  A$lcc2250
     0000124B  C$main.c$ |    0000124E  A$lcc2250 |    0000124F  A$lcc2250
     00001250  A$lcc2250 |    00001251  A$lcc2250 |    00001252  A$lcc2250
     00001254  A$lcc2250 |    00001255  A$lcc2250 |    00001256  A$lcc2250
     00001258  A$lcc2250 |    00001259  A$lcc2250 |    0000125C  A$lcc2250
     0000125D  A$lcc2250 |    0000125E  A$lcc2250 |    0000125F  A$lcc2250
     0000125F  C$main.c$ |    00001262  A$lcc2250 |    00001263  A$lcc2250
     00001264  A$lcc2250 |    00001265  A$lcc2250 |    00001266  A$lcc2250
     00001269  A$lcc2250 |    0000126A  A$lcc2250 |    0000126B  A$lcc2250
     0000126D  A$lcc2250 |    0000126D  C$main.c$ |    00001270  A$lcc2250
     00001272  A$lcc2250 |    00001275  A$lcc2250 |    00001276  A$lcc2250
     00001277  A$lcc2250 |    00001278  A$lcc2250 |    0000127B  A$lcc2250
     0000127C  A$lcc2250 |    0000127D  A$lcc2250 |    0000127E  A$lcc2250
     00001280  A$lcc2250 |    00001281  A$lcc2250 |    00001282  A$lcc2250
     00001285  A$lcc2250 |    00001286  A$lcc2250 |    00001286  C$main.c$
     00001288  A$lcc2250 |    0000128B  A$lcc2250 |    0000128C  A$lcc2250
     0000128F  A$lcc2250 |    00001290  A$lcc2250 |    00001293  A$lcc2250
     00001294  A$lcc2250 |    00001295  A$lcc2250 |    00001296  A$lcc2250
     00001299  A$lcc2250 |    0000129A  A$lcc2250 |    0000129B  A$lcc2250
     0000129C  A$lcc2250 |    0000129F  A$lcc2250 |    000012A1  A$lcc2250
     000012A2  A$lcc2250 |    000012A3  A$lcc2250 |    000012A4  A$lcc2250
     000012A6  A$lcc2250 |    000012A7  A$lcc2250 |    000012AA  A$lcc2250
     000012AC  A$lcc2250 |    000012AC  C$main.c$ |    000012AC  C$main.c$
     000012AF  A$lcc2250 |    000012B0  A$lcc2250 |    000012B1  A$lcc2250
     000012B2  A$lcc2250 |    000012B3  A$lcc2250 |    000012B5  A$lcc2250
     000012B6  A$lcc2250 |    000012B7  A$lcc2250 |    000012B8  A$lcc2250
     000012B9  A$lcc2250 |    000012BB  A$lcc2250 |    000012BD  A$lcc2250
     000012BD  C$main.c$ |    000012C0  A$lcc2250 |    000012C2  A$lcc2250
     000012C5  A$lcc2250 |    000012C6  A$lcc2250 |    000012C7  A$lcc2250
     000012C8  A$lcc2250 |    000012CB  A$lcc2250 |    000012CC  A$lcc2250
     000012CD  A$lcc2250 |    000012CE  A$lcc2250 |    000012D0  A$lcc2250
     000012D1  A$lcc2250 |    000012D2  A$lcc2250 |    000012D5  A$lcc2250
     000012D6  A$lcc2250 |    000012D6  C$main.c$ |    000012D6  C$main.c$
     000012D9  A$lcc2250 |    000012DA  A$lcc2250 |    000012DB  A$lcc2250
ASxxxx Linker V03.00 + NoICE + sdld,  page 14.
Hexadecimal  [32-Bits]

Area                       Addr        Size        Decimal Bytes (Attributes)
--------------------       ----        ----        ------- ----- ------------
_CODE                  00000200    000015BD =        5565. bytes (REL,CON)

        Value  Global            Value  Global            Value  Global    
        -----  ------            -----  ------            -----  ------    
     000012DC  A$lcc2250 |    000012DD  A$lcc2250 |    000012DF  A$lcc2250
     000012E0  A$lcc2250 |    000012E1  A$lcc2250 |    000012E2  A$lcc2250
     000012E3  A$lcc2250 |    000012E5  A$lcc2250 |    000012E7  A$lcc2250
     000012E7  C$main.c$ |    000012EA  A$lcc2250 |    000012EC  A$lcc2250
     000012EF  A$lcc2250 |    000012F0  A$lcc2250 |    000012F1  A$lcc2250
     000012F2  A$lcc2250 |    000012F5  A$lcc2250 |    000012F6  A$lcc2250
     000012F7  A$lcc2250 |    000012F8  A$lcc2250 |    000012FA  A$lcc2250
     000012FB  A$lcc2250 |    000012FC  A$lcc2250 |    000012FF  A$lcc2250
     00001300  A$lcc2250 |    00001300  C$main.c$ |    00001303  A$lcc2250
     00001304  A$lcc2250 |    00001307  A$lcc2250 |    00001308  A$lcc2250
     0000130B  A$lcc2250 |    0000130C  A$lcc2250 |    0000130D  A$lcc2250
     0000130E  A$lcc2250 |    0000130F  A$lcc2250 |    00001312  A$lcc2250
     00001313  A$lcc2250 |    00001314  A$lcc2250 |    00001315  A$lcc2250
     00001318  A$lcc2250 |    0000131A  A$lcc2250 |    0000131B  A$lcc2250
     0000131C  A$lcc2250 |    0000131D  A$lcc2250 |    0000131E  A$lcc2250
     0000131F  A$lcc2250 |    00001320  A$lcc2250 |    00001321  A$lcc2250
     00001322  A$lcc2250 |    00001325  A$lcc2250 |    00001327  A$lcc2250
     00001327  C$main.c$ |    0000132A  A$lcc2250 |    0000132A  C$main.c$
     0000132D  A$lcc2250 |    0000132D  C$main.c$ |    0000132D  XG$main$0
     00001330  G$bkg_map |    00001330  _bkg_map  |    00001498  G$bkg_til
     00001498  _bkg_tile |    000016E8  _get_vram |    000016F5  _get_win_
     000016FD  _get_bkg_ |    00001724  ___hide_m |    00001744  _set_vram
     00001753  _set_win_ |    0000175B  _set_bkg_ |    00001785  ___move_m
ASxxxx Linker V03.00 + NoICE + sdld,  page 15.
Hexadecimal  [32-Bits]

Area                       Addr        Size        Decimal Bytes (Attributes)
--------------------       ----        ----        ------- ----- ------------
_HEADER0               00000000    00000001 =           1. bytes (ABS,CON)

        Value  Global            Value  Global            Value  Global    
        -----  ------            -----  ------            -----  ------    
     00000020  .call_hl 
ASxxxx Linker V03.00 + NoICE + sdld,  page 16.
Hexadecimal  [32-Bits]

Area                       Addr        Size        Decimal Bytes (Attributes)
--------------------       ----        ----        ------- ----- ------------
_HEADER1               00000000    00000005 =           5. bytes (ABS,CON)

        Value  Global            Value  Global            Value  Global    
        -----  ------            -----  ------            -----  ------    
     00000028  .MemsetSm
ASxxxx Linker V03.00 + NoICE + sdld,  page 17.
Hexadecimal  [32-Bits]

Area                       Addr        Size        Decimal Bytes (Attributes)
--------------------       ----        ----        ------- ----- ------------
_HEADER2               00000000    00000007 =           7. bytes (ABS,CON)

        Value  Global            Value  Global            Value  Global    
        -----  ------            -----  ------            -----  ------    
     00000030  .MemcpySm
ASxxxx Linker V03.00 + NoICE + sdld,  page 18.
Hexadecimal  [32-Bits]

Area                       Addr        Size        Decimal Bytes (Attributes)
--------------------       ----        ----        ------- ----- ------------
_HEADER3               00000000    00000008 =           8. bytes (ABS,CON)

        Value  Global            Value  Global            Value  Global    
        -----  ------            -----  ------            -----  ------    
ASxxxx Linker V03.00 + NoICE + sdld,  page 19.
Hexadecimal  [32-Bits]

Area                       Addr        Size        Decimal Bytes (Attributes)
--------------------       ----        ----        ------- ----- ------------
_HEADER4               00000000    0000004F =          79. bytes (ABS,CON)

        Value  Global            Value  Global            Value  Global    
        -----  ------            -----  ------            -----  ------    
     00000080  .int      |    0000008F  _wait_int |    0000009C  __standar
     000000AC  _refresh_
ASxxxx Linker V03.00 + NoICE + sdld,  page 20.
Hexadecimal  [32-Bits]

Area                       Addr        Size        Decimal Bytes (Attributes)
--------------------       ----        ----        ------- ----- ------------
_HEADER5               00000000    00000002 =           2. bytes (ABS,CON)

        Value  Global            Value  Global            Value  Global    
        -----  ------            -----  ------            -----  ------    
ASxxxx Linker V03.00 + NoICE + sdld,  page 21.
Hexadecimal  [32-Bits]

Area                       Addr        Size        Decimal Bytes (Attributes)
--------------------       ----        ----        ------- ----- ------------
_HEADER6               00000000    00000030 =          48. bytes (ABS,CON)

        Value  Global            Value  Global            Value  Global    
        -----  ------            -----  ------            -----  ------    
ASxxxx Linker V03.00 + NoICE + sdld,  page 22.
Hexadecimal  [32-Bits]

Area                       Addr        Size        Decimal Bytes (Attributes)
--------------------       ----        ----        ------- ----- ------------
_HEADER7               00000000    00000006 =           6. bytes (ABS,CON)

        Value  Global            Value  Global            Value  Global    
        -----  ------            -----  ------            -----  ------    
ASxxxx Linker V03.00 + NoICE + sdld,  page 23.
Hexadecimal  [32-Bits]

Area                       Addr        Size        Decimal Bytes (Attributes)
--------------------       ----        ----        ------- ----- ------------
_HEADER8               00000000    00000003 =           3. bytes (ABS,CON)

        Value  Global            Value  Global            Value  Global    
        -----  ------            -----  ------            -----  ------    
ASxxxx Linker V03.00 + NoICE + sdld,  page 24.
Hexadecimal  [32-Bits]

Area                       Addr        Size        Decimal Bytes (Attributes)
--------------------       ----        ----        ------- ----- ------------
_HEADER9               00000000    00000001 =           1. bytes (ABS,CON)

        Value  Global            Value  Global            Value  Global    
        -----  ------            -----  ------            -----  ------    
ASxxxx Linker V03.00 + NoICE + sdld,  page 25.
Hexadecimal  [32-Bits]

Area                       Addr        Size        Decimal Bytes (Attributes)
--------------------       ----        ----        ------- ----- ------------
_HEADERa               00000000    00000001 =           1. bytes (ABS,CON)

        Value  Global            Value  Global            Value  Global    
        -----  ------            -----  ------            -----  ------    
ASxxxx Linker V03.00 + NoICE + sdld,  page 26.
Hexadecimal  [32-Bits]

Area                       Addr        Size        Decimal Bytes (Attributes)
--------------------       ----        ----        ------- ----- ------------
_HEADERb               00000000    00000001 =           1. bytes (ABS,CON)

        Value  Global            Value  Global            Value  Global    
        -----  ------            -----  ------            -----  ------    
ASxxxx Linker V03.00 + NoICE + sdld,  page 27.
Hexadecimal  [32-Bits]

Area                       Addr        Size        Decimal Bytes (Attributes)
--------------------       ----        ----        ------- ----- ------------
_HEADERc               00000000    00000002 =           2. bytes (ABS,CON)

        Value  Global            Value  Global            Value  Global    
        -----  ------            -----  ------            -----  ------    
ASxxxx Linker V03.00 + NoICE + sdld,  page 28.
Hexadecimal  [32-Bits]

Area                       Addr        Size        Decimal Bytes (Attributes)
--------------------       ----        ----        ------- ----- ------------
_HEADERd               00000000    00000001 =           1. bytes (ABS,CON)

        Value  Global            Value  Global            Value  Global    
        -----  ------            -----  ------            -----  ------    
ASxxxx Linker V03.00 + NoICE + sdld,  page 29.
Hexadecimal  [32-Bits]

Area                       Addr        Size        Decimal Bytes (Attributes)
--------------------       ----        ----        ------- ----- ------------
_HEADERe               00000000    00000001 =           1. bytes (ABS,CON)

        Value  Global            Value  Global            Value  Global    
        -----  ------            -----  ------            -----  ------    
ASxxxx Linker V03.00 + NoICE + sdld,  page 30.
Hexadecimal  [32-Bits]

Area                       Addr        Size        Decimal Bytes (Attributes)
--------------------       ----        ----        ------- ----- ------------
_HEADERf               00000000    00000002 =           2. bytes (ABS,CON)

        Value  Global            Value  Global            Value  Global    
        -----  ------            -----  ------            -----  ------    
ASxxxx Linker V03.00 + NoICE + sdld,  page 31.
Hexadecimal  [32-Bits]

Area                       Addr        Size        Decimal Bytes (Attributes)
--------------------       ----        ----        ------- ----- ------------
_HEADER10              00000000    00000082 =         130. bytes (ABS,CON)

        Value  Global            Value  Global            Value  Global    
        -----  ------            -----  ------            -----  ------    
     00000150  .reset    |    00000150  _reset    |    00000157  .code_sta
     000001B7  _exit     |    000001BB  _set_inte
ASxxxx Linker V03.00 + NoICE + sdld,  page 32.
Hexadecimal  [32-Bits]

Area                       Addr        Size        Decimal Bytes (Attributes)
--------------------       ----        ----        ------- ----- ------------
_HEADER11              00000000    00000001 =           1. bytes (ABS,CON)

        Value  Global            Value  Global            Value  Global    
        -----  ------            -----  ------            -----  ------    
ASxxxx Linker V03.00 + NoICE + sdld,  page 33.
Hexadecimal  [32-Bits]

Area                       Addr        Size        Decimal Bytes (Attributes)
--------------------       ----        ----        ------- ----- ------------
_HOME                  000017BD    0000017B =         379. bytes (REL,CON)

        Value  Global            Value  Global            Value  Global    
        -----  ------            -----  ------            -----  ------    
     000017BD  .memset_s |    000017C6  .memcpy_s |    000017E3  .remove_V
     000017E6  .remove_i |    00001803  .add_VBL  |    00001806  .add_int 
     00001811  .wait_vbl |    00001811  _wait_vbl |    00001821  .display_
     00001821  _display_ |    00001839  _remove_V |    00001844  _add_VBL 
     0000184F  _set_tile |    00001854  _set_bkg_ |    00001854  _set_win_
     0000185C  _set_spri |    0000188C  .padup    |    0000188C  _waitpadu
     0000189C  .jpad     |    0000189C  _joypad   |    000018C4  _waitpad 
     000018C7  .wait_pad |    000018CE  _set_bkg_ |    000018E2  .set_xy_w
     000018EB  .set_xy_b |    000018FA  .set_xy_t
ASxxxx Linker V03.00 + NoICE + sdld,  page 34.
Hexadecimal  [32-Bits]

Area                       Addr        Size        Decimal Bytes (Attributes)
--------------------       ----        ----        ------- ----- ------------
_INITIALIZER           00001938    0000002D =          45. bytes (REL,CON)

        Value  Global            Value  Global            Value  Global    
        -----  ------            -----  ------            -----  ------    
     00001938  Fcollisio |    0000193D  Fcollisio |    00001942  Fcollisio
     0000194C  Fcollisio |    0000195A  Fcollisio
ASxxxx Linker V03.00 + NoICE + sdld,  page 35.
Hexadecimal  [32-Bits]

Area                       Addr        Size        Decimal Bytes (Attributes)
--------------------       ----        ----        ------- ----- ------------
_GSINIT                00001965    0000000C =          12. bytes (REL,CON)

        Value  Global            Value  Global            Value  Global    
        -----  ------            -----  ------            -----  ------    
     00001965  gsinit   
ASxxxx Linker V03.00 + NoICE + sdld,  page 36.
Hexadecimal  [32-Bits]

Area                       Addr        Size        Decimal Bytes (Attributes)
--------------------       ----        ----        ------- ----- ------------
_GSFINAL               00001971    00000001 =           1. bytes (REL,CON)

        Value  Global            Value  Global            Value  Global    
        -----  ------            -----  ------            -----  ------    
ASxxxx Linker V03.00 + NoICE + sdld,  page 37.
Hexadecimal  [32-Bits]

Area                       Addr        Size        Decimal Bytes (Attributes)
--------------------       ----        ----        ------- ----- ------------
_DATA                  0000C0A0    00000079 =         121. bytes (REL,CON)

        Value  Global            Value  Global            Value  Global    
        -----  ------            -----  ------            -----  ------    
     0000C0A0  __cpu     |    0000C0A1  __is_GBA  |    0000C0A2  .mode    
     0000C0A3  .sys_time |    0000C0A3  _sys_time |    0000C0A5  .int_0x40
     0000C0DE  _hUGE_cur |    0000C0FF  G$joy$0_0 |    0000C0FF  _joy     
     0000C100  G$last_jo |    0000C100  _last_joy |    0000C101  G$PLAYER$
     0000C101  _PLAYER   |    0000C108  G$BULLET1 |    0000C108  _BULLET1 
     0000C10F  G$BULLET2 |    0000C10F  _BULLET2  |    0000C116  ___curren
     0000C118  ___curren
ASxxxx Linker V03.00 + NoICE + sdld,  page 38.
Hexadecimal  [32-Bits]

Area                       Addr        Size        Decimal Bytes (Attributes)
--------------------       ----        ----        ------- ----- ------------
_INITIALIZED           0000C119    0000002D =          45. bytes (REL,CON)

        Value  Global            Value  Global            Value  Global    
        -----  ------            -----  ------            -----  ------    
     0000C119  G$npc_til |    0000C119  _npc_tile |    0000C11E  G$npc_til
     0000C11E  _npc_tile |    0000C123  G$npc_til |    0000C123  _npc_tile
     0000C12D  G$npc_til |    0000C12D  _npc_tile |    0000C13B  G$npc_til
     0000C13B  _npc_tile |    0000C145  ___render
ASxxxx Linker V03.00 + NoICE + sdld,  page 39.
Hexadecimal  [32-Bits]

Area                       Addr        Size        Decimal Bytes (Attributes)
--------------------       ----        ----        ------- ----- ------------
_HRAM12                00000000    00000003 =           3. bytes (ABS,CON)

        Value  Global            Value  Global            Value  Global    
        -----  ------            -----  ------            -----  ------    
     0000FF90  __current |    0000FF92  __shadow_
ASxxxx Linker V03.00 + NoICE + sdld,  page 40.
Hexadecimal  [32-Bits]

Area                       Addr        Size        Decimal Bytes (Attributes)
--------------------       ----        ----        ------- ----- ------------
_CODE_1                00014000    000000BC =         188. bytes (REL,CON)

        Value  Global            Value  Global            Value  Global    
        -----  ------            -----  ------            -----  ------    
     00014000  C$bullet. |    00014000  G$__func_ |    00014000  G$bullet_
     00014000  ___func_b |    00014000  _bullet_p |    0001400A  G$bullet_
     0001400A  _bullet_t |    0001402A  G$bullet_ |    0001402A  _bullet_m
     00014032  G$bullet_ |    00014032  _bullet_m |    00014034  C$galaga.
     00014034  G$__func_ |    00014034  G$galaga_ |    00014034  ___func_g
     00014034  _galaga_p |    0001403C  G$galaga_ |    0001403C  _galaga_t
     0001407C  G$galaga_ |    0001407C  _galaga_m |    00014088  G$galaga_
     00014088  _galaga_m |    0001408A  C$one_up. |    0001408A  G$__func_
     0001408A  G$one_up_ |    0001408A  ___func_o |    0001408A  _one_up_p
     00014092  G$one_up_ |    00014092  _one_up_t |    000140B2  G$one_up_
     000140B2  _one_up_m |    000140BA  G$one_up_ |    000140BA  _one_up_m
ASxxxx Linker V03.00 + NoICE + sdld,  page 41.

Files Linked                              [ module(s) ]

C:\c_code\gbdk\lib/small/asxxxx/gb/crt0.o
                                          [ Runtime ]
src\hUGEDriver.obj.rel                    [ hUGEDriver_obj ]
C:\Users\User\AppData\Local\Temp/lcc225080.rel
                                          [ collisions ]
C:\Users\User\AppData\Local\Temp/lcc225081.rel
                                          [ main ]
C:\Users\User\AppData\Local\Temp/lcc225082.rel
                                          [ scene ]
C:\Users\User\AppData\Local\Temp/lcc225083.rel
                                          [ bkg_map ]
C:\Users\User\AppData\Local\Temp/lcc225084.rel
                                          [ bkg_tiles ]
C:\Users\User\AppData\Local\Temp/lcc225085.rel
                                          [ bullet ]
C:\Users\User\AppData\Local\Temp/lcc225086.rel
                                          [ galaga ]
C:\Users\User\AppData\Local\Temp/lcc225087.rel
                                          [ one_up ]


Libraries Linked                          [ object file ]

C:\c_code\gbdk\lib/small/asxxxx/gb/gb.lib
                                          [ get_tile.o ]
C:\c_code\gbdk\lib/small/asxxxx/gb/gb.lib
                                          [ metasprites_hide.o ]
C:\c_code\gbdk\lib/small/asxxxx/gb/gb.lib
                                          [ set_data.o ]
C:\c_code\gbdk\lib/small/asxxxx/gb/gb.lib
                                          [ set_tile.o ]
C:\c_code\gbdk\lib/small/asxxxx/gb/gb.lib
                                          [ pad.o ]
C:\c_code\gbdk\lib/small/asxxxx/gb/gb.lib
                                          [ metasprites.o ]
C:\c_code\gbdk\lib/small/asxxxx/gb/gb.lib
                                          [ sfr.o ]
C:\c_code\gbdk\lib/small/asxxxx/gb/gb.lib
                                          [ set_bk_t.o ]
C:\c_code\gbdk\lib/small/asxxxx/gb/gb.lib
                                          [ set_xy_t.o ]

ASxxxx Linker V03.00 + NoICE + sdld,  page 42.

User Base Address Definitions

_DATA=0xC0A0
_CODE=0x0200
ASxxxx Linker V03.00 + NoICE + sdld,  page 43.

User Global Definitions

_shadow_OAM=0xC000
.STACK=0xE000
.refresh_OAM=0xFF80

