ASxxxx Linker V03.00 + NoICE + sdld,  page 1.
Hexadecimal  [32-Bits]

Area                       Addr        Size        Decimal Bytes (Attributes)
--------------------       ----        ----        ------- ----- ------------
.  .ABS.               00000000    00000000 =           0. bytes (ABS,CON)

        Value  Global            Value  Global            Value  Global    
        -----  ------            -----  ------            -----  ------    
     00000000  .__.ABS.  |    00000000  _rRAMG    |    00000000  l__BASE  
     00000000  l__BSS    |    00000000  l__CABS   |    00000000  l__CODE_0
     00000000  l__DABS   |    00000000  l__HEADER |    00000000  l__HEAP  
     00000000  l__HRAM   |    00000000  l__LIT    |    00000000  s__CABS  
     00000000  s__DABS   |    00000000  s__HEADER |    00000000  s__HEADER
     00000000  s__HEADER |    00000000  s__HEADER |    00000000  s__HEADER
     00000000  s__HEADER |    00000000  s__HEADER |    00000000  s__HEADER
     00000000  s__HEADER |    00000000  s__HEADER |    00000000  s__HEADER
     00000000  s__HEADER |    00000000  s__HEADER |    00000000  s__HEADER
     00000000  s__HEADER |    00000000  s__HEADER |    00000000  s__HEADER
     00000000  s__HEADER |    00000000  s__HEADER |    00000000  s__HRAM  
     00000000  s__HRAM12 |    00000001  ___bank_b |    00000001  ___bank_g
     00000001  ___bank_o |    00000001  l__GSFINA |    00000001  l__HEADER
     00000001  l__HEADER |    00000001  l__HEADER |    00000001  l__HEADER
     00000001  l__HEADER |    00000001  l__HEADER |    00000001  l__HEADER
     00000002  l__HEADER |    00000002  l__HEADER |    00000002  l__HEADER
     00000003  l__HEADER |    00000003  l__HRAM12 |    00000005  l__HEADER
     00000006  l__HEADER |    00000007  l__HEADER |    00000008  l__HEADER
     0000000C  l__GSINIT |    0000002D  l__INITIA |    0000002D  l__INITIA
     00000030  l__HEADER |    0000004F  l__HEADER |    00000079  l__DATA  
     00000082  l__HEADER |    000000BC  l__CODE_1 |    0000017B  l__HOME  
     00000200  s__CODE   |    0000146F  l__CODE   |    0000166F  s__HOME  
     000017EA  s__BASE   |    000017EA  s__CODE_0 |    000017EA  s__INITIA
     000017EA  s__LIT    |    00001817  s__GSINIT |    00001823  s__GSFINA
     00002000  _rROMB0   |    00003000  _rROMB1   |    00004000  _rRAMB   
     00008000  __VRAM    |    00008000  __VRAM800 |    00008800  __VRAM880
     00009000  __VRAM900 |    00009800  __SCRN0   |    00009C00  __SCRN1  
     0000A000  __SRAM    |    0000C000  __RAM     |    0000C000  _shadow_O
     0000C0A0  s__DATA   |    0000C119  s__BSS    |    0000C119  s__INITIA
     0000C146  s__HEAP   |    0000D000  __RAMBANK |    0000E000  .STACK   
     0000FE00  __OAMRAM  |    0000FF00  _P1_REG   |    0000FF00  __IO     
     0000FF01  _SB_REG   |    0000FF02  _SC_REG   |    0000FF04  _DIV_REG 
     0000FF05  _TIMA_REG |    0000FF06  _TMA_REG  |    0000FF07  _TAC_REG 
     0000FF0F  _IF_REG   |    0000FF10  _NR10_REG |    0000FF11  _NR11_REG
     0000FF12  _NR12_REG |    0000FF13  _NR13_REG |    0000FF14  _NR14_REG
     0000FF16  _NR21_REG |    0000FF17  _NR22_REG |    0000FF18  _NR23_REG
     0000FF19  _NR24_REG |    0000FF1A  _NR30_REG |    0000FF1B  _NR31_REG
     0000FF1C  _NR32_REG |    0000FF1D  _NR33_REG |    0000FF1E  _NR34_REG
     0000FF20  _NR41_REG |    0000FF21  _NR42_REG |    0000FF22  _NR43_REG
     0000FF23  _NR44_REG |    0000FF24  _NR50_REG |    0000FF25  _NR51_REG
     0000FF26  _NR52_REG |    0000FF30  _PCM_SAMP |    0000FF30  __AUD3WAV
     0000FF40  _LCDC_REG |    0000FF41  _STAT_REG |    0000FF42  _SCY_REG 
     0000FF43  _SCX_REG  |    0000FF44  _LY_REG   |    0000FF45  _LYC_REG 
     0000FF46  _DMA_REG  |    0000FF47  _BGP_REG  |    0000FF48  _OBP0_REG
     0000FF49  _OBP1_REG |    0000FF4A  _WY_REG   |    0000FF4B  _WX_REG  
     0000FF4D  _KEY1_REG |    0000FF4F  _VBK_REG  |    0000FF51  _HDMA1_RE
     0000FF52  _HDMA2_RE |    0000FF53  _HDMA3_RE |    0000FF54  _HDMA4_RE
     0000FF55  _HDMA5_RE |    0000FF56  _RP_REG   |    0000FF68  _BCPS_REG
     0000FF69  _BCPD_REG |    0000FF6A  _OCPS_REG |    0000FF6B  _OCPD_REG
     0000FF70  _SVBK_REG |    0000FF76  _PCM12_RE |    0000FF77  _PCM34_RE
ASxxxx Linker V03.00 + NoICE + sdld,  page 2.
Hexadecimal  [32-Bits]

Area                       Addr        Size        Decimal Bytes (Attributes)
--------------------       ----        ----        ------- ----- ------------
.  .ABS.               00000000    00000000 =           0. bytes (ABS,CON)

        Value  Global            Value  Global            Value  Global    
        -----  ------            -----  ------            -----  ------    
     0000FF80  .refresh_ |    0000FF80  __HRAM    |    0000FFFF  _IE_REG  
     00014000  s__CODE_1
ASxxxx Linker V03.00 + NoICE + sdld,  page 3.
Hexadecimal  [32-Bits]

Area                       Addr        Size        Decimal Bytes (Attributes)
--------------------       ----        ----        ------- ----- ------------
_CODE                  00000200    0000146F =        5231. bytes (REL,CON)

        Value  Global            Value  Global            Value  Global    
        -----  ------            -----  ------            -----  ------    
     00000200  _hUGE_ini |    00000204  _hUGE_ini |    0000020F  _hUGE_mut
     00000213  _hUGE_mut |    00000220  hUGE_mute |    0000023A  hUGE_init
     00000676  _hUGE_dos |    00000676  _hUGE_dos |    00000999  A$lcc8796
     00000999  C$main.c$ |    00000999  C$main.c$ |    00000999  G$update_
     00000999  _update_b |    0000099B  A$lcc8796 |    0000099C  A$lcc8796
     0000099E  A$lcc8796 |    0000099F  A$lcc8796 |    000009A0  A$lcc8796
     000009A1  A$lcc8796 |    000009A2  A$lcc8796 |    000009A5  A$lcc8796
     000009A6  A$lcc8796 |    000009A7  A$lcc8796 |    000009A8  A$lcc8796
     000009A8  C$main.c$ |    000009AA  A$lcc8796 |    000009AB  A$lcc8796
     000009AD  A$lcc8796 |    000009B0  A$lcc8796 |    000009B1  A$lcc8796
     000009B2  A$lcc8796 |    000009B3  A$lcc8796 |    000009B3  C$main.c$
     000009B3  XG$update |    000009B4  A$lcc8796 |    000009B4  C$main.c$
     000009B4  C$main.c$ |    000009B4  G$update_ |    000009B4  _update_b
     000009B6  A$lcc8796 |    000009B7  A$lcc8796 |    000009B9  A$lcc8796
     000009BA  A$lcc8796 |    000009BB  A$lcc8796 |    000009BC  A$lcc8796
     000009BD  A$lcc8796 |    000009C0  A$lcc8796 |    000009C1  A$lcc8796
     000009C2  A$lcc8796 |    000009C3  A$lcc8796 |    000009C3  C$main.c$
     000009C5  A$lcc8796 |    000009C6  A$lcc8796 |    000009C8  A$lcc8796
     000009CB  A$lcc8796 |    000009CC  A$lcc8796 |    000009CD  A$lcc8796
     000009CE  A$lcc8796 |    000009CE  C$main.c$ |    000009CE  XG$update
     000009CF  A$lcc8796 |    000009CF  C$main.c$ |    000009CF  G$collide
     000009CF  _collide_ |    000009D1  A$lcc8796 |    000009D1  C$main.c$
     000009D2  A$lcc8796 |    000009D4  A$lcc8796 |    000009D5  A$lcc8796
     000009D6  A$lcc8796 |    000009D6  C$main.c$ |    000009D7  A$lcc8796
     000009D9  A$lcc8796 |    000009DA  A$lcc8796 |    000009DB  A$lcc8796
     000009DB  C$main.c$ |    000009DD  A$lcc8796 |    000009DE  A$lcc8796
     000009E0  A$lcc8796 |    000009E3  A$lcc8796 |    000009E4  A$lcc8796
     000009E5  A$lcc8796 |    000009E6  A$lcc8796 |    000009E8  A$lcc8796
     000009E9  A$lcc8796 |    000009EA  A$lcc8796 |    000009EB  A$lcc8796
     000009ED  A$lcc8796 |    000009EE  A$lcc8796 |    000009EE  C$main.c$
     000009F0  A$lcc8796 |    000009F1  A$lcc8796 |    000009F3  A$lcc8796
     000009F6  A$lcc8796 |    000009F7  A$lcc8796 |    000009F8  A$lcc8796
     000009F9  A$lcc8796 |    000009FB  A$lcc8796 |    000009FC  A$lcc8796
     000009FD  A$lcc8796 |    000009FE  A$lcc8796 |    00000A00  A$lcc8796
     00000A01  A$lcc8796 |    00000A01  C$main.c$ |    00000A03  A$lcc8796
     00000A04  A$lcc8796 |    00000A05  A$lcc8796 |    00000A06  A$lcc8796
     00000A08  A$lcc8796 |    00000A0A  A$lcc8796 |    00000A0B  A$lcc8796
     00000A0C  A$lcc8796 |    00000A0D  A$lcc8796 |    00000A0E  A$lcc8796
     00000A11  A$lcc8796 |    00000A12  A$lcc8796 |    00000A13  A$lcc8796
     00000A14  A$lcc8796 |    00000A16  A$lcc8796 |    00000A17  A$lcc8796
     00000A18  A$lcc8796 |    00000A19  A$lcc8796 |    00000A1B  A$lcc8796
     00000A1C  A$lcc8796 |    00000A1E  A$lcc8796 |    00000A1F  A$lcc8796
     00000A21  A$lcc8796 |    00000A22  A$lcc8796 |    00000A24  A$lcc8796
     00000A25  A$lcc8796 |    00000A27  A$lcc8796 |    00000A28  A$lcc8796
     00000A2A  A$lcc8796 |    00000A2A  C$main.c$ |    00000A2C  A$lcc8796
     00000A2D  A$lcc8796 |    00000A2E  A$lcc8796 |    00000A2F  A$lcc8796
     00000A31  A$lcc8796 |    00000A33  A$lcc8796 |    00000A34  A$lcc8796
     00000A35  A$lcc8796 |    00000A36  A$lcc8796 |    00000A37  A$lcc8796
     00000A3A  A$lcc8796 |    00000A3B  A$lcc8796 |    00000A3C  A$lcc8796
     00000A3D  A$lcc8796 |    00000A3F  A$lcc8796 |    00000A40  A$lcc8796
ASxxxx Linker V03.00 + NoICE + sdld,  page 4.
Hexadecimal  [32-Bits]

Area                       Addr        Size        Decimal Bytes (Attributes)
--------------------       ----        ----        ------- ----- ------------
_CODE                  00000200    0000146F =        5231. bytes (REL,CON)

        Value  Global            Value  Global            Value  Global    
        -----  ------            -----  ------            -----  ------    
     00000A41  A$lcc8796 |    00000A42  A$lcc8796 |    00000A44  A$lcc8796
     00000A45  A$lcc8796 |    00000A47  A$lcc8796 |    00000A48  A$lcc8796
     00000A4A  A$lcc8796 |    00000A4B  A$lcc8796 |    00000A4D  A$lcc8796
     00000A4E  A$lcc8796 |    00000A50  A$lcc8796 |    00000A51  A$lcc8796
     00000A53  A$lcc8796 |    00000A53  C$main.c$ |    00000A55  A$lcc8796
     00000A56  A$lcc8796 |    00000A57  A$lcc8796 |    00000A58  A$lcc8796
     00000A59  A$lcc8796 |    00000A5A  A$lcc8796 |    00000A5B  A$lcc8796
     00000A5B  C$main.c$ |    00000A5D  A$lcc8796 |    00000A5E  A$lcc8796
     00000A60  A$lcc8796 |    00000A61  A$lcc8796 |    00000A63  A$lcc8796
     00000A64  A$lcc8796 |    00000A66  A$lcc8796 |    00000A67  A$lcc8796
     00000A68  A$lcc8796 |    00000A69  A$lcc8796 |    00000A6A  A$lcc8796
     00000A6B  A$lcc8796 |    00000A6E  A$lcc8796 |    00000A6F  A$lcc8796
     00000A71  A$lcc8796 |    00000A71  C$main.c$ |    00000A72  A$lcc8796
     00000A73  A$lcc8796 |    00000A74  A$lcc8796 |    00000A75  A$lcc8796
     00000A76  A$lcc8796 |    00000A78  A$lcc8796 |    00000A79  A$lcc8796
     00000A7A  A$lcc8796 |    00000A7B  A$lcc8796 |    00000A7D  A$lcc8796
     00000A7E  A$lcc8796 |    00000A7F  A$lcc8796 |    00000A80  A$lcc8796
     00000A83  A$lcc8796 |    00000A84  A$lcc8796 |    00000A86  A$lcc8796
     00000A86  C$main.c$ |    00000A87  A$lcc8796 |    00000A88  A$lcc8796
     00000A89  A$lcc8796 |    00000A8A  A$lcc8796 |    00000A8B  A$lcc8796
     00000A8D  A$lcc8796 |    00000A8E  A$lcc8796 |    00000A8F  A$lcc8796
     00000A90  A$lcc8796 |    00000A92  A$lcc8796 |    00000A93  A$lcc8796
     00000A94  A$lcc8796 |    00000A95  A$lcc8796 |    00000A98  A$lcc8796
     00000A99  A$lcc8796 |    00000A9B  A$lcc8796 |    00000A9C  A$lcc8796
     00000A9C  C$main.c$ |    00000A9E  A$lcc8796 |    00000AA0  A$lcc8796
     00000AA1  A$lcc8796 |    00000AA2  A$lcc8796 |    00000AA3  A$lcc8796
     00000AA4  A$lcc8796 |    00000AA5  A$lcc8796 |    00000AA6  A$lcc8796
     00000AA7  A$lcc8796 |    00000AA8  A$lcc8796 |    00000AAA  A$lcc8796
     00000AAB  A$lcc8796 |    00000AAC  A$lcc8796 |    00000AAC  C$main.c$
     00000AAE  A$lcc8796 |    00000AAF  A$lcc8796 |    00000AB1  A$lcc8796
     00000AB4  A$lcc8796 |    00000AB6  A$lcc8796 |    00000AB7  A$lcc8796
     00000ABA  A$lcc8796 |    00000ABA  C$main.c$ |    00000ABD  A$lcc8796
     00000ABE  A$lcc8796 |    00000ABF  A$lcc8796 |    00000AC0  A$lcc8796
     00000AC1  A$lcc8796 |    00000AC3  A$lcc8796 |    00000AC6  A$lcc8796
     00000AC7  A$lcc8796 |    00000AC8  A$lcc8796 |    00000AC9  A$lcc8796
     00000ACB  A$lcc8796 |    00000ACC  A$lcc8796 |    00000ACE  A$lcc8796
     00000ACE  C$main.c$ |    00000ACF  A$lcc8796 |    00000AD0  A$lcc8796
     00000AD1  A$lcc8796 |    00000AD3  A$lcc8796 |    00000AD3  C$main.c$
     00000AD6  A$lcc8796 |    00000AD7  A$lcc8796 |    00000AD9  A$lcc8796
     00000ADA  A$lcc8796 |    00000ADB  A$lcc8796 |    00000ADD  A$lcc8796
     00000AE0  A$lcc8796 |    00000AE1  A$lcc8796 |    00000AE2  A$lcc8796
     00000AE4  A$lcc8796 |    00000AE5  A$lcc8796 |    00000AE7  A$lcc8796
     00000AE7  C$main.c$ |    00000AE9  A$lcc8796 |    00000AEB  A$lcc8796
     00000AEC  A$lcc8796 |    00000AEE  A$lcc8796 |    00000AEF  A$lcc8796
     00000AF0  A$lcc8796 |    00000AF1  A$lcc8796 |    00000AF3  A$lcc8796
     00000AF4  A$lcc8796 |    00000AF5  A$lcc8796 |    00000AF6  A$lcc8796
     00000AF7  A$lcc8796 |    00000AF8  A$lcc8796 |    00000AF9  A$lcc8796
     00000AFA  A$lcc8796 |    00000AFD  A$lcc8796 |    00000AFE  A$lcc8796
     00000AFF  A$lcc8796 |    00000B00  A$lcc8796 |    00000B02  A$lcc8796
     00000B03  A$lcc8796 |    00000B04  A$lcc8796 |    00000B05  A$lcc8796
     00000B07  A$lcc8796 |    00000B08  A$lcc8796 |    00000B08  C$main.c$
ASxxxx Linker V03.00 + NoICE + sdld,  page 5.
Hexadecimal  [32-Bits]

Area                       Addr        Size        Decimal Bytes (Attributes)
--------------------       ----        ----        ------- ----- ------------
_CODE                  00000200    0000146F =        5231. bytes (REL,CON)

        Value  Global            Value  Global            Value  Global    
        -----  ------            -----  ------            -----  ------    
     00000B09  A$lcc8796 |    00000B0A  A$lcc8796 |    00000B0D  A$lcc8796
     00000B0E  A$lcc8796 |    00000B0F  A$lcc8796 |    00000B10  A$lcc8796
     00000B12  A$lcc8796 |    00000B13  A$lcc8796 |    00000B14  A$lcc8796
     00000B15  A$lcc8796 |    00000B17  A$lcc8796 |    00000B17  C$main.c$
     00000B18  A$lcc8796 |    00000B19  A$lcc8796 |    00000B1A  A$lcc8796
     00000B1A  C$main.c$ |    00000B1C  A$lcc8796 |    00000B1D  A$lcc8796
     00000B1F  A$lcc8796 |    00000B20  A$lcc8796 |    00000B22  A$lcc8796
     00000B24  A$lcc8796 |    00000B25  A$lcc8796 |    00000B27  A$lcc8796
     00000B28  A$lcc8796 |    00000B2A  A$lcc8796 |    00000B2B  A$lcc8796
     00000B2D  A$lcc8796 |    00000B2F  A$lcc8796 |    00000B31  A$lcc8796
     00000B33  A$lcc8796 |    00000B35  A$lcc8796 |    00000B36  A$lcc8796
     00000B38  A$lcc8796 |    00000B3A  A$lcc8796 |    00000B3C  A$lcc8796
     00000B3D  A$lcc8796 |    00000B3F  A$lcc8796 |    00000B3F  C$main.c$
     00000B41  A$lcc8796 |    00000B42  A$lcc8796 |    00000B43  A$lcc8796
     00000B44  A$lcc8796 |    00000B45  A$lcc8796 |    00000B46  A$lcc8796
     00000B46  C$main.c$ |    00000B48  A$lcc8796 |    00000B49  A$lcc8796
     00000B4B  A$lcc8796 |    00000B4C  A$lcc8796 |    00000B4E  A$lcc8796
     00000B4E  C$main.c$ |    00000B4F  A$lcc8796 |    00000B50  A$lcc8796
     00000B52  A$lcc8796 |    00000B53  A$lcc8796 |    00000B54  A$lcc8796
     00000B55  A$lcc8796 |    00000B57  A$lcc8796 |    00000B58  A$lcc8796
     00000B59  A$lcc8796 |    00000B5A  A$lcc8796 |    00000B5D  A$lcc8796
     00000B5F  A$lcc8796 |    00000B61  A$lcc8796 |    00000B61  C$main.c$
     00000B63  A$lcc8796 |    00000B64  A$lcc8796 |    00000B65  A$lcc8796
     00000B67  A$lcc8796 |    00000B69  A$lcc8796 |    00000B6A  A$lcc8796
     00000B6B  A$lcc8796 |    00000B6C  A$lcc8796 |    00000B6D  A$lcc8796
     00000B6E  A$lcc8796 |    00000B70  A$lcc8796 |    00000B71  A$lcc8796
     00000B72  A$lcc8796 |    00000B74  A$lcc8796 |    00000B74  C$main.c$
     00000B75  A$lcc8796 |    00000B76  A$lcc8796 |    00000B77  A$lcc8796
     00000B79  A$lcc8796 |    00000B7A  A$lcc8796 |    00000B7B  A$lcc8796
     00000B7C  A$lcc8796 |    00000B7E  A$lcc8796 |    00000B7F  A$lcc8796
     00000B80  A$lcc8796 |    00000B81  A$lcc8796 |    00000B84  A$lcc8796
     00000B86  A$lcc8796 |    00000B86  C$main.c$ |    00000B87  A$lcc8796
     00000B88  A$lcc8796 |    00000B89  A$lcc8796 |    00000B8B  A$lcc8796
     00000B8C  A$lcc8796 |    00000B8D  A$lcc8796 |    00000B8E  A$lcc8796
     00000B8F  A$lcc8796 |    00000B92  A$lcc8796 |    00000B94  A$lcc8796
     00000B94  C$main.c$ |    00000B96  A$lcc8796 |    00000B99  A$lcc8796
     00000B99  C$main.c$ |    00000B9B  A$lcc8796 |    00000B9C  A$lcc8796
     00000B9E  A$lcc8796 |    00000B9F  A$lcc8796 |    00000BA1  A$lcc8796
     00000BA3  A$lcc8796 |    00000BA4  A$lcc8796 |    00000BA5  A$lcc8796
     00000BA7  A$lcc8796 |    00000BA9  A$lcc8796 |    00000BAA  A$lcc8796
     00000BAB  A$lcc8796 |    00000BAD  A$lcc8796 |    00000BAE  A$lcc8796
     00000BB0  A$lcc8796 |    00000BB1  A$lcc8796 |    00000BB3  A$lcc8796
     00000BB5  A$lcc8796 |    00000BB7  A$lcc8796 |    00000BB9  A$lcc8796
     00000BBA  A$lcc8796 |    00000BBC  A$lcc8796 |    00000BBE  A$lcc8796
     00000BC0  A$lcc8796 |    00000BC1  A$lcc8796 |    00000BC3  A$lcc8796
     00000BC4  A$lcc8796 |    00000BC5  A$lcc8796 |    00000BC6  A$lcc8796
     00000BC7  A$lcc8796 |    00000BC9  A$lcc8796 |    00000BCB  A$lcc8796
     00000BCD  A$lcc8796 |    00000BCD  C$main.c$ |    00000BCE  A$lcc8796
     00000BCF  A$lcc8796 |    00000BD0  A$lcc8796 |    00000BD2  A$lcc8796
     00000BD3  A$lcc8796 |    00000BD4  A$lcc8796 |    00000BD5  A$lcc8796
     00000BD7  A$lcc8796 |    00000BD8  A$lcc8796 |    00000BD9  A$lcc8796
ASxxxx Linker V03.00 + NoICE + sdld,  page 6.
Hexadecimal  [32-Bits]

Area                       Addr        Size        Decimal Bytes (Attributes)
--------------------       ----        ----        ------- ----- ------------
_CODE                  00000200    0000146F =        5231. bytes (REL,CON)

        Value  Global            Value  Global            Value  Global    
        -----  ------            -----  ------            -----  ------    
     00000BDA  A$lcc8796 |    00000BDD  A$lcc8796 |    00000BDF  A$lcc8796
     00000BDF  C$main.c$ |    00000BE1  A$lcc8796 |    00000BE2  A$lcc8796
     00000BE3  A$lcc8796 |    00000BE4  A$lcc8796 |    00000BE5  A$lcc8796
     00000BE6  A$lcc8796 |    00000BE7  A$lcc8796 |    00000BE9  A$lcc8796
     00000BEA  A$lcc8796 |    00000BEB  A$lcc8796 |    00000BEC  A$lcc8796
     00000BED  A$lcc8796 |    00000BF0  A$lcc8796 |    00000BF2  A$lcc8796
     00000BF2  C$main.c$ |    00000BF4  A$lcc8796 |    00000BF7  A$lcc8796
     00000BF7  C$main.c$ |    00000BF9  A$lcc8796 |    00000BFA  A$lcc8796
     00000BFB  A$lcc8796 |    00000BFC  A$lcc8796 |    00000BFD  A$lcc8796
     00000BFF  A$lcc8796 |    00000C00  A$lcc8796 |    00000C02  A$lcc8796
     00000C03  A$lcc8796 |    00000C05  A$lcc8796 |    00000C06  A$lcc8796
     00000C08  A$lcc8796 |    00000C0A  A$lcc8796 |    00000C0C  A$lcc8796
     00000C0C  C$main.c$ |    00000C0D  A$lcc8796 |    00000C0E  A$lcc8796
     00000C0F  A$lcc8796 |    00000C11  A$lcc8796 |    00000C12  A$lcc8796
     00000C13  A$lcc8796 |    00000C14  A$lcc8796 |    00000C16  A$lcc8796
     00000C17  A$lcc8796 |    00000C18  A$lcc8796 |    00000C19  A$lcc8796
     00000C1C  A$lcc8796 |    00000C1E  A$lcc8796 |    00000C1E  C$main.c$
     00000C1F  A$lcc8796 |    00000C20  A$lcc8796 |    00000C21  A$lcc8796
     00000C23  A$lcc8796 |    00000C24  A$lcc8796 |    00000C25  A$lcc8796
     00000C26  A$lcc8796 |    00000C27  A$lcc8796 |    00000C2A  A$lcc8796
     00000C2C  A$lcc8796 |    00000C2C  C$main.c$ |    00000C2E  A$lcc8796
     00000C31  A$lcc8796 |    00000C31  C$main.c$ |    00000C33  A$lcc8796
     00000C34  A$lcc8796 |    00000C36  A$lcc8796 |    00000C37  A$lcc8796
     00000C39  A$lcc8796 |    00000C3A  A$lcc8796 |    00000C3C  A$lcc8796
     00000C3E  A$lcc8796 |    00000C40  A$lcc8796 |    00000C42  A$lcc8796
     00000C44  A$lcc8796 |    00000C45  A$lcc8796 |    00000C47  A$lcc8796
     00000C49  A$lcc8796 |    00000C4B  A$lcc8796 |    00000C4C  A$lcc8796
     00000C4E  A$lcc8796 |    00000C4F  A$lcc8796 |    00000C50  A$lcc8796
     00000C51  A$lcc8796 |    00000C52  A$lcc8796 |    00000C54  A$lcc8796
     00000C56  A$lcc8796 |    00000C58  A$lcc8796 |    00000C58  C$main.c$
     00000C59  A$lcc8796 |    00000C5A  A$lcc8796 |    00000C5B  A$lcc8796
     00000C5D  A$lcc8796 |    00000C5E  A$lcc8796 |    00000C5F  A$lcc8796
     00000C60  A$lcc8796 |    00000C62  A$lcc8796 |    00000C63  A$lcc8796
     00000C64  A$lcc8796 |    00000C65  A$lcc8796 |    00000C68  A$lcc8796
     00000C6A  A$lcc8796 |    00000C6A  C$main.c$ |    00000C6C  A$lcc8796
     00000C6D  A$lcc8796 |    00000C6E  A$lcc8796 |    00000C6F  A$lcc8796
     00000C70  A$lcc8796 |    00000C71  A$lcc8796 |    00000C72  A$lcc8796
     00000C74  A$lcc8796 |    00000C75  A$lcc8796 |    00000C76  A$lcc8796
     00000C77  A$lcc8796 |    00000C78  A$lcc8796 |    00000C7B  A$lcc8796
     00000C7D  A$lcc8796 |    00000C7D  C$main.c$ |    00000C7F  A$lcc8796
     00000C82  A$lcc8796 |    00000C82  C$main.c$ |    00000C84  A$lcc8796
     00000C85  A$lcc8796 |    00000C86  A$lcc8796 |    00000C87  A$lcc8796
     00000C88  A$lcc8796 |    00000C89  A$lcc8796 |    00000C8A  A$lcc8796
     00000C8B  A$lcc8796 |    00000C8D  A$lcc8796 |    00000C8E  A$lcc8796
     00000C90  A$lcc8796 |    00000C91  A$lcc8796 |    00000C93  A$lcc8796
     00000C95  A$lcc8796 |    00000C97  A$lcc8796 |    00000C97  C$main.c$
     00000C98  A$lcc8796 |    00000C99  A$lcc8796 |    00000C9A  A$lcc8796
     00000C9C  A$lcc8796 |    00000C9D  A$lcc8796 |    00000C9E  A$lcc8796
     00000C9F  A$lcc8796 |    00000CA1  A$lcc8796 |    00000CA2  A$lcc8796
     00000CA3  A$lcc8796 |    00000CA4  A$lcc8796 |    00000CA7  A$lcc8796
     00000CA9  A$lcc8796 |    00000CA9  C$main.c$ |    00000CAA  A$lcc8796
ASxxxx Linker V03.00 + NoICE + sdld,  page 7.
Hexadecimal  [32-Bits]

Area                       Addr        Size        Decimal Bytes (Attributes)
--------------------       ----        ----        ------- ----- ------------
_CODE                  00000200    0000146F =        5231. bytes (REL,CON)

        Value  Global            Value  Global            Value  Global    
        -----  ------            -----  ------            -----  ------    
     00000CAB  A$lcc8796 |    00000CAC  A$lcc8796 |    00000CAE  A$lcc8796
     00000CAF  A$lcc8796 |    00000CB0  A$lcc8796 |    00000CB1  A$lcc8796
     00000CB2  A$lcc8796 |    00000CB5  A$lcc8796 |    00000CB7  A$lcc8796
     00000CB7  C$main.c$ |    00000CB9  A$lcc8796 |    00000CBC  A$lcc8796
     00000CBC  C$main.c$ |    00000CBD  A$lcc8796 |    00000CBE  A$lcc8796
     00000CBF  A$lcc8796 |    00000CC0  A$lcc8796 |    00000CC1  A$lcc8796
     00000CC3  A$lcc8796 |    00000CC4  A$lcc8796 |    00000CC5  A$lcc8796
     00000CC8  A$lcc8796 |    00000CCA  A$lcc8796 |    00000CCC  A$lcc8796
     00000CCD  A$lcc8796 |    00000CCE  A$lcc8796 |    00000CD0  A$lcc8796
     00000CD1  A$lcc8796 |    00000CD3  A$lcc8796 |    00000CD4  A$lcc8796
     00000CD6  A$lcc8796 |    00000CD8  A$lcc8796 |    00000CDA  A$lcc8796
     00000CDC  A$lcc8796 |    00000CDD  A$lcc8796 |    00000CDF  A$lcc8796
     00000CE1  A$lcc8796 |    00000CE3  A$lcc8796 |    00000CE4  A$lcc8796
     00000CE7  A$lcc8796 |    00000CE7  C$main.c$ |    00000CE9  A$lcc8796
     00000CEA  A$lcc8796 |    00000CEC  A$lcc8796 |    00000CED  A$lcc8796
     00000CEF  A$lcc8796 |    00000CEF  C$main.c$ |    00000CF1  A$lcc8796
     00000CF2  A$lcc8796 |    00000CF3  A$lcc8796 |    00000CF4  A$lcc8796
     00000CF6  A$lcc8796 |    00000CF7  A$lcc8796 |    00000CF8  A$lcc8796
     00000CF9  A$lcc8796 |    00000CFB  A$lcc8796 |    00000CFC  A$lcc8796
     00000CFD  A$lcc8796 |    00000CFE  A$lcc8796 |    00000D01  A$lcc8796
     00000D03  A$lcc8796 |    00000D05  A$lcc8796 |    00000D05  C$main.c$
     00000D07  A$lcc8796 |    00000D08  A$lcc8796 |    00000D0A  A$lcc8796
     00000D0B  A$lcc8796 |    00000D0D  A$lcc8796 |    00000D0D  C$main.c$
     00000D0E  A$lcc8796 |    00000D0F  A$lcc8796 |    00000D10  A$lcc8796
     00000D12  A$lcc8796 |    00000D13  A$lcc8796 |    00000D14  A$lcc8796
     00000D15  A$lcc8796 |    00000D17  A$lcc8796 |    00000D18  A$lcc8796
     00000D19  A$lcc8796 |    00000D1A  A$lcc8796 |    00000D1D  A$lcc8796
     00000D1F  A$lcc8796 |    00000D1F  C$main.c$ |    00000D20  A$lcc8796
     00000D21  A$lcc8796 |    00000D22  A$lcc8796 |    00000D24  A$lcc8796
     00000D25  A$lcc8796 |    00000D26  A$lcc8796 |    00000D27  A$lcc8796
     00000D28  A$lcc8796 |    00000D2B  A$lcc8796 |    00000D2D  A$lcc8796
     00000D2D  C$main.c$ |    00000D2F  A$lcc8796 |    00000D32  A$lcc8796
     00000D32  C$main.c$ |    00000D34  A$lcc8796 |    00000D35  A$lcc8796
     00000D37  A$lcc8796 |    00000D39  A$lcc8796 |    00000D3A  A$lcc8796
     00000D3B  A$lcc8796 |    00000D3D  A$lcc8796 |    00000D40  A$lcc8796
     00000D40  C$main.c$ |    00000D42  A$lcc8796 |    00000D44  A$lcc8796
     00000D46  A$lcc8796 |    00000D47  A$lcc8796 |    00000D49  A$lcc8796
     00000D49  C$main.c$ |    00000D4B  A$lcc8796 |    00000D4D  A$lcc8796
     00000D4E  A$lcc8796 |    00000D50  A$lcc8796 |    00000D50  C$main.c$
     00000D52  A$lcc8796 |    00000D54  A$lcc8796 |    00000D55  A$lcc8796
     00000D57  A$lcc8796 |    00000D59  A$lcc8796 |    00000D59  C$main.c$
     00000D5B  A$lcc8796 |    00000D5C  A$lcc8796 |    00000D5E  A$lcc8796
     00000D60  A$lcc8796 |    00000D62  A$lcc8796 |    00000D63  A$lcc8796
     00000D65  A$lcc8796 |    00000D65  C$main.c$ |    00000D67  A$lcc8796
     00000D69  A$lcc8796 |    00000D6A  A$lcc8796 |    00000D6C  A$lcc8796
     00000D6C  C$main.c$ |    00000D6E  A$lcc8796 |    00000D70  A$lcc8796
     00000D71  A$lcc8796 |    00000D73  A$lcc8796 |    00000D76  A$lcc8796
     00000D77  A$lcc8796 |    00000D79  A$lcc8796 |    00000D7A  A$lcc8796
     00000D7A  C$main.c$ |    00000D7D  A$lcc8796 |    00000D7E  A$lcc8796
     00000D7E  C$main.c$ |    00000D7F  A$lcc8796 |    00000D81  A$lcc8796
     00000D82  A$lcc8796 |    00000D82  C$main.c$ |    00000D84  A$lcc8796
ASxxxx Linker V03.00 + NoICE + sdld,  page 8.
Hexadecimal  [32-Bits]

Area                       Addr        Size        Decimal Bytes (Attributes)
--------------------       ----        ----        ------- ----- ------------
_CODE                  00000200    0000146F =        5231. bytes (REL,CON)

        Value  Global            Value  Global            Value  Global    
        -----  ------            -----  ------            -----  ------    
     00000D85  A$lcc8796 |    00000D86  A$lcc8796 |    00000D89  A$lcc8796
     00000D89  C$main.c$ |    00000D8B  A$lcc8796 |    00000D8C  A$lcc8796
     00000D8D  A$lcc8796 |    00000D8F  A$lcc8796 |    00000D8F  C$main.c$
     00000D92  A$lcc8796 |    00000D93  A$lcc8796 |    00000D94  A$lcc8796
     00000D96  A$lcc8796 |    00000D97  A$lcc8796 |    00000D98  A$lcc8796
     00000D99  A$lcc8796 |    00000D9B  A$lcc8796 |    00000D9C  A$lcc8796
     00000D9D  A$lcc8796 |    00000D9E  A$lcc8796 |    00000DA1  A$lcc8796
     00000DA3  A$lcc8796 |    00000DA3  C$main.c$ |    00000DA6  A$lcc8796
     00000DA7  A$lcc8796 |    00000DA8  A$lcc8796 |    00000DAA  A$lcc8796
     00000DAB  A$lcc8796 |    00000DAC  A$lcc8796 |    00000DAD  A$lcc8796
     00000DAF  A$lcc8796 |    00000DB0  A$lcc8796 |    00000DB1  A$lcc8796
     00000DB2  A$lcc8796 |    00000DB5  A$lcc8796 |    00000DB7  A$lcc8796
     00000DB9  A$lcc8796 |    00000DB9  C$main.c$ |    00000DBA  A$lcc8796
     00000DBB  A$lcc8796 |    00000DBC  A$lcc8796 |    00000DBE  A$lcc8796
     00000DBF  A$lcc8796 |    00000DC0  A$lcc8796 |    00000DC1  A$lcc8796
     00000DC3  A$lcc8796 |    00000DC4  A$lcc8796 |    00000DC5  A$lcc8796
     00000DC6  A$lcc8796 |    00000DC9  A$lcc8796 |    00000DCB  A$lcc8796
     00000DCB  C$main.c$ |    00000DCC  A$lcc8796 |    00000DCD  A$lcc8796
     00000DCE  A$lcc8796 |    00000DD0  A$lcc8796 |    00000DD1  A$lcc8796
     00000DD2  A$lcc8796 |    00000DD3  A$lcc8796 |    00000DD5  A$lcc8796
     00000DD6  A$lcc8796 |    00000DD7  A$lcc8796 |    00000DD8  A$lcc8796
     00000DDB  A$lcc8796 |    00000DDD  A$lcc8796 |    00000DDD  C$main.c$
     00000DDF  A$lcc8796 |    00000DE0  A$lcc8796 |    00000DE1  A$lcc8796
     00000DE2  A$lcc8796 |    00000DE5  A$lcc8796 |    00000DE6  A$lcc8796
     00000DE7  A$lcc8796 |    00000DE8  A$lcc8796 |    00000DE9  A$lcc8796
     00000DEA  A$lcc8796 |    00000DEB  A$lcc8796 |    00000DED  A$lcc8796
     00000DEE  A$lcc8796 |    00000DEF  A$lcc8796 |    00000DF0  A$lcc8796
     00000DF1  A$lcc8796 |    00000DF4  A$lcc8796 |    00000DF6  A$lcc8796
     00000DF6  C$main.c$ |    00000DF8  A$lcc8796 |    00000DF9  A$lcc8796
     00000DFA  A$lcc8796 |    00000DFB  A$lcc8796 |    00000DFC  A$lcc8796
     00000DFD  A$lcc8796 |    00000DFE  A$lcc8796 |    00000E00  A$lcc8796
     00000E01  A$lcc8796 |    00000E02  A$lcc8796 |    00000E03  A$lcc8796
     00000E05  A$lcc8796 |    00000E06  A$lcc8796 |    00000E07  A$lcc8796
     00000E08  A$lcc8796 |    00000E0B  A$lcc8796 |    00000E0D  A$lcc8796
     00000E0D  C$main.c$ |    00000E0F  A$lcc8796 |    00000E12  A$lcc8796
     00000E12  C$main.c$ |    00000E14  A$lcc8796 |    00000E15  A$lcc8796
     00000E16  A$lcc8796 |    00000E18  A$lcc8796 |    00000E1A  A$lcc8796
     00000E1B  A$lcc8796 |    00000E1D  A$lcc8796 |    00000E1E  A$lcc8796
     00000E1F  A$lcc8796 |    00000E21  A$lcc8796 |    00000E23  A$lcc8796
     00000E24  A$lcc8796 |    00000E26  A$lcc8796 |    00000E27  A$lcc8796
     00000E29  A$lcc8796 |    00000E2A  A$lcc8796 |    00000E2C  A$lcc8796
     00000E2E  A$lcc8796 |    00000E30  A$lcc8796 |    00000E32  A$lcc8796
     00000E34  A$lcc8796 |    00000E35  A$lcc8796 |    00000E37  A$lcc8796
     00000E39  A$lcc8796 |    00000E3B  A$lcc8796 |    00000E3C  A$lcc8796
     00000E3E  A$lcc8796 |    00000E3E  C$main.c$ |    00000E41  A$lcc8796
     00000E42  A$lcc8796 |    00000E43  A$lcc8796 |    00000E45  A$lcc8796
     00000E46  A$lcc8796 |    00000E47  A$lcc8796 |    00000E48  A$lcc8796
     00000E49  A$lcc8796 |    00000E4C  A$lcc8796 |    00000E4E  A$lcc8796
     00000E4E  C$main.c$ |    00000E51  A$lcc8796 |    00000E52  A$lcc8796
     00000E53  A$lcc8796 |    00000E55  A$lcc8796 |    00000E56  A$lcc8796
     00000E57  A$lcc8796 |    00000E58  A$lcc8796 |    00000E5A  A$lcc8796
ASxxxx Linker V03.00 + NoICE + sdld,  page 9.
Hexadecimal  [32-Bits]

Area                       Addr        Size        Decimal Bytes (Attributes)
--------------------       ----        ----        ------- ----- ------------
_CODE                  00000200    0000146F =        5231. bytes (REL,CON)

        Value  Global            Value  Global            Value  Global    
        -----  ------            -----  ------            -----  ------    
     00000E5B  A$lcc8796 |    00000E5C  A$lcc8796 |    00000E5D  A$lcc8796
     00000E60  A$lcc8796 |    00000E62  A$lcc8796 |    00000E62  C$main.c$
     00000E65  A$lcc8796 |    00000E67  A$lcc8796 |    00000E68  A$lcc8796
     00000E69  A$lcc8796 |    00000E6A  A$lcc8796 |    00000E6B  A$lcc8796
     00000E6D  A$lcc8796 |    00000E6E  A$lcc8796 |    00000E6F  A$lcc8796
     00000E70  A$lcc8796 |    00000E73  A$lcc8796 |    00000E75  A$lcc8796
     00000E75  C$main.c$ |    00000E78  A$lcc8796 |    00000E7A  A$lcc8796
     00000E7B  A$lcc8796 |    00000E7C  A$lcc8796 |    00000E7D  A$lcc8796
     00000E7E  A$lcc8796 |    00000E80  A$lcc8796 |    00000E81  A$lcc8796
     00000E82  A$lcc8796 |    00000E83  A$lcc8796 |    00000E86  A$lcc8796
     00000E88  A$lcc8796 |    00000E88  C$main.c$ |    00000E8A  A$lcc8796
     00000E8D  A$lcc8796 |    00000E8D  C$main.c$ |    00000E8E  A$lcc8796
     00000E8F  A$lcc8796 |    00000E92  A$lcc8796 |    00000E93  A$lcc8796
     00000E94  A$lcc8796 |    00000E95  A$lcc8796 |    00000E97  A$lcc8796
     00000E98  A$lcc8796 |    00000E99  A$lcc8796 |    00000E9A  A$lcc8796
     00000E9C  A$lcc8796 |    00000E9D  A$lcc8796 |    00000E9E  A$lcc8796
     00000E9F  A$lcc8796 |    00000EA0  A$lcc8796 |    00000EA1  A$lcc8796
     00000EA2  A$lcc8796 |    00000EA4  A$lcc8796 |    00000EA5  A$lcc8796
     00000EA7  A$lcc8796 |    00000EA8  A$lcc8796 |    00000EAA  A$lcc8796
     00000EAA  C$main.c$ |    00000EAC  A$lcc8796 |    00000EAD  A$lcc8796
     00000EAE  A$lcc8796 |    00000EB0  A$lcc8796 |    00000EB2  A$lcc8796
     00000EB4  A$lcc8796 |    00000EB5  A$lcc8796 |    00000EB6  A$lcc8796
     00000EB8  A$lcc8796 |    00000EB9  A$lcc8796 |    00000EBB  A$lcc8796
     00000EBC  A$lcc8796 |    00000EBE  A$lcc8796 |    00000EC0  A$lcc8796
     00000EC2  A$lcc8796 |    00000EC4  A$lcc8796 |    00000EC5  A$lcc8796
     00000EC7  A$lcc8796 |    00000EC9  A$lcc8796 |    00000ECB  A$lcc8796
     00000ECC  A$lcc8796 |    00000ECE  A$lcc8796 |    00000ECE  C$main.c$
     00000ED1  A$lcc8796 |    00000ED3  A$lcc8796 |    00000ED4  A$lcc8796
     00000ED5  A$lcc8796 |    00000ED6  A$lcc8796 |    00000ED7  A$lcc8796
     00000ED9  A$lcc8796 |    00000EDA  A$lcc8796 |    00000EDB  A$lcc8796
     00000EDC  A$lcc8796 |    00000EDF  A$lcc8796 |    00000EE1  A$lcc8796
     00000EE1  C$main.c$ |    00000EE4  A$lcc8796 |    00000EE6  A$lcc8796
     00000EE7  A$lcc8796 |    00000EE8  A$lcc8796 |    00000EE9  A$lcc8796
     00000EEB  A$lcc8796 |    00000EEC  A$lcc8796 |    00000EED  A$lcc8796
     00000EEE  A$lcc8796 |    00000EEF  A$lcc8796 |    00000EF2  A$lcc8796
     00000EF4  A$lcc8796 |    00000EF4  C$main.c$ |    00000EF7  A$lcc8796
     00000EF9  A$lcc8796 |    00000EFA  A$lcc8796 |    00000EFB  A$lcc8796
     00000EFC  A$lcc8796 |    00000EFE  A$lcc8796 |    00000EFF  A$lcc8796
     00000F00  A$lcc8796 |    00000F01  A$lcc8796 |    00000F03  A$lcc8796
     00000F04  A$lcc8796 |    00000F05  A$lcc8796 |    00000F06  A$lcc8796
     00000F09  A$lcc8796 |    00000F0B  A$lcc8796 |    00000F0B  C$main.c$
     00000F0E  A$lcc8796 |    00000F10  A$lcc8796 |    00000F11  A$lcc8796
     00000F12  A$lcc8796 |    00000F13  A$lcc8796 |    00000F14  A$lcc8796
     00000F16  A$lcc8796 |    00000F17  A$lcc8796 |    00000F18  A$lcc8796
     00000F19  A$lcc8796 |    00000F1C  A$lcc8796 |    00000F1E  A$lcc8796
     00000F1E  C$main.c$ |    00000F20  A$lcc8796 |    00000F22  A$lcc8796
     00000F22  C$main.c$ |    00000F24  A$lcc8796 |    00000F26  A$lcc8796
     00000F26  C$main.c$ |    00000F26  XG$collid |    00000F27  A$lcc8796
     00000F27  C$main.c$ |    00000F27  C$main.c$ |    00000F27  G$main$0$
     00000F27  _main     |    00000F28  A$lcc8796 |    00000F2A  A$lcc8796
     00000F2A  C$main.c$ |    00000F2C  A$lcc8796 |    00000F2E  A$lcc8796
ASxxxx Linker V03.00 + NoICE + sdld,  page 10.
Hexadecimal  [32-Bits]

Area                       Addr        Size        Decimal Bytes (Attributes)
--------------------       ----        ----        ------- ----- ------------
_CODE                  00000200    0000146F =        5231. bytes (REL,CON)

        Value  Global            Value  Global            Value  Global    
        -----  ------            -----  ------            -----  ------    
     00000F2E  C$main.c$ |    00000F30  A$lcc8796 |    00000F32  A$lcc8796
     00000F34  A$lcc8796 |    00000F34  C$main.c$ |    00000F36  A$lcc8796
     00000F38  A$lcc8796 |    00000F3A  A$lcc8796 |    00000F3A  C$main.c$
     00000F3C  A$lcc8796 |    00000F3E  A$lcc8796 |    00000F40  A$lcc8796
     00000F40  C$main.c$ |    00000F42  A$lcc8796 |    00000F44  A$lcc8796
     00000F46  A$lcc8796 |    00000F46  C$main.c$ |    00000F49  A$lcc8796
     00000F4A  A$lcc8796 |    00000F4D  A$lcc8796 |    00000F4E  A$lcc8796
     00000F51  A$lcc8796 |    00000F53  A$lcc8796 |    00000F53  C$main.c$
     00000F56  A$lcc8796 |    00000F57  A$lcc8796 |    00000F5A  A$lcc8796
     00000F5B  A$lcc8796 |    00000F5E  A$lcc8796 |    00000F60  A$lcc8796
     00000F60  C$main.c$ |    00000F63  A$lcc8796 |    00000F64  A$lcc8796
     00000F67  A$lcc8796 |    00000F68  A$lcc8796 |    00000F6B  A$lcc8796
     00000F6D  A$lcc8796 |    00000F6D  C$main.c$ |    00000F70  A$lcc8796
     00000F71  A$lcc8796 |    00000F74  A$lcc8796 |    00000F75  A$lcc8796
     00000F76  A$lcc8796 |    00000F77  A$lcc8796 |    00000F78  A$lcc8796
     00000F7B  A$lcc8796 |    00000F7D  A$lcc8796 |    00000F7D  C$main.c$
     00000F80  A$lcc8796 |    00000F82  A$lcc8796 |    00000F83  A$lcc8796
     00000F85  A$lcc8796 |    00000F85  C$main.c$ |    00000F88  A$lcc8796
     00000F8A  A$lcc8796 |    00000F8B  A$lcc8796 |    00000F8D  A$lcc8796
     00000F8D  C$main.c$ |    00000F90  A$lcc8796 |    00000F92  A$lcc8796
     00000F95  A$lcc8796 |    00000F97  A$lcc8796 |    00000F9A  A$lcc8796
     00000F9B  A$lcc8796 |    00000F9E  A$lcc8796 |    00000F9F  A$lcc8796
     00000FA2  A$lcc8796 |    00000FA3  A$lcc8796 |    00000FA4  A$lcc8796
     00000FA5  A$lcc8796 |    00000FA8  A$lcc8796 |    00000FA9  A$lcc8796
     00000FAA  A$lcc8796 |    00000FAB  A$lcc8796 |    00000FAE  A$lcc8796
     00000FB0  A$lcc8796 |    00000FB1  A$lcc8796 |    00000FB2  A$lcc8796
     00000FB3  A$lcc8796 |    00000FB5  A$lcc8796 |    00000FB6  A$lcc8796
     00000FB9  A$lcc8796 |    00000FBB  A$lcc8796 |    00000FBB  C$main.c$
     00000FBE  A$lcc8796 |    00000FC0  A$lcc8796 |    00000FC3  A$lcc8796
     00000FC5  A$lcc8796 |    00000FC5  C$main.c$ |    00000FC5  C$main.c$
     00000FC8  A$lcc8796 |    00000FCB  A$lcc8796 |    00000FCB  C$main.c$
     00000FCE  A$lcc8796 |    00000FD1  A$lcc8796 |    00000FD2  A$lcc8796
     00000FD2  C$main.c$ |    00000FD4  A$lcc8796 |    00000FD6  A$lcc8796
     00000FD6  C$main.c$ |    00000FD9  A$lcc8796 |    00000FDA  A$lcc8796
     00000FDD  A$lcc8796 |    00000FDE  A$lcc8796 |    00000FDF  A$lcc8796
     00000FE0  A$lcc8796 |    00000FE1  A$lcc8796 |    00000FE4  A$lcc8796
     00000FE6  A$lcc8796 |    00000FE9  A$lcc8796 |    00000FEA  A$lcc8796
     00000FEC  A$lcc8796 |    00000FEE  A$lcc8796 |    00000FF1  A$lcc8796
     00000FF2  A$lcc8796 |    00000FF3  A$lcc8796 |    00000FF4  A$lcc8796
     00000FF4  C$main.c$ |    00000FF5  A$lcc8796 |    00000FF6  A$lcc8796
     00000FF7  A$lcc8796 |    00000FF8  A$lcc8796 |    00000FF9  A$lcc8796
     00000FFB  A$lcc8796 |    00000FFD  A$lcc8796 |    00000FFF  A$lcc8796
     00001001  A$lcc8796 |    00001002  A$lcc8796 |    00001004  A$lcc8796
     00001006  A$lcc8796 |    00001008  A$lcc8796 |    00001009  A$lcc8796
     0000100B  A$lcc8796 |    0000100B  C$main.c$ |    0000100C  A$lcc8796
     0000100D  A$lcc8796 |    00001010  A$lcc8796 |    00001011  A$lcc8796
     00001012  A$lcc8796 |    00001013  A$lcc8796 |    00001015  A$lcc8796
     00001017  A$lcc8796 |    00001019  A$lcc8796 |    00001019  C$main.c$
     0000101C  A$lcc8796 |    0000101D  A$lcc8796 |    0000101E  A$lcc8796
     0000101F  A$lcc8796 |    0000101F  C$main.c$ |    00001020  A$lcc8796
     00001022  A$lcc8796 |    00001023  A$lcc8796 |    00001024  A$lcc8796
ASxxxx Linker V03.00 + NoICE + sdld,  page 11.
Hexadecimal  [32-Bits]

Area                       Addr        Size        Decimal Bytes (Attributes)
--------------------       ----        ----        ------- ----- ------------
_CODE                  00000200    0000146F =        5231. bytes (REL,CON)

        Value  Global            Value  Global            Value  Global    
        -----  ------            -----  ------            -----  ------    
     00001025  A$lcc8796 |    00001026  A$lcc8796 |    00001028  A$lcc8796
     0000102A  A$lcc8796 |    0000102A  C$main.c$ |    0000102B  A$lcc8796
     0000102E  A$lcc8796 |    0000102F  A$lcc8796 |    00001030  A$lcc8796
     00001031  A$lcc8796 |    00001034  A$lcc8796 |    00001037  A$lcc8796
     00001038  A$lcc8796 |    00001038  C$main.c$ |    00001039  A$lcc8796
     00001039  C$main.c$ |    0000103C  A$lcc8796 |    0000103D  A$lcc8796
     0000103F  A$lcc8796 |    00001040  A$lcc8796 |    00001042  A$lcc8796
     00001043  A$lcc8796 |    00001045  A$lcc8796 |    00001046  A$lcc8796
     00001048  A$lcc8796 |    00001049  A$lcc8796 |    0000104A  A$lcc8796
     0000104C  A$lcc8796 |    0000104D  A$lcc8796 |    0000104E  A$lcc8796
     00001050  A$lcc8796 |    00001051  A$lcc8796 |    00001052  A$lcc8796
     00001054  A$lcc8796 |    00001054  C$main.c$ |    00001057  A$lcc8796
     00001059  A$lcc8796 |    00001059  C$main.c$ |    0000105C  A$lcc8796
     0000105F  A$lcc8796 |    00001060  A$lcc8796 |    00001061  A$lcc8796
     00001062  A$lcc8796 |    00001063  A$lcc8796 |    00001064  A$lcc8796
     00001067  A$lcc8796 |    00001068  A$lcc8796 |    0000106A  A$lcc8796
     0000106A  C$main.c$ |    0000106B  A$lcc8796 |    0000106C  A$lcc8796
     0000106E  A$lcc8796 |    0000106F  A$lcc8796 |    00001070  A$lcc8796
     00001072  A$lcc8796 |    00001073  A$lcc8796 |    00001074  A$lcc8796
     00001076  A$lcc8796 |    00001079  A$lcc8796 |    0000107A  A$lcc8796
     0000107C  A$lcc8796 |    0000107C  C$main.c$ |    0000107F  A$lcc8796
     00001081  A$lcc8796 |    00001081  C$main.c$ |    00001084  A$lcc8796
     00001087  A$lcc8796 |    00001088  A$lcc8796 |    00001089  A$lcc8796
     0000108A  A$lcc8796 |    0000108B  A$lcc8796 |    0000108C  A$lcc8796
     0000108F  A$lcc8796 |    00001090  A$lcc8796 |    00001090  C$main.c$
     00001093  A$lcc8796 |    00001094  A$lcc8796 |    00001096  A$lcc8796
     00001096  C$main.c$ |    00001099  A$lcc8796 |    0000109A  A$lcc8796
     0000109B  A$lcc8796 |    0000109C  A$lcc8796 |    0000109D  A$lcc8796
     0000109F  A$lcc8796 |    000010A0  A$lcc8796 |    000010A1  A$lcc8796
     000010A3  A$lcc8796 |    000010A4  A$lcc8796 |    000010A7  A$lcc8796
     000010A8  A$lcc8796 |    000010A9  A$lcc8796 |    000010AA  A$lcc8796
     000010AA  C$main.c$ |    000010AD  A$lcc8796 |    000010AE  A$lcc8796
     000010AF  A$lcc8796 |    000010B0  A$lcc8796 |    000010B1  A$lcc8796
     000010B4  A$lcc8796 |    000010B5  A$lcc8796 |    000010B6  A$lcc8796
     000010B8  A$lcc8796 |    000010B8  C$main.c$ |    000010BB  A$lcc8796
     000010BD  A$lcc8796 |    000010C0  A$lcc8796 |    000010C1  A$lcc8796
     000010C2  A$lcc8796 |    000010C3  A$lcc8796 |    000010C6  A$lcc8796
     000010C7  A$lcc8796 |    000010C8  A$lcc8796 |    000010C9  A$lcc8796
     000010CB  A$lcc8796 |    000010CC  A$lcc8796 |    000010CD  A$lcc8796
     000010D0  A$lcc8796 |    000010D1  A$lcc8796 |    000010D1  C$main.c$
     000010D3  A$lcc8796 |    000010D6  A$lcc8796 |    000010D7  A$lcc8796
     000010DA  A$lcc8796 |    000010DB  A$lcc8796 |    000010DE  A$lcc8796
     000010DF  A$lcc8796 |    000010E0  A$lcc8796 |    000010E1  A$lcc8796
     000010E4  A$lcc8796 |    000010E5  A$lcc8796 |    000010E6  A$lcc8796
     000010E7  A$lcc8796 |    000010EA  A$lcc8796 |    000010EC  A$lcc8796
     000010ED  A$lcc8796 |    000010EE  A$lcc8796 |    000010EF  A$lcc8796
     000010F1  A$lcc8796 |    000010F2  A$lcc8796 |    000010F5  A$lcc8796
     000010F7  A$lcc8796 |    000010F7  C$main.c$ |    000010F7  C$main.c$
     000010FA  A$lcc8796 |    000010FB  A$lcc8796 |    000010FD  A$lcc8796
     000010FD  C$main.c$ |    00001100  A$lcc8796 |    00001101  A$lcc8796
     00001102  A$lcc8796 |    00001103  A$lcc8796 |    00001104  A$lcc8796
ASxxxx Linker V03.00 + NoICE + sdld,  page 12.
Hexadecimal  [32-Bits]

Area                       Addr        Size        Decimal Bytes (Attributes)
--------------------       ----        ----        ------- ----- ------------
_CODE                  00000200    0000146F =        5231. bytes (REL,CON)

        Value  Global            Value  Global            Value  Global    
        -----  ------            -----  ------            -----  ------    
     00001106  A$lcc8796 |    00001107  A$lcc8796 |    00001108  A$lcc8796
     0000110A  A$lcc8796 |    0000110B  A$lcc8796 |    0000110E  A$lcc8796
     0000110F  A$lcc8796 |    00001110  A$lcc8796 |    00001111  A$lcc8796
     00001111  C$main.c$ |    00001114  A$lcc8796 |    00001115  A$lcc8796
     00001116  A$lcc8796 |    00001117  A$lcc8796 |    00001118  A$lcc8796
     0000111B  A$lcc8796 |    0000111C  A$lcc8796 |    0000111D  A$lcc8796
     0000111F  A$lcc8796 |    0000111F  C$main.c$ |    00001122  A$lcc8796
     00001124  A$lcc8796 |    00001127  A$lcc8796 |    00001128  A$lcc8796
     00001129  A$lcc8796 |    0000112A  A$lcc8796 |    0000112D  A$lcc8796
     0000112E  A$lcc8796 |    0000112F  A$lcc8796 |    00001130  A$lcc8796
     00001132  A$lcc8796 |    00001133  A$lcc8796 |    00001134  A$lcc8796
     00001137  A$lcc8796 |    00001138  A$lcc8796 |    00001138  C$main.c$
     0000113A  A$lcc8796 |    0000113D  A$lcc8796 |    0000113E  A$lcc8796
     00001141  A$lcc8796 |    00001142  A$lcc8796 |    00001145  A$lcc8796
     00001146  A$lcc8796 |    00001147  A$lcc8796 |    00001148  A$lcc8796
     0000114B  A$lcc8796 |    0000114C  A$lcc8796 |    0000114D  A$lcc8796
     0000114E  A$lcc8796 |    00001151  A$lcc8796 |    00001153  A$lcc8796
     00001154  A$lcc8796 |    00001155  A$lcc8796 |    00001156  A$lcc8796
     00001158  A$lcc8796 |    00001159  A$lcc8796 |    0000115C  A$lcc8796
     0000115E  A$lcc8796 |    0000115E  C$main.c$ |    0000115E  C$main.c$
     00001161  A$lcc8796 |    00001162  A$lcc8796 |    00001163  A$lcc8796
     00001164  A$lcc8796 |    00001165  A$lcc8796 |    00001167  A$lcc8796
     00001168  A$lcc8796 |    00001169  A$lcc8796 |    0000116A  A$lcc8796
     0000116B  A$lcc8796 |    0000116D  A$lcc8796 |    0000116F  A$lcc8796
     0000116F  C$main.c$ |    00001172  A$lcc8796 |    00001174  A$lcc8796
     00001177  A$lcc8796 |    00001178  A$lcc8796 |    00001179  A$lcc8796
     0000117A  A$lcc8796 |    0000117D  A$lcc8796 |    0000117E  A$lcc8796
     0000117F  A$lcc8796 |    00001180  A$lcc8796 |    00001182  A$lcc8796
     00001183  A$lcc8796 |    00001184  A$lcc8796 |    00001187  A$lcc8796
     00001188  A$lcc8796 |    00001188  C$main.c$ |    00001188  C$main.c$
     0000118B  A$lcc8796 |    0000118C  A$lcc8796 |    0000118D  A$lcc8796
     0000118E  A$lcc8796 |    0000118F  A$lcc8796 |    00001191  A$lcc8796
     00001192  A$lcc8796 |    00001193  A$lcc8796 |    00001194  A$lcc8796
     00001195  A$lcc8796 |    00001197  A$lcc8796 |    00001199  A$lcc8796
     00001199  C$main.c$ |    0000119C  A$lcc8796 |    0000119E  A$lcc8796
     000011A1  A$lcc8796 |    000011A2  A$lcc8796 |    000011A3  A$lcc8796
     000011A4  A$lcc8796 |    000011A7  A$lcc8796 |    000011A8  A$lcc8796
     000011A9  A$lcc8796 |    000011AA  A$lcc8796 |    000011AC  A$lcc8796
     000011AD  A$lcc8796 |    000011AE  A$lcc8796 |    000011B1  A$lcc8796
     000011B2  A$lcc8796 |    000011B2  C$main.c$ |    000011B5  A$lcc8796
     000011B6  A$lcc8796 |    000011B9  A$lcc8796 |    000011BA  A$lcc8796
     000011BD  A$lcc8796 |    000011BE  A$lcc8796 |    000011BF  A$lcc8796
     000011C0  A$lcc8796 |    000011C1  A$lcc8796 |    000011C4  A$lcc8796
     000011C5  A$lcc8796 |    000011C6  A$lcc8796 |    000011C7  A$lcc8796
     000011CA  A$lcc8796 |    000011CC  A$lcc8796 |    000011CD  A$lcc8796
     000011CE  A$lcc8796 |    000011CF  A$lcc8796 |    000011D0  A$lcc8796
     000011D1  A$lcc8796 |    000011D2  A$lcc8796 |    000011D3  A$lcc8796
     000011D4  A$lcc8796 |    000011D7  A$lcc8796 |    000011D9  A$lcc8796
     000011D9  C$main.c$ |    000011DC  A$lcc8796 |    000011DC  C$main.c$
     000011DF  A$lcc8796 |    000011DF  C$main.c$ |    000011DF  XG$main$0
     000011E2  G$bkg_map |    000011E2  _bkg_map  |    0000134A  G$bkg_til
ASxxxx Linker V03.00 + NoICE + sdld,  page 13.
Hexadecimal  [32-Bits]

Area                       Addr        Size        Decimal Bytes (Attributes)
--------------------       ----        ----        ------- ----- ------------
_CODE                  00000200    0000146F =        5231. bytes (REL,CON)

        Value  Global            Value  Global            Value  Global    
        -----  ------            -----  ------            -----  ------    
     0000134A  _bkg_tile |    0000159A  _get_vram |    000015A7  _get_win_
     000015AF  _get_bkg_ |    000015D6  ___hide_m |    000015F6  _set_vram
     00001605  _set_win_ |    0000160D  _set_bkg_ |    00001637  ___move_m
ASxxxx Linker V03.00 + NoICE + sdld,  page 14.
Hexadecimal  [32-Bits]

Area                       Addr        Size        Decimal Bytes (Attributes)
--------------------       ----        ----        ------- ----- ------------
_HEADER0               00000000    00000001 =           1. bytes (ABS,CON)

        Value  Global            Value  Global            Value  Global    
        -----  ------            -----  ------            -----  ------    
     00000020  .call_hl 
ASxxxx Linker V03.00 + NoICE + sdld,  page 15.
Hexadecimal  [32-Bits]

Area                       Addr        Size        Decimal Bytes (Attributes)
--------------------       ----        ----        ------- ----- ------------
_HEADER1               00000000    00000005 =           5. bytes (ABS,CON)

        Value  Global            Value  Global            Value  Global    
        -----  ------            -----  ------            -----  ------    
     00000028  .MemsetSm
ASxxxx Linker V03.00 + NoICE + sdld,  page 16.
Hexadecimal  [32-Bits]

Area                       Addr        Size        Decimal Bytes (Attributes)
--------------------       ----        ----        ------- ----- ------------
_HEADER2               00000000    00000007 =           7. bytes (ABS,CON)

        Value  Global            Value  Global            Value  Global    
        -----  ------            -----  ------            -----  ------    
     00000030  .MemcpySm
ASxxxx Linker V03.00 + NoICE + sdld,  page 17.
Hexadecimal  [32-Bits]

Area                       Addr        Size        Decimal Bytes (Attributes)
--------------------       ----        ----        ------- ----- ------------
_HEADER3               00000000    00000008 =           8. bytes (ABS,CON)

        Value  Global            Value  Global            Value  Global    
        -----  ------            -----  ------            -----  ------    
ASxxxx Linker V03.00 + NoICE + sdld,  page 18.
Hexadecimal  [32-Bits]

Area                       Addr        Size        Decimal Bytes (Attributes)
--------------------       ----        ----        ------- ----- ------------
_HEADER4               00000000    0000004F =          79. bytes (ABS,CON)

        Value  Global            Value  Global            Value  Global    
        -----  ------            -----  ------            -----  ------    
     00000080  .int      |    0000008F  _wait_int |    0000009C  __standar
     000000AC  _refresh_
ASxxxx Linker V03.00 + NoICE + sdld,  page 19.
Hexadecimal  [32-Bits]

Area                       Addr        Size        Decimal Bytes (Attributes)
--------------------       ----        ----        ------- ----- ------------
_HEADER5               00000000    00000002 =           2. bytes (ABS,CON)

        Value  Global            Value  Global            Value  Global    
        -----  ------            -----  ------            -----  ------    
ASxxxx Linker V03.00 + NoICE + sdld,  page 20.
Hexadecimal  [32-Bits]

Area                       Addr        Size        Decimal Bytes (Attributes)
--------------------       ----        ----        ------- ----- ------------
_HEADER6               00000000    00000030 =          48. bytes (ABS,CON)

        Value  Global            Value  Global            Value  Global    
        -----  ------            -----  ------            -----  ------    
ASxxxx Linker V03.00 + NoICE + sdld,  page 21.
Hexadecimal  [32-Bits]

Area                       Addr        Size        Decimal Bytes (Attributes)
--------------------       ----        ----        ------- ----- ------------
_HEADER7               00000000    00000006 =           6. bytes (ABS,CON)

        Value  Global            Value  Global            Value  Global    
        -----  ------            -----  ------            -----  ------    
ASxxxx Linker V03.00 + NoICE + sdld,  page 22.
Hexadecimal  [32-Bits]

Area                       Addr        Size        Decimal Bytes (Attributes)
--------------------       ----        ----        ------- ----- ------------
_HEADER8               00000000    00000003 =           3. bytes (ABS,CON)

        Value  Global            Value  Global            Value  Global    
        -----  ------            -----  ------            -----  ------    
ASxxxx Linker V03.00 + NoICE + sdld,  page 23.
Hexadecimal  [32-Bits]

Area                       Addr        Size        Decimal Bytes (Attributes)
--------------------       ----        ----        ------- ----- ------------
_HEADER9               00000000    00000001 =           1. bytes (ABS,CON)

        Value  Global            Value  Global            Value  Global    
        -----  ------            -----  ------            -----  ------    
ASxxxx Linker V03.00 + NoICE + sdld,  page 24.
Hexadecimal  [32-Bits]

Area                       Addr        Size        Decimal Bytes (Attributes)
--------------------       ----        ----        ------- ----- ------------
_HEADERa               00000000    00000001 =           1. bytes (ABS,CON)

        Value  Global            Value  Global            Value  Global    
        -----  ------            -----  ------            -----  ------    
ASxxxx Linker V03.00 + NoICE + sdld,  page 25.
Hexadecimal  [32-Bits]

Area                       Addr        Size        Decimal Bytes (Attributes)
--------------------       ----        ----        ------- ----- ------------
_HEADERb               00000000    00000001 =           1. bytes (ABS,CON)

        Value  Global            Value  Global            Value  Global    
        -----  ------            -----  ------            -----  ------    
ASxxxx Linker V03.00 + NoICE + sdld,  page 26.
Hexadecimal  [32-Bits]

Area                       Addr        Size        Decimal Bytes (Attributes)
--------------------       ----        ----        ------- ----- ------------
_HEADERc               00000000    00000002 =           2. bytes (ABS,CON)

        Value  Global            Value  Global            Value  Global    
        -----  ------            -----  ------            -----  ------    
ASxxxx Linker V03.00 + NoICE + sdld,  page 27.
Hexadecimal  [32-Bits]

Area                       Addr        Size        Decimal Bytes (Attributes)
--------------------       ----        ----        ------- ----- ------------
_HEADERd               00000000    00000001 =           1. bytes (ABS,CON)

        Value  Global            Value  Global            Value  Global    
        -----  ------            -----  ------            -----  ------    
ASxxxx Linker V03.00 + NoICE + sdld,  page 28.
Hexadecimal  [32-Bits]

Area                       Addr        Size        Decimal Bytes (Attributes)
--------------------       ----        ----        ------- ----- ------------
_HEADERe               00000000    00000001 =           1. bytes (ABS,CON)

        Value  Global            Value  Global            Value  Global    
        -----  ------            -----  ------            -----  ------    
ASxxxx Linker V03.00 + NoICE + sdld,  page 29.
Hexadecimal  [32-Bits]

Area                       Addr        Size        Decimal Bytes (Attributes)
--------------------       ----        ----        ------- ----- ------------
_HEADERf               00000000    00000002 =           2. bytes (ABS,CON)

        Value  Global            Value  Global            Value  Global    
        -----  ------            -----  ------            -----  ------    
ASxxxx Linker V03.00 + NoICE + sdld,  page 30.
Hexadecimal  [32-Bits]

Area                       Addr        Size        Decimal Bytes (Attributes)
--------------------       ----        ----        ------- ----- ------------
_HEADER10              00000000    00000082 =         130. bytes (ABS,CON)

        Value  Global            Value  Global            Value  Global    
        -----  ------            -----  ------            -----  ------    
     00000150  .reset    |    00000150  _reset    |    00000157  .code_sta
     000001B7  _exit     |    000001BB  _set_inte
ASxxxx Linker V03.00 + NoICE + sdld,  page 31.
Hexadecimal  [32-Bits]

Area                       Addr        Size        Decimal Bytes (Attributes)
--------------------       ----        ----        ------- ----- ------------
_HEADER11              00000000    00000001 =           1. bytes (ABS,CON)

        Value  Global            Value  Global            Value  Global    
        -----  ------            -----  ------            -----  ------    
ASxxxx Linker V03.00 + NoICE + sdld,  page 32.
Hexadecimal  [32-Bits]

Area                       Addr        Size        Decimal Bytes (Attributes)
--------------------       ----        ----        ------- ----- ------------
_HOME                  0000166F    0000017B =         379. bytes (REL,CON)

        Value  Global            Value  Global            Value  Global    
        -----  ------            -----  ------            -----  ------    
     0000166F  .memset_s |    00001678  .memcpy_s |    00001695  .remove_V
     00001698  .remove_i |    000016B5  .add_VBL  |    000016B8  .add_int 
     000016C3  .wait_vbl |    000016C3  _wait_vbl |    000016D3  .display_
     000016D3  _display_ |    000016EB  _remove_V |    000016F6  _add_VBL 
     00001701  _set_tile |    00001706  _set_bkg_ |    00001706  _set_win_
     0000170E  _set_spri |    0000173E  .padup    |    0000173E  _waitpadu
     0000174E  .jpad     |    0000174E  _joypad   |    00001776  _waitpad 
     00001779  .wait_pad |    00001780  _set_bkg_ |    00001794  .set_xy_w
     0000179D  .set_xy_b |    000017AC  .set_xy_t
ASxxxx Linker V03.00 + NoICE + sdld,  page 33.
Hexadecimal  [32-Bits]

Area                       Addr        Size        Decimal Bytes (Attributes)
--------------------       ----        ----        ------- ----- ------------
_INITIALIZER           000017EA    0000002D =          45. bytes (REL,CON)

        Value  Global            Value  Global            Value  Global    
        -----  ------            -----  ------            -----  ------    
     000017EA  Fmain$__x |    000017EF  Fmain$__x |    000017F4  Fmain$__x
     000017FE  Fmain$__x |    0000180C  Fmain$__x
ASxxxx Linker V03.00 + NoICE + sdld,  page 34.
Hexadecimal  [32-Bits]

Area                       Addr        Size        Decimal Bytes (Attributes)
--------------------       ----        ----        ------- ----- ------------
_GSINIT                00001817    0000000C =          12. bytes (REL,CON)

        Value  Global            Value  Global            Value  Global    
        -----  ------            -----  ------            -----  ------    
     00001817  gsinit   
ASxxxx Linker V03.00 + NoICE + sdld,  page 35.
Hexadecimal  [32-Bits]

Area                       Addr        Size        Decimal Bytes (Attributes)
--------------------       ----        ----        ------- ----- ------------
_GSFINAL               00001823    00000001 =           1. bytes (REL,CON)

        Value  Global            Value  Global            Value  Global    
        -----  ------            -----  ------            -----  ------    
ASxxxx Linker V03.00 + NoICE + sdld,  page 36.
Hexadecimal  [32-Bits]

Area                       Addr        Size        Decimal Bytes (Attributes)
--------------------       ----        ----        ------- ----- ------------
_DATA                  0000C0A0    00000079 =         121. bytes (REL,CON)

        Value  Global            Value  Global            Value  Global    
        -----  ------            -----  ------            -----  ------    
     0000C0A0  __cpu     |    0000C0A1  __is_GBA  |    0000C0A2  .mode    
     0000C0A3  .sys_time |    0000C0A3  _sys_time |    0000C0A5  .int_0x40
     0000C0DE  _hUGE_cur |    0000C0FF  G$joy$0_0 |    0000C0FF  _joy     
     0000C100  G$last_jo |    0000C100  _last_joy |    0000C101  G$PLAYER$
     0000C101  _PLAYER   |    0000C108  G$BULLET1 |    0000C108  _BULLET1 
     0000C10F  G$BULLET2 |    0000C10F  _BULLET2  |    0000C116  ___curren
     0000C118  ___curren
ASxxxx Linker V03.00 + NoICE + sdld,  page 37.
Hexadecimal  [32-Bits]

Area                       Addr        Size        Decimal Bytes (Attributes)
--------------------       ----        ----        ------- ----- ------------
_INITIALIZED           0000C119    0000002D =          45. bytes (REL,CON)

        Value  Global            Value  Global            Value  Global    
        -----  ------            -----  ------            -----  ------    
     0000C119  G$npc_til |    0000C119  _npc_tile |    0000C11E  G$npc_til
     0000C11E  _npc_tile |    0000C123  G$npc_til |    0000C123  _npc_tile
     0000C12D  G$npc_til |    0000C12D  _npc_tile |    0000C13B  G$npc_til
     0000C13B  _npc_tile |    0000C145  ___render
ASxxxx Linker V03.00 + NoICE + sdld,  page 38.
Hexadecimal  [32-Bits]

Area                       Addr        Size        Decimal Bytes (Attributes)
--------------------       ----        ----        ------- ----- ------------
_HRAM12                00000000    00000003 =           3. bytes (ABS,CON)

        Value  Global            Value  Global            Value  Global    
        -----  ------            -----  ------            -----  ------    
     0000FF90  __current |    0000FF92  __shadow_
ASxxxx Linker V03.00 + NoICE + sdld,  page 39.
Hexadecimal  [32-Bits]

Area                       Addr        Size        Decimal Bytes (Attributes)
--------------------       ----        ----        ------- ----- ------------
_CODE_1                00014000    000000BC =         188. bytes (REL,CON)

        Value  Global            Value  Global            Value  Global    
        -----  ------            -----  ------            -----  ------    
     00014000  C$bullet. |    00014000  G$__func_ |    00014000  G$bullet_
     00014000  ___func_b |    00014000  _bullet_p |    0001400A  G$bullet_
     0001400A  _bullet_t |    0001402A  G$bullet_ |    0001402A  _bullet_m
     00014032  G$bullet_ |    00014032  _bullet_m |    00014034  C$galaga.
     00014034  G$__func_ |    00014034  G$galaga_ |    00014034  ___func_g
     00014034  _galaga_p |    0001403C  G$galaga_ |    0001403C  _galaga_t
     0001407C  G$galaga_ |    0001407C  _galaga_m |    00014088  G$galaga_
     00014088  _galaga_m |    0001408A  C$one_up. |    0001408A  G$__func_
     0001408A  G$one_up_ |    0001408A  ___func_o |    0001408A  _one_up_p
     00014092  G$one_up_ |    00014092  _one_up_t |    000140B2  G$one_up_
     000140B2  _one_up_m |    000140BA  G$one_up_ |    000140BA  _one_up_m
ASxxxx Linker V03.00 + NoICE + sdld,  page 40.

Files Linked                              [ module(s) ]

C:\c_code\gbdk\lib/small/asxxxx/gb/crt0.o
                                          [ Runtime ]
src\hUGEDriver.obj.rel                    [ hUGEDriver_obj ]
C:\Users\User\AppData\Local\Temp/lcc87960.rel
                                          [ main ]
C:\Users\User\AppData\Local\Temp/lcc87961.rel
                                          [ scene ]
C:\Users\User\AppData\Local\Temp/lcc87962.rel
                                          [ bkg_map ]
C:\Users\User\AppData\Local\Temp/lcc87963.rel
                                          [ bkg_tiles ]
C:\Users\User\AppData\Local\Temp/lcc87964.rel
                                          [ bullet ]
C:\Users\User\AppData\Local\Temp/lcc87965.rel
                                          [ galaga ]
C:\Users\User\AppData\Local\Temp/lcc87966.rel
                                          [ one_up ]


Libraries Linked                          [ object file ]

C:\c_code\gbdk\lib/small/asxxxx/gb/gb.lib
                                          [ get_tile.o ]
C:\c_code\gbdk\lib/small/asxxxx/gb/gb.lib
                                          [ metasprites_hide.o ]
C:\c_code\gbdk\lib/small/asxxxx/gb/gb.lib
                                          [ set_data.o ]
C:\c_code\gbdk\lib/small/asxxxx/gb/gb.lib
                                          [ set_tile.o ]
C:\c_code\gbdk\lib/small/asxxxx/gb/gb.lib
                                          [ pad.o ]
C:\c_code\gbdk\lib/small/asxxxx/gb/gb.lib
                                          [ metasprites.o ]
C:\c_code\gbdk\lib/small/asxxxx/gb/gb.lib
                                          [ sfr.o ]
C:\c_code\gbdk\lib/small/asxxxx/gb/gb.lib
                                          [ set_bk_t.o ]
C:\c_code\gbdk\lib/small/asxxxx/gb/gb.lib
                                          [ set_xy_t.o ]

ASxxxx Linker V03.00 + NoICE + sdld,  page 41.

User Base Address Definitions

_DATA=0xC0A0
_CODE=0x0200
ASxxxx Linker V03.00 + NoICE + sdld,  page 42.

User Global Definitions

_shadow_OAM=0xC000
.STACK=0xE000
.refresh_OAM=0xFF80

