ASxxxx Linker V03.00 + NoICE + sdld,  page 1.
Hexadecimal  [32-Bits]

Area                       Addr        Size        Decimal Bytes (Attributes)
--------------------       ----        ----        ------- ----- ------------
.  .ABS.               00000000    00000000 =           0. bytes (ABS,CON)

        Value  Global            Value  Global            Value  Global    
        -----  ------            -----  ------            -----  ------    
     00000000  .__.ABS.  |    00000000  _rRAMG    |    00000000  l__BASE  
     00000000  l__BSS    |    00000000  l__CABS   |    00000000  l__CODE_0
     00000000  l__DABS   |    00000000  l__HEADER |    00000000  l__HEAP  
     00000000  l__HRAM   |    00000000  l__LIT    |    00000000  s__CABS  
     00000000  s__DABS   |    00000000  s__HEADER |    00000000  s__HEADER
     00000000  s__HEADER |    00000000  s__HEADER |    00000000  s__HEADER
     00000000  s__HEADER |    00000000  s__HEADER |    00000000  s__HEADER
     00000000  s__HEADER |    00000000  s__HEADER |    00000000  s__HEADER
     00000000  s__HEADER |    00000000  s__HEADER |    00000000  s__HEADER
     00000000  s__HEADER |    00000000  s__HEADER |    00000000  s__HEADER
     00000000  s__HEADER |    00000000  s__HEADER |    00000000  s__HRAM  
     00000000  s__HRAM12 |    00000001  ___bank_b |    00000001  ___bank_g
     00000001  ___bank_o |    00000001  l__GSFINA |    00000001  l__HEADER
     00000001  l__HEADER |    00000001  l__HEADER |    00000001  l__HEADER
     00000001  l__HEADER |    00000001  l__HEADER |    00000001  l__HEADER
     00000002  l__HEADER |    00000002  l__HEADER |    00000002  l__HEADER
     00000003  l__HEADER |    00000003  l__HRAM12 |    00000005  l__HEADER
     00000006  l__HEADER |    00000007  l__HEADER |    00000008  l__HEADER
     0000000C  l__GSINIT |    00000015  l__INITIA |    00000015  l__INITIA
     00000030  l__HEADER |    0000004F  l__HEADER |    00000079  l__DATA  
     00000082  l__HEADER |    000000BC  l__CODE_1 |    0000017B  l__HOME  
     00000200  s__CODE   |    000012BC  l__CODE   |    000014BC  s__HOME  
     00001637  s__BASE   |    00001637  s__CODE_0 |    00001637  s__INITIA
     00001637  s__LIT    |    0000164C  s__GSINIT |    00001658  s__GSFINA
     00002000  _rROMB0   |    00003000  _rROMB1   |    00004000  _rRAMB   
     00008000  __VRAM    |    00008000  __VRAM800 |    00008800  __VRAM880
     00009000  __VRAM900 |    00009800  __SCRN0   |    00009C00  __SCRN1  
     0000A000  __SRAM    |    0000C000  __RAM     |    0000C000  _shadow_O
     0000C0A0  s__DATA   |    0000C119  s__BSS    |    0000C119  s__INITIA
     0000C12E  s__HEAP   |    0000D000  __RAMBANK |    0000E000  .STACK   
     0000FE00  __OAMRAM  |    0000FF00  _P1_REG   |    0000FF00  __IO     
     0000FF01  _SB_REG   |    0000FF02  _SC_REG   |    0000FF04  _DIV_REG 
     0000FF05  _TIMA_REG |    0000FF06  _TMA_REG  |    0000FF07  _TAC_REG 
     0000FF0F  _IF_REG   |    0000FF10  _NR10_REG |    0000FF11  _NR11_REG
     0000FF12  _NR12_REG |    0000FF13  _NR13_REG |    0000FF14  _NR14_REG
     0000FF16  _NR21_REG |    0000FF17  _NR22_REG |    0000FF18  _NR23_REG
     0000FF19  _NR24_REG |    0000FF1A  _NR30_REG |    0000FF1B  _NR31_REG
     0000FF1C  _NR32_REG |    0000FF1D  _NR33_REG |    0000FF1E  _NR34_REG
     0000FF20  _NR41_REG |    0000FF21  _NR42_REG |    0000FF22  _NR43_REG
     0000FF23  _NR44_REG |    0000FF24  _NR50_REG |    0000FF25  _NR51_REG
     0000FF26  _NR52_REG |    0000FF30  _PCM_SAMP |    0000FF30  __AUD3WAV
     0000FF40  _LCDC_REG |    0000FF41  _STAT_REG |    0000FF42  _SCY_REG 
     0000FF43  _SCX_REG  |    0000FF44  _LY_REG   |    0000FF45  _LYC_REG 
     0000FF46  _DMA_REG  |    0000FF47  _BGP_REG  |    0000FF48  _OBP0_REG
     0000FF49  _OBP1_REG |    0000FF4A  _WY_REG   |    0000FF4B  _WX_REG  
     0000FF4D  _KEY1_REG |    0000FF4F  _VBK_REG  |    0000FF51  _HDMA1_RE
     0000FF52  _HDMA2_RE |    0000FF53  _HDMA3_RE |    0000FF54  _HDMA4_RE
     0000FF55  _HDMA5_RE |    0000FF56  _RP_REG   |    0000FF68  _BCPS_REG
     0000FF69  _BCPD_REG |    0000FF6A  _OCPS_REG |    0000FF6B  _OCPD_REG
     0000FF70  _SVBK_REG |    0000FF76  _PCM12_RE |    0000FF77  _PCM34_RE
ASxxxx Linker V03.00 + NoICE + sdld,  page 2.
Hexadecimal  [32-Bits]

Area                       Addr        Size        Decimal Bytes (Attributes)
--------------------       ----        ----        ------- ----- ------------
.  .ABS.               00000000    00000000 =           0. bytes (ABS,CON)

        Value  Global            Value  Global            Value  Global    
        -----  ------            -----  ------            -----  ------    
     0000FF80  .refresh_ |    0000FF80  __HRAM    |    0000FFFF  _IE_REG  
     00014000  s__CODE_1
ASxxxx Linker V03.00 + NoICE + sdld,  page 3.
Hexadecimal  [32-Bits]

Area                       Addr        Size        Decimal Bytes (Attributes)
--------------------       ----        ----        ------- ----- ------------
_CODE                  00000200    000012BC =        4796. bytes (REL,CON)

        Value  Global            Value  Global            Value  Global    
        -----  ------            -----  ------            -----  ------    
     00000200  _hUGE_ini |    00000204  _hUGE_ini |    0000020F  _hUGE_mut
     00000213  _hUGE_mut |    00000220  hUGE_mute |    0000023A  hUGE_init
     00000676  _hUGE_dos |    00000676  _hUGE_dos |    00000999  A$lcc1848
     00000999  C$main.c$ |    00000999  C$main.c$ |    00000999  G$update_
     00000999  _update_b |    0000099B  A$lcc1848 |    0000099C  A$lcc1848
     0000099E  A$lcc1848 |    0000099F  A$lcc1848 |    000009A0  A$lcc1848
     000009A1  A$lcc1848 |    000009A2  A$lcc1848 |    000009A5  A$lcc1848
     000009A6  A$lcc1848 |    000009A7  A$lcc1848 |    000009A8  A$lcc1848
     000009A8  C$main.c$ |    000009AA  A$lcc1848 |    000009AB  A$lcc1848
     000009AD  A$lcc1848 |    000009B0  A$lcc1848 |    000009B1  A$lcc1848
     000009B2  A$lcc1848 |    000009B3  A$lcc1848 |    000009B3  C$main.c$
     000009B3  XG$update |    000009B4  A$lcc1848 |    000009B4  C$main.c$
     000009B4  C$main.c$ |    000009B4  G$update_ |    000009B4  _update_b
     000009B6  A$lcc1848 |    000009B7  A$lcc1848 |    000009B9  A$lcc1848
     000009BA  A$lcc1848 |    000009BB  A$lcc1848 |    000009BC  A$lcc1848
     000009BD  A$lcc1848 |    000009C0  A$lcc1848 |    000009C1  A$lcc1848
     000009C2  A$lcc1848 |    000009C3  A$lcc1848 |    000009C3  C$main.c$
     000009C5  A$lcc1848 |    000009C6  A$lcc1848 |    000009C8  A$lcc1848
     000009CB  A$lcc1848 |    000009CC  A$lcc1848 |    000009CD  A$lcc1848
     000009CE  A$lcc1848 |    000009CE  C$main.c$ |    000009CE  XG$update
     000009CF  A$lcc1848 |    000009CF  C$main.c$ |    000009CF  G$collide
     000009CF  _collide_ |    000009D1  A$lcc1848 |    000009D1  C$main.c$
     000009D2  A$lcc1848 |    000009D4  A$lcc1848 |    000009D5  A$lcc1848
     000009D6  A$lcc1848 |    000009D6  C$main.c$ |    000009D8  A$lcc1848
     000009D9  A$lcc1848 |    000009DB  A$lcc1848 |    000009DE  A$lcc1848
     000009DF  A$lcc1848 |    000009E0  A$lcc1848 |    000009E1  A$lcc1848
     000009E3  A$lcc1848 |    000009E4  A$lcc1848 |    000009E5  A$lcc1848
     000009E6  A$lcc1848 |    000009E8  A$lcc1848 |    000009E9  A$lcc1848
     000009E9  C$main.c$ |    000009EB  A$lcc1848 |    000009EC  A$lcc1848
     000009EE  A$lcc1848 |    000009F1  A$lcc1848 |    000009F2  A$lcc1848
     000009F3  A$lcc1848 |    000009F4  A$lcc1848 |    000009F6  A$lcc1848
     000009F7  A$lcc1848 |    000009F8  A$lcc1848 |    000009F9  A$lcc1848
     000009FB  A$lcc1848 |    000009FC  A$lcc1848 |    000009FC  C$main.c$
     000009FE  A$lcc1848 |    000009FF  A$lcc1848 |    00000A00  A$lcc1848
     00000A01  A$lcc1848 |    00000A03  A$lcc1848 |    00000A05  A$lcc1848
     00000A06  A$lcc1848 |    00000A07  A$lcc1848 |    00000A08  A$lcc1848
     00000A09  A$lcc1848 |    00000A0C  A$lcc1848 |    00000A0D  A$lcc1848
     00000A0E  A$lcc1848 |    00000A0F  A$lcc1848 |    00000A11  A$lcc1848
     00000A13  A$lcc1848 |    00000A15  A$lcc1848 |    00000A17  A$lcc1848
     00000A19  A$lcc1848 |    00000A1B  A$lcc1848 |    00000A1B  C$main.c$
     00000A1D  A$lcc1848 |    00000A1E  A$lcc1848 |    00000A20  A$lcc1848
     00000A21  A$lcc1848 |    00000A23  A$lcc1848 |    00000A24  A$lcc1848
     00000A26  A$lcc1848 |    00000A27  A$lcc1848 |    00000A29  A$lcc1848
     00000A2B  A$lcc1848 |    00000A2D  A$lcc1848 |    00000A2E  A$lcc1848
     00000A2F  A$lcc1848 |    00000A30  A$lcc1848 |    00000A31  A$lcc1848
     00000A34  A$lcc1848 |    00000A35  A$lcc1848 |    00000A36  A$lcc1848
     00000A37  A$lcc1848 |    00000A39  A$lcc1848 |    00000A3A  A$lcc1848
     00000A3B  A$lcc1848 |    00000A3C  A$lcc1848 |    00000A3E  A$lcc1848
     00000A3F  A$lcc1848 |    00000A41  A$lcc1848 |    00000A42  A$lcc1848
     00000A44  A$lcc1848 |    00000A45  A$lcc1848 |    00000A46  A$lcc1848
ASxxxx Linker V03.00 + NoICE + sdld,  page 4.
Hexadecimal  [32-Bits]

Area                       Addr        Size        Decimal Bytes (Attributes)
--------------------       ----        ----        ------- ----- ------------
_CODE                  00000200    000012BC =        4796. bytes (REL,CON)

        Value  Global            Value  Global            Value  Global    
        -----  ------            -----  ------            -----  ------    
     00000A47  A$lcc1848 |    00000A49  A$lcc1848 |    00000A4A  A$lcc1848
     00000A4C  A$lcc1848 |    00000A4D  A$lcc1848 |    00000A4F  A$lcc1848
     00000A50  A$lcc1848 |    00000A52  A$lcc1848 |    00000A53  A$lcc1848
     00000A55  A$lcc1848 |    00000A56  A$lcc1848 |    00000A58  A$lcc1848
     00000A59  A$lcc1848 |    00000A5B  A$lcc1848 |    00000A5B  C$main.c$
     00000A5D  A$lcc1848 |    00000A5E  A$lcc1848 |    00000A5F  A$lcc1848
     00000A60  A$lcc1848 |    00000A61  A$lcc1848 |    00000A62  A$lcc1848
     00000A64  A$lcc1848 |    00000A65  A$lcc1848 |    00000A66  A$lcc1848
     00000A67  A$lcc1848 |    00000A69  A$lcc1848 |    00000A6A  A$lcc1848
     00000A6B  A$lcc1848 |    00000A6C  A$lcc1848 |    00000A6D  A$lcc1848
     00000A6E  A$lcc1848 |    00000A6F  A$lcc1848 |    00000A70  A$lcc1848
     00000A73  A$lcc1848 |    00000A74  A$lcc1848 |    00000A76  A$lcc1848
     00000A77  A$lcc1848 |    00000A78  A$lcc1848 |    00000A7A  A$lcc1848
     00000A7B  A$lcc1848 |    00000A7B  C$main.c$ |    00000A7C  A$lcc1848
     00000A7E  A$lcc1848 |    00000A81  A$lcc1848 |    00000A82  A$lcc1848
     00000A83  A$lcc1848 |    00000A84  A$lcc1848 |    00000A85  A$lcc1848
     00000A86  A$lcc1848 |    00000A87  A$lcc1848 |    00000A8A  A$lcc1848
     00000A8B  A$lcc1848 |    00000A8D  A$lcc1848 |    00000A8E  A$lcc1848
     00000A91  A$lcc1848 |    00000A91  C$main.c$ |    00000A93  A$lcc1848
     00000A94  A$lcc1848 |    00000A95  A$lcc1848 |    00000A96  A$lcc1848
     00000A97  A$lcc1848 |    00000A9A  A$lcc1848 |    00000A9B  A$lcc1848
     00000A9C  A$lcc1848 |    00000A9F  A$lcc1848 |    00000AA0  A$lcc1848
     00000AA1  A$lcc1848 |    00000AA2  A$lcc1848 |    00000AA4  A$lcc1848
     00000AA6  A$lcc1848 |    00000AA7  A$lcc1848 |    00000AA8  A$lcc1848
     00000AA9  A$lcc1848 |    00000AAA  A$lcc1848 |    00000AAD  A$lcc1848
     00000AAE  A$lcc1848 |    00000AB1  A$lcc1848 |    00000AB2  A$lcc1848
     00000AB3  A$lcc1848 |    00000AB4  A$lcc1848 |    00000AB6  A$lcc1848
     00000AB6  C$main.c$ |    00000AB8  A$lcc1848 |    00000ABA  A$lcc1848
     00000ABB  A$lcc1848 |    00000ABD  A$lcc1848 |    00000ABF  A$lcc1848
     00000ABF  C$main.c$ |    00000AC1  A$lcc1848 |    00000AC2  A$lcc1848
     00000AC3  A$lcc1848 |    00000AC4  A$lcc1848 |    00000AC5  A$lcc1848
     00000AC8  A$lcc1848 |    00000AC9  A$lcc1848 |    00000ACA  A$lcc1848
     00000ACD  A$lcc1848 |    00000ACE  A$lcc1848 |    00000ACF  A$lcc1848
     00000AD0  A$lcc1848 |    00000AD2  A$lcc1848 |    00000AD4  A$lcc1848
     00000AD5  A$lcc1848 |    00000AD6  A$lcc1848 |    00000AD7  A$lcc1848
     00000AD8  A$lcc1848 |    00000ADB  A$lcc1848 |    00000ADC  A$lcc1848
     00000ADE  A$lcc1848 |    00000ADF  A$lcc1848 |    00000AE2  A$lcc1848
     00000AE3  A$lcc1848 |    00000AE4  A$lcc1848 |    00000AE6  A$lcc1848
     00000AE7  A$lcc1848 |    00000AE9  A$lcc1848 |    00000AE9  C$main.c$
     00000AEB  A$lcc1848 |    00000AED  A$lcc1848 |    00000AEE  A$lcc1848
     00000AF0  A$lcc1848 |    00000AF0  C$main.c$ |    00000AF2  A$lcc1848
     00000AF3  A$lcc1848 |    00000AF4  A$lcc1848 |    00000AF5  A$lcc1848
     00000AF6  A$lcc1848 |    00000AF9  A$lcc1848 |    00000AFA  A$lcc1848
     00000AFC  A$lcc1848 |    00000AFD  A$lcc1848 |    00000AFE  A$lcc1848
     00000AFF  A$lcc1848 |    00000B00  A$lcc1848 |    00000B02  A$lcc1848
     00000B03  A$lcc1848 |    00000B05  A$lcc1848 |    00000B06  A$lcc1848
     00000B08  A$lcc1848 |    00000B09  A$lcc1848 |    00000B0B  A$lcc1848
     00000B0B  C$main.c$ |    00000B0C  A$lcc1848 |    00000B0D  A$lcc1848
     00000B10  A$lcc1848 |    00000B11  A$lcc1848 |    00000B12  A$lcc1848
     00000B13  A$lcc1848 |    00000B15  A$lcc1848 |    00000B16  A$lcc1848
     00000B17  A$lcc1848 |    00000B18  A$lcc1848 |    00000B1A  A$lcc1848
ASxxxx Linker V03.00 + NoICE + sdld,  page 5.
Hexadecimal  [32-Bits]

Area                       Addr        Size        Decimal Bytes (Attributes)
--------------------       ----        ----        ------- ----- ------------
_CODE                  00000200    000012BC =        4796. bytes (REL,CON)

        Value  Global            Value  Global            Value  Global    
        -----  ------            -----  ------            -----  ------    
     00000B1B  A$lcc1848 |    00000B1B  C$main.c$ |    00000B1C  A$lcc1848
     00000B1D  A$lcc1848 |    00000B20  A$lcc1848 |    00000B21  A$lcc1848
     00000B22  A$lcc1848 |    00000B23  A$lcc1848 |    00000B25  A$lcc1848
     00000B26  A$lcc1848 |    00000B27  A$lcc1848 |    00000B28  A$lcc1848
     00000B2A  A$lcc1848 |    00000B2B  A$lcc1848 |    00000B2B  C$main.c$
     00000B2C  A$lcc1848 |    00000B2D  A$lcc1848 |    00000B30  A$lcc1848
     00000B31  A$lcc1848 |    00000B32  A$lcc1848 |    00000B33  A$lcc1848
     00000B35  A$lcc1848 |    00000B36  A$lcc1848 |    00000B37  A$lcc1848
     00000B38  A$lcc1848 |    00000B3A  A$lcc1848 |    00000B3B  A$lcc1848
     00000B3B  C$main.c$ |    00000B3D  A$lcc1848 |    00000B3E  A$lcc1848
     00000B3F  A$lcc1848 |    00000B40  A$lcc1848 |    00000B42  A$lcc1848
     00000B43  A$lcc1848 |    00000B44  A$lcc1848 |    00000B45  A$lcc1848
     00000B46  A$lcc1848 |    00000B47  A$lcc1848 |    00000B48  A$lcc1848
     00000B49  A$lcc1848 |    00000B4A  A$lcc1848 |    00000B4C  A$lcc1848
     00000B4D  A$lcc1848 |    00000B4E  A$lcc1848 |    00000B50  A$lcc1848
     00000B51  A$lcc1848 |    00000B52  A$lcc1848 |    00000B55  A$lcc1848
     00000B57  A$lcc1848 |    00000B58  A$lcc1848 |    00000B5A  A$lcc1848
     00000B5B  A$lcc1848 |    00000B5D  A$lcc1848 |    00000B5E  A$lcc1848
     00000B60  A$lcc1848 |    00000B62  A$lcc1848 |    00000B64  A$lcc1848
     00000B66  A$lcc1848 |    00000B68  A$lcc1848 |    00000B69  A$lcc1848
     00000B6B  A$lcc1848 |    00000B6D  A$lcc1848 |    00000B6F  A$lcc1848
     00000B70  A$lcc1848 |    00000B73  A$lcc1848 |    00000B73  C$main.c$
     00000B75  A$lcc1848 |    00000B76  A$lcc1848 |    00000B77  A$lcc1848
     00000B78  A$lcc1848 |    00000B79  A$lcc1848 |    00000B7A  A$lcc1848
     00000B7B  A$lcc1848 |    00000B7C  A$lcc1848 |    00000B7F  A$lcc1848
     00000B80  A$lcc1848 |    00000B81  A$lcc1848 |    00000B83  A$lcc1848
     00000B84  A$lcc1848 |    00000B85  A$lcc1848 |    00000B86  A$lcc1848
     00000B87  A$lcc1848 |    00000B88  A$lcc1848 |    00000B8A  A$lcc1848
     00000B8A  C$main.c$ |    00000B8B  A$lcc1848 |    00000B8C  A$lcc1848
     00000B8D  A$lcc1848 |    00000B8E  A$lcc1848 |    00000B8F  A$lcc1848
     00000B91  A$lcc1848 |    00000B92  A$lcc1848 |    00000B93  A$lcc1848
     00000B94  A$lcc1848 |    00000B96  A$lcc1848 |    00000B97  A$lcc1848
     00000B98  A$lcc1848 |    00000B99  A$lcc1848 |    00000B9A  A$lcc1848
     00000B9B  A$lcc1848 |    00000B9C  A$lcc1848 |    00000B9D  A$lcc1848
     00000BA0  A$lcc1848 |    00000BA2  A$lcc1848 |    00000BA4  A$lcc1848
     00000BA4  C$main.c$ |    00000BA6  A$lcc1848 |    00000BA7  A$lcc1848
     00000BA8  A$lcc1848 |    00000BA9  A$lcc1848 |    00000BAA  A$lcc1848
     00000BAB  A$lcc1848 |    00000BAC  A$lcc1848 |    00000BAD  A$lcc1848
     00000BB0  A$lcc1848 |    00000BB1  A$lcc1848 |    00000BB2  A$lcc1848
     00000BB4  A$lcc1848 |    00000BB5  A$lcc1848 |    00000BB6  A$lcc1848
     00000BB7  A$lcc1848 |    00000BB8  A$lcc1848 |    00000BB9  A$lcc1848
     00000BBB  A$lcc1848 |    00000BBD  A$lcc1848 |    00000BBE  A$lcc1848
     00000BBF  A$lcc1848 |    00000BC0  A$lcc1848 |    00000BC1  A$lcc1848
     00000BC2  A$lcc1848 |    00000BC3  A$lcc1848 |    00000BC4  A$lcc1848
     00000BC7  A$lcc1848 |    00000BC8  A$lcc1848 |    00000BC9  A$lcc1848
     00000BCB  A$lcc1848 |    00000BCC  A$lcc1848 |    00000BCD  A$lcc1848
     00000BCE  A$lcc1848 |    00000BCF  A$lcc1848 |    00000BD0  A$lcc1848
     00000BD2  A$lcc1848 |    00000BD2  C$main.c$ |    00000BD3  A$lcc1848
     00000BD4  A$lcc1848 |    00000BD5  A$lcc1848 |    00000BD7  A$lcc1848
     00000BD8  A$lcc1848 |    00000BD9  A$lcc1848 |    00000BDA  A$lcc1848
     00000BDB  A$lcc1848 |    00000BDC  A$lcc1848 |    00000BDD  A$lcc1848
ASxxxx Linker V03.00 + NoICE + sdld,  page 6.
Hexadecimal  [32-Bits]

Area                       Addr        Size        Decimal Bytes (Attributes)
--------------------       ----        ----        ------- ----- ------------
_CODE                  00000200    000012BC =        4796. bytes (REL,CON)

        Value  Global            Value  Global            Value  Global    
        -----  ------            -----  ------            -----  ------    
     00000BDE  A$lcc1848 |    00000BE1  A$lcc1848 |    00000BE3  A$lcc1848
     00000BE3  C$main.c$ |    00000BE4  A$lcc1848 |    00000BE5  A$lcc1848
     00000BE6  A$lcc1848 |    00000BE8  A$lcc1848 |    00000BE9  A$lcc1848
     00000BEA  A$lcc1848 |    00000BEB  A$lcc1848 |    00000BEC  A$lcc1848
     00000BEF  A$lcc1848 |    00000BF1  A$lcc1848 |    00000BF1  C$main.c$
     00000BF3  A$lcc1848 |    00000BF6  A$lcc1848 |    00000BF6  C$main.c$
     00000BF8  A$lcc1848 |    00000BF9  A$lcc1848 |    00000BFA  A$lcc1848
     00000BFB  A$lcc1848 |    00000BFC  A$lcc1848 |    00000BFF  A$lcc1848
     00000C00  A$lcc1848 |    00000C01  A$lcc1848 |    00000C03  A$lcc1848
     00000C04  A$lcc1848 |    00000C05  A$lcc1848 |    00000C06  A$lcc1848
     00000C07  A$lcc1848 |    00000C08  A$lcc1848 |    00000C09  A$lcc1848
     00000C0A  A$lcc1848 |    00000C0A  C$main.c$ |    00000C0C  A$lcc1848
     00000C0D  A$lcc1848 |    00000C0E  A$lcc1848 |    00000C0E  C$main.c$
     00000C10  A$lcc1848 |    00000C12  A$lcc1848 |    00000C13  A$lcc1848
     00000C14  A$lcc1848 |    00000C16  A$lcc1848 |    00000C17  A$lcc1848
     00000C19  A$lcc1848 |    00000C1A  A$lcc1848 |    00000C1C  A$lcc1848
     00000C1E  A$lcc1848 |    00000C20  A$lcc1848 |    00000C22  A$lcc1848
     00000C23  A$lcc1848 |    00000C25  A$lcc1848 |    00000C27  A$lcc1848
     00000C29  A$lcc1848 |    00000C2A  A$lcc1848 |    00000C2C  A$lcc1848
     00000C2D  A$lcc1848 |    00000C2F  A$lcc1848 |    00000C30  A$lcc1848
     00000C31  A$lcc1848 |    00000C32  A$lcc1848 |    00000C34  A$lcc1848
     00000C36  A$lcc1848 |    00000C38  A$lcc1848 |    00000C3A  A$lcc1848
     00000C3A  C$main.c$ |    00000C3B  A$lcc1848 |    00000C3C  A$lcc1848
     00000C3D  A$lcc1848 |    00000C3F  A$lcc1848 |    00000C40  A$lcc1848
     00000C41  A$lcc1848 |    00000C42  A$lcc1848 |    00000C43  A$lcc1848
     00000C44  A$lcc1848 |    00000C47  A$lcc1848 |    00000C49  A$lcc1848
     00000C49  C$main.c$ |    00000C4B  A$lcc1848 |    00000C4C  A$lcc1848
     00000C4D  A$lcc1848 |    00000C4E  A$lcc1848 |    00000C4F  A$lcc1848
     00000C50  A$lcc1848 |    00000C51  A$lcc1848 |    00000C53  A$lcc1848
     00000C54  A$lcc1848 |    00000C55  A$lcc1848 |    00000C56  A$lcc1848
     00000C57  A$lcc1848 |    00000C5A  A$lcc1848 |    00000C5C  A$lcc1848
     00000C5C  C$main.c$ |    00000C5E  A$lcc1848 |    00000C61  A$lcc1848
     00000C61  C$main.c$ |    00000C63  A$lcc1848 |    00000C64  A$lcc1848
     00000C65  A$lcc1848 |    00000C66  A$lcc1848 |    00000C67  A$lcc1848
     00000C6A  A$lcc1848 |    00000C6B  A$lcc1848 |    00000C6C  A$lcc1848
     00000C6E  A$lcc1848 |    00000C6F  A$lcc1848 |    00000C70  A$lcc1848
     00000C71  A$lcc1848 |    00000C72  A$lcc1848 |    00000C73  A$lcc1848
     00000C75  A$lcc1848 |    00000C77  A$lcc1848 |    00000C79  A$lcc1848
     00000C7B  A$lcc1848 |    00000C7B  C$main.c$ |    00000C7C  A$lcc1848
     00000C7D  A$lcc1848 |    00000C7E  A$lcc1848 |    00000C80  A$lcc1848
     00000C81  A$lcc1848 |    00000C82  A$lcc1848 |    00000C83  A$lcc1848
     00000C84  A$lcc1848 |    00000C85  A$lcc1848 |    00000C88  A$lcc1848
     00000C8A  A$lcc1848 |    00000C8A  C$main.c$ |    00000C8B  A$lcc1848
     00000C8C  A$lcc1848 |    00000C8D  A$lcc1848 |    00000C8F  A$lcc1848
     00000C90  A$lcc1848 |    00000C91  A$lcc1848 |    00000C92  A$lcc1848
     00000C93  A$lcc1848 |    00000C96  A$lcc1848 |    00000C98  A$lcc1848
     00000C98  C$main.c$ |    00000C9A  A$lcc1848 |    00000C9D  A$lcc1848
     00000C9D  C$main.c$ |    00000C9F  A$lcc1848 |    00000CA0  A$lcc1848
     00000CA1  A$lcc1848 |    00000CA2  A$lcc1848 |    00000CA3  A$lcc1848
     00000CA6  A$lcc1848 |    00000CA7  A$lcc1848 |    00000CA8  A$lcc1848
     00000CAA  A$lcc1848 |    00000CAB  A$lcc1848 |    00000CAC  A$lcc1848
ASxxxx Linker V03.00 + NoICE + sdld,  page 7.
Hexadecimal  [32-Bits]

Area                       Addr        Size        Decimal Bytes (Attributes)
--------------------       ----        ----        ------- ----- ------------
_CODE                  00000200    000012BC =        4796. bytes (REL,CON)

        Value  Global            Value  Global            Value  Global    
        -----  ------            -----  ------            -----  ------    
     00000CAD  A$lcc1848 |    00000CAE  A$lcc1848 |    00000CB0  A$lcc1848
     00000CB1  A$lcc1848 |    00000CB3  A$lcc1848 |    00000CB4  A$lcc1848
     00000CB6  A$lcc1848 |    00000CB7  A$lcc1848 |    00000CB9  A$lcc1848
     00000CBA  A$lcc1848 |    00000CBC  A$lcc1848 |    00000CBE  A$lcc1848
     00000CC0  A$lcc1848 |    00000CC2  A$lcc1848 |    00000CC4  A$lcc1848
     00000CC5  A$lcc1848 |    00000CC7  A$lcc1848 |    00000CC9  A$lcc1848
     00000CCB  A$lcc1848 |    00000CCC  A$lcc1848 |    00000CCE  A$lcc1848
     00000CCF  A$lcc1848 |    00000CD1  A$lcc1848 |    00000CD2  A$lcc1848
     00000CD3  A$lcc1848 |    00000CD4  A$lcc1848 |    00000CD6  A$lcc1848
     00000CD8  A$lcc1848 |    00000CDA  A$lcc1848 |    00000CDC  A$lcc1848
     00000CDC  C$main.c$ |    00000CDD  A$lcc1848 |    00000CDE  A$lcc1848
     00000CDF  A$lcc1848 |    00000CE1  A$lcc1848 |    00000CE2  A$lcc1848
     00000CE3  A$lcc1848 |    00000CE4  A$lcc1848 |    00000CE5  A$lcc1848
     00000CE6  A$lcc1848 |    00000CE7  A$lcc1848 |    00000CE8  A$lcc1848
     00000CEB  A$lcc1848 |    00000CED  A$lcc1848 |    00000CED  C$main.c$
     00000CEF  A$lcc1848 |    00000CF0  A$lcc1848 |    00000CF1  A$lcc1848
     00000CF2  A$lcc1848 |    00000CF3  A$lcc1848 |    00000CF4  A$lcc1848
     00000CF5  A$lcc1848 |    00000CF7  A$lcc1848 |    00000CF8  A$lcc1848
     00000CF9  A$lcc1848 |    00000CFA  A$lcc1848 |    00000CFB  A$lcc1848
     00000CFE  A$lcc1848 |    00000D00  A$lcc1848 |    00000D00  C$main.c$
     00000D02  A$lcc1848 |    00000D05  A$lcc1848 |    00000D05  C$main.c$
     00000D07  A$lcc1848 |    00000D08  A$lcc1848 |    00000D09  A$lcc1848
     00000D0A  A$lcc1848 |    00000D0B  A$lcc1848 |    00000D0E  A$lcc1848
     00000D0F  A$lcc1848 |    00000D10  A$lcc1848 |    00000D12  A$lcc1848
     00000D13  A$lcc1848 |    00000D14  A$lcc1848 |    00000D15  A$lcc1848
     00000D16  A$lcc1848 |    00000D17  A$lcc1848 |    00000D19  A$lcc1848
     00000D1B  A$lcc1848 |    00000D1D  A$lcc1848 |    00000D1F  A$lcc1848
     00000D1F  C$main.c$ |    00000D20  A$lcc1848 |    00000D21  A$lcc1848
     00000D22  A$lcc1848 |    00000D24  A$lcc1848 |    00000D25  A$lcc1848
     00000D26  A$lcc1848 |    00000D27  A$lcc1848 |    00000D28  A$lcc1848
     00000D29  A$lcc1848 |    00000D2A  A$lcc1848 |    00000D2B  A$lcc1848
     00000D2E  A$lcc1848 |    00000D30  A$lcc1848 |    00000D30  C$main.c$
     00000D31  A$lcc1848 |    00000D32  A$lcc1848 |    00000D33  A$lcc1848
     00000D35  A$lcc1848 |    00000D36  A$lcc1848 |    00000D37  A$lcc1848
     00000D38  A$lcc1848 |    00000D39  A$lcc1848 |    00000D3C  A$lcc1848
     00000D3E  A$lcc1848 |    00000D3E  C$main.c$ |    00000D40  A$lcc1848
     00000D43  A$lcc1848 |    00000D43  C$main.c$ |    00000D45  A$lcc1848
     00000D46  A$lcc1848 |    00000D47  A$lcc1848 |    00000D48  A$lcc1848
     00000D49  A$lcc1848 |    00000D4C  A$lcc1848 |    00000D4D  A$lcc1848
     00000D4E  A$lcc1848 |    00000D4F  A$lcc1848 |    00000D50  A$lcc1848
     00000D51  A$lcc1848 |    00000D52  A$lcc1848 |    00000D53  A$lcc1848
     00000D56  A$lcc1848 |    00000D58  A$lcc1848 |    00000D5A  A$lcc1848
     00000D5B  A$lcc1848 |    00000D5C  A$lcc1848 |    00000D5E  A$lcc1848
     00000D5F  A$lcc1848 |    00000D61  A$lcc1848 |    00000D62  A$lcc1848
     00000D64  A$lcc1848 |    00000D66  A$lcc1848 |    00000D68  A$lcc1848
     00000D6A  A$lcc1848 |    00000D6B  A$lcc1848 |    00000D6D  A$lcc1848
     00000D6F  A$lcc1848 |    00000D71  A$lcc1848 |    00000D72  A$lcc1848
     00000D75  A$lcc1848 |    00000D75  C$main.c$ |    00000D77  A$lcc1848
     00000D78  A$lcc1848 |    00000D79  A$lcc1848 |    00000D7A  A$lcc1848
     00000D7B  A$lcc1848 |    00000D7C  A$lcc1848 |    00000D7F  A$lcc1848
     00000D80  A$lcc1848 |    00000D81  A$lcc1848 |    00000D83  A$lcc1848
ASxxxx Linker V03.00 + NoICE + sdld,  page 8.
Hexadecimal  [32-Bits]

Area                       Addr        Size        Decimal Bytes (Attributes)
--------------------       ----        ----        ------- ----- ------------
_CODE                  00000200    000012BC =        4796. bytes (REL,CON)

        Value  Global            Value  Global            Value  Global    
        -----  ------            -----  ------            -----  ------    
     00000D84  A$lcc1848 |    00000D85  A$lcc1848 |    00000D86  A$lcc1848
     00000D87  A$lcc1848 |    00000D88  A$lcc1848 |    00000D8A  A$lcc1848
     00000D8A  C$main.c$ |    00000D8C  A$lcc1848 |    00000D8D  A$lcc1848
     00000D8E  A$lcc1848 |    00000D8F  A$lcc1848 |    00000D90  A$lcc1848
     00000D91  A$lcc1848 |    00000D92  A$lcc1848 |    00000D94  A$lcc1848
     00000D95  A$lcc1848 |    00000D96  A$lcc1848 |    00000D97  A$lcc1848
     00000D98  A$lcc1848 |    00000D99  A$lcc1848 |    00000D9C  A$lcc1848
     00000D9E  A$lcc1848 |    00000DA0  A$lcc1848 |    00000DA0  C$main.c$
     00000DA2  A$lcc1848 |    00000DA3  A$lcc1848 |    00000DA4  A$lcc1848
     00000DA5  A$lcc1848 |    00000DA6  A$lcc1848 |    00000DA7  A$lcc1848
     00000DAA  A$lcc1848 |    00000DAB  A$lcc1848 |    00000DAC  A$lcc1848
     00000DAE  A$lcc1848 |    00000DAF  A$lcc1848 |    00000DB0  A$lcc1848
     00000DB1  A$lcc1848 |    00000DB2  A$lcc1848 |    00000DB3  A$lcc1848
     00000DB5  A$lcc1848 |    00000DB5  C$main.c$ |    00000DB6  A$lcc1848
     00000DB7  A$lcc1848 |    00000DB8  A$lcc1848 |    00000DBA  A$lcc1848
     00000DBB  A$lcc1848 |    00000DBC  A$lcc1848 |    00000DBD  A$lcc1848
     00000DBE  A$lcc1848 |    00000DBF  A$lcc1848 |    00000DC2  A$lcc1848
     00000DC4  A$lcc1848 |    00000DC4  C$main.c$ |    00000DC5  A$lcc1848
     00000DC6  A$lcc1848 |    00000DC7  A$lcc1848 |    00000DC9  A$lcc1848
     00000DCA  A$lcc1848 |    00000DCB  A$lcc1848 |    00000DCC  A$lcc1848
     00000DCD  A$lcc1848 |    00000DD0  A$lcc1848 |    00000DD2  A$lcc1848
     00000DD2  C$main.c$ |    00000DD4  A$lcc1848 |    00000DD6  A$lcc1848
     00000DD6  C$main.c$ |    00000DD8  A$lcc1848 |    00000DD9  A$lcc1848
     00000DDA  A$lcc1848 |    00000DDB  A$lcc1848 |    00000DDC  A$lcc1848
     00000DDF  A$lcc1848 |    00000DE0  A$lcc1848 |    00000DE1  A$lcc1848
     00000DE3  A$lcc1848 |    00000DE5  A$lcc1848 |    00000DE5  C$main.c$
     00000DE5  C$main.c$ |    00000DE7  A$lcc1848 |    00000DE8  A$lcc1848
     00000DE9  A$lcc1848 |    00000DEA  A$lcc1848 |    00000DEB  A$lcc1848
     00000DEE  A$lcc1848 |    00000DEF  A$lcc1848 |    00000DF0  A$lcc1848
     00000DF3  A$lcc1848 |    00000DF4  A$lcc1848 |    00000DF6  A$lcc1848
     00000DF8  A$lcc1848 |    00000DF9  A$lcc1848 |    00000DFA  A$lcc1848
     00000DFB  A$lcc1848 |    00000DFC  A$lcc1848 |    00000DFD  A$lcc1848
     00000DFE  A$lcc1848 |    00000DFF  A$lcc1848 |    00000E02  A$lcc1848
     00000E03  A$lcc1848 |    00000E04  A$lcc1848 |    00000E07  A$lcc1848
     00000E07  C$main.c$ |    00000E09  A$lcc1848 |    00000E0A  A$lcc1848
     00000E0B  A$lcc1848 |    00000E0B  C$main.c$ |    00000E0C  A$lcc1848
     00000E0E  A$lcc1848 |    00000E0E  C$main.c$ |    00000E11  A$lcc1848
     00000E12  A$lcc1848 |    00000E13  A$lcc1848 |    00000E15  A$lcc1848
     00000E16  A$lcc1848 |    00000E17  A$lcc1848 |    00000E18  A$lcc1848
     00000E19  A$lcc1848 |    00000E1A  A$lcc1848 |    00000E1B  A$lcc1848
     00000E1C  A$lcc1848 |    00000E1F  A$lcc1848 |    00000E21  A$lcc1848
     00000E21  C$main.c$ |    00000E24  A$lcc1848 |    00000E25  A$lcc1848
     00000E26  A$lcc1848 |    00000E27  A$lcc1848 |    00000E28  A$lcc1848
     00000E2A  A$lcc1848 |    00000E2B  A$lcc1848 |    00000E2C  A$lcc1848
     00000E2D  A$lcc1848 |    00000E30  A$lcc1848 |    00000E32  A$lcc1848
     00000E32  C$main.c$ |    00000E33  A$lcc1848 |    00000E34  A$lcc1848
     00000E35  A$lcc1848 |    00000E37  A$lcc1848 |    00000E38  A$lcc1848
     00000E39  A$lcc1848 |    00000E3A  A$lcc1848 |    00000E3B  A$lcc1848
     00000E3E  A$lcc1848 |    00000E40  A$lcc1848 |    00000E40  C$main.c$
     00000E41  A$lcc1848 |    00000E42  A$lcc1848 |    00000E43  A$lcc1848
     00000E44  A$lcc1848 |    00000E45  A$lcc1848 |    00000E47  A$lcc1848
ASxxxx Linker V03.00 + NoICE + sdld,  page 9.
Hexadecimal  [32-Bits]

Area                       Addr        Size        Decimal Bytes (Attributes)
--------------------       ----        ----        ------- ----- ------------
_CODE                  00000200    000012BC =        4796. bytes (REL,CON)

        Value  Global            Value  Global            Value  Global    
        -----  ------            -----  ------            -----  ------    
     00000E48  A$lcc1848 |    00000E49  A$lcc1848 |    00000E4A  A$lcc1848
     00000E4D  A$lcc1848 |    00000E4F  A$lcc1848 |    00000E4F  C$main.c$
     00000E51  A$lcc1848 |    00000E53  A$lcc1848 |    00000E53  C$main.c$
     00000E53  XG$collid |    00000E54  A$lcc1848 |    00000E54  C$main.c$
     00000E54  C$main.c$ |    00000E54  G$main$0$ |    00000E54  _main    
     00000E55  A$lcc1848 |    00000E57  A$lcc1848 |    00000E57  C$main.c$
     00000E59  A$lcc1848 |    00000E5B  A$lcc1848 |    00000E5B  C$main.c$
     00000E5D  A$lcc1848 |    00000E5F  A$lcc1848 |    00000E61  A$lcc1848
     00000E61  C$main.c$ |    00000E63  A$lcc1848 |    00000E65  A$lcc1848
     00000E67  A$lcc1848 |    00000E67  C$main.c$ |    00000E69  A$lcc1848
     00000E6B  A$lcc1848 |    00000E6D  A$lcc1848 |    00000E6D  C$main.c$
     00000E6F  A$lcc1848 |    00000E71  A$lcc1848 |    00000E73  A$lcc1848
     00000E73  C$main.c$ |    00000E76  A$lcc1848 |    00000E77  A$lcc1848
     00000E7A  A$lcc1848 |    00000E7B  A$lcc1848 |    00000E7E  A$lcc1848
     00000E80  A$lcc1848 |    00000E80  C$main.c$ |    00000E83  A$lcc1848
     00000E84  A$lcc1848 |    00000E87  A$lcc1848 |    00000E88  A$lcc1848
     00000E8B  A$lcc1848 |    00000E8D  A$lcc1848 |    00000E8D  C$main.c$
     00000E90  A$lcc1848 |    00000E91  A$lcc1848 |    00000E94  A$lcc1848
     00000E95  A$lcc1848 |    00000E98  A$lcc1848 |    00000E9A  A$lcc1848
     00000E9A  C$main.c$ |    00000E9D  A$lcc1848 |    00000E9E  A$lcc1848
     00000EA1  A$lcc1848 |    00000EA2  A$lcc1848 |    00000EA3  A$lcc1848
     00000EA4  A$lcc1848 |    00000EA5  A$lcc1848 |    00000EA8  A$lcc1848
     00000EAA  A$lcc1848 |    00000EAA  C$main.c$ |    00000EAD  A$lcc1848
     00000EAF  A$lcc1848 |    00000EB0  A$lcc1848 |    00000EB2  A$lcc1848
     00000EB2  C$main.c$ |    00000EB5  A$lcc1848 |    00000EB7  A$lcc1848
     00000EB8  A$lcc1848 |    00000EBA  A$lcc1848 |    00000EBA  C$main.c$
     00000EBD  A$lcc1848 |    00000EBF  A$lcc1848 |    00000EC2  A$lcc1848
     00000EC4  A$lcc1848 |    00000EC7  A$lcc1848 |    00000EC8  A$lcc1848
     00000ECB  A$lcc1848 |    00000ECC  A$lcc1848 |    00000ECF  A$lcc1848
     00000ED0  A$lcc1848 |    00000ED1  A$lcc1848 |    00000ED2  A$lcc1848
     00000ED5  A$lcc1848 |    00000ED6  A$lcc1848 |    00000ED7  A$lcc1848
     00000ED8  A$lcc1848 |    00000EDB  A$lcc1848 |    00000EDD  A$lcc1848
     00000EDE  A$lcc1848 |    00000EDF  A$lcc1848 |    00000EE0  A$lcc1848
     00000EE2  A$lcc1848 |    00000EE3  A$lcc1848 |    00000EE6  A$lcc1848
     00000EE8  A$lcc1848 |    00000EE8  C$main.c$ |    00000EEB  A$lcc1848
     00000EED  A$lcc1848 |    00000EF0  A$lcc1848 |    00000EF2  A$lcc1848
     00000EF2  C$main.c$ |    00000EF2  C$main.c$ |    00000EF5  A$lcc1848
     00000EF8  A$lcc1848 |    00000EF8  C$main.c$ |    00000EFB  A$lcc1848
     00000EFE  A$lcc1848 |    00000EFF  A$lcc1848 |    00000EFF  C$main.c$
     00000F01  A$lcc1848 |    00000F03  A$lcc1848 |    00000F03  C$main.c$
     00000F06  A$lcc1848 |    00000F07  A$lcc1848 |    00000F0A  A$lcc1848
     00000F0B  A$lcc1848 |    00000F0C  A$lcc1848 |    00000F0D  A$lcc1848
     00000F0E  A$lcc1848 |    00000F11  A$lcc1848 |    00000F13  A$lcc1848
     00000F16  A$lcc1848 |    00000F17  A$lcc1848 |    00000F19  A$lcc1848
     00000F1B  A$lcc1848 |    00000F1E  A$lcc1848 |    00000F1F  A$lcc1848
     00000F20  A$lcc1848 |    00000F21  A$lcc1848 |    00000F21  C$main.c$
     00000F22  A$lcc1848 |    00000F23  A$lcc1848 |    00000F24  A$lcc1848
     00000F25  A$lcc1848 |    00000F26  A$lcc1848 |    00000F28  A$lcc1848
     00000F2A  A$lcc1848 |    00000F2C  A$lcc1848 |    00000F2E  A$lcc1848
     00000F2F  A$lcc1848 |    00000F31  A$lcc1848 |    00000F33  A$lcc1848
     00000F35  A$lcc1848 |    00000F36  A$lcc1848 |    00000F38  A$lcc1848
ASxxxx Linker V03.00 + NoICE + sdld,  page 10.
Hexadecimal  [32-Bits]

Area                       Addr        Size        Decimal Bytes (Attributes)
--------------------       ----        ----        ------- ----- ------------
_CODE                  00000200    000012BC =        4796. bytes (REL,CON)

        Value  Global            Value  Global            Value  Global    
        -----  ------            -----  ------            -----  ------    
     00000F38  C$main.c$ |    00000F39  A$lcc1848 |    00000F3A  A$lcc1848
     00000F3D  A$lcc1848 |    00000F3E  A$lcc1848 |    00000F3F  A$lcc1848
     00000F40  A$lcc1848 |    00000F42  A$lcc1848 |    00000F44  A$lcc1848
     00000F46  A$lcc1848 |    00000F46  C$main.c$ |    00000F49  A$lcc1848
     00000F4A  A$lcc1848 |    00000F4B  A$lcc1848 |    00000F4C  A$lcc1848
     00000F4C  C$main.c$ |    00000F4D  A$lcc1848 |    00000F4F  A$lcc1848
     00000F50  A$lcc1848 |    00000F51  A$lcc1848 |    00000F52  A$lcc1848
     00000F53  A$lcc1848 |    00000F55  A$lcc1848 |    00000F57  A$lcc1848
     00000F57  C$main.c$ |    00000F58  A$lcc1848 |    00000F5B  A$lcc1848
     00000F5C  A$lcc1848 |    00000F5D  A$lcc1848 |    00000F5E  A$lcc1848
     00000F61  A$lcc1848 |    00000F64  A$lcc1848 |    00000F65  A$lcc1848
     00000F65  C$main.c$ |    00000F66  A$lcc1848 |    00000F66  C$main.c$
     00000F69  A$lcc1848 |    00000F6A  A$lcc1848 |    00000F6C  A$lcc1848
     00000F6D  A$lcc1848 |    00000F6F  A$lcc1848 |    00000F70  A$lcc1848
     00000F72  A$lcc1848 |    00000F73  A$lcc1848 |    00000F75  A$lcc1848
     00000F76  A$lcc1848 |    00000F77  A$lcc1848 |    00000F79  A$lcc1848
     00000F7A  A$lcc1848 |    00000F7B  A$lcc1848 |    00000F7D  A$lcc1848
     00000F7E  A$lcc1848 |    00000F7F  A$lcc1848 |    00000F81  A$lcc1848
     00000F81  C$main.c$ |    00000F84  A$lcc1848 |    00000F86  A$lcc1848
     00000F86  C$main.c$ |    00000F89  A$lcc1848 |    00000F8C  A$lcc1848
     00000F8D  A$lcc1848 |    00000F8E  A$lcc1848 |    00000F8F  A$lcc1848
     00000F90  A$lcc1848 |    00000F91  A$lcc1848 |    00000F94  A$lcc1848
     00000F95  A$lcc1848 |    00000F97  A$lcc1848 |    00000F97  C$main.c$
     00000F98  A$lcc1848 |    00000F99  A$lcc1848 |    00000F9B  A$lcc1848
     00000F9C  A$lcc1848 |    00000F9D  A$lcc1848 |    00000F9F  A$lcc1848
     00000FA0  A$lcc1848 |    00000FA1  A$lcc1848 |    00000FA3  A$lcc1848
     00000FA6  A$lcc1848 |    00000FA7  A$lcc1848 |    00000FA9  A$lcc1848
     00000FA9  C$main.c$ |    00000FAC  A$lcc1848 |    00000FAE  A$lcc1848
     00000FAE  C$main.c$ |    00000FB1  A$lcc1848 |    00000FB4  A$lcc1848
     00000FB5  A$lcc1848 |    00000FB6  A$lcc1848 |    00000FB7  A$lcc1848
     00000FB8  A$lcc1848 |    00000FB9  A$lcc1848 |    00000FBC  A$lcc1848
     00000FBD  A$lcc1848 |    00000FBD  C$main.c$ |    00000FC0  A$lcc1848
     00000FC1  A$lcc1848 |    00000FC3  A$lcc1848 |    00000FC3  C$main.c$
     00000FC6  A$lcc1848 |    00000FC7  A$lcc1848 |    00000FC8  A$lcc1848
     00000FC9  A$lcc1848 |    00000FCA  A$lcc1848 |    00000FCC  A$lcc1848
     00000FCD  A$lcc1848 |    00000FCE  A$lcc1848 |    00000FD0  A$lcc1848
     00000FD1  A$lcc1848 |    00000FD4  A$lcc1848 |    00000FD5  A$lcc1848
     00000FD6  A$lcc1848 |    00000FD7  A$lcc1848 |    00000FD7  C$main.c$
     00000FDA  A$lcc1848 |    00000FDB  A$lcc1848 |    00000FDC  A$lcc1848
     00000FDD  A$lcc1848 |    00000FDE  A$lcc1848 |    00000FE1  A$lcc1848
     00000FE2  A$lcc1848 |    00000FE3  A$lcc1848 |    00000FE5  A$lcc1848
     00000FE5  C$main.c$ |    00000FE8  A$lcc1848 |    00000FEA  A$lcc1848
     00000FED  A$lcc1848 |    00000FEE  A$lcc1848 |    00000FEF  A$lcc1848
     00000FF0  A$lcc1848 |    00000FF3  A$lcc1848 |    00000FF4  A$lcc1848
     00000FF5  A$lcc1848 |    00000FF6  A$lcc1848 |    00000FF8  A$lcc1848
     00000FF9  A$lcc1848 |    00000FFA  A$lcc1848 |    00000FFD  A$lcc1848
     00000FFE  A$lcc1848 |    00000FFE  C$main.c$ |    00001000  A$lcc1848
     00001003  A$lcc1848 |    00001004  A$lcc1848 |    00001007  A$lcc1848
     00001008  A$lcc1848 |    0000100B  A$lcc1848 |    0000100C  A$lcc1848
     0000100D  A$lcc1848 |    0000100E  A$lcc1848 |    00001011  A$lcc1848
     00001012  A$lcc1848 |    00001013  A$lcc1848 |    00001014  A$lcc1848
ASxxxx Linker V03.00 + NoICE + sdld,  page 11.
Hexadecimal  [32-Bits]

Area                       Addr        Size        Decimal Bytes (Attributes)
--------------------       ----        ----        ------- ----- ------------
_CODE                  00000200    000012BC =        4796. bytes (REL,CON)

        Value  Global            Value  Global            Value  Global    
        -----  ------            -----  ------            -----  ------    
     00001017  A$lcc1848 |    00001019  A$lcc1848 |    0000101A  A$lcc1848
     0000101B  A$lcc1848 |    0000101C  A$lcc1848 |    0000101E  A$lcc1848
     0000101F  A$lcc1848 |    00001022  A$lcc1848 |    00001024  A$lcc1848
     00001024  C$main.c$ |    00001024  C$main.c$ |    00001027  A$lcc1848
     00001028  A$lcc1848 |    0000102A  A$lcc1848 |    0000102A  C$main.c$
     0000102D  A$lcc1848 |    0000102E  A$lcc1848 |    0000102F  A$lcc1848
     00001030  A$lcc1848 |    00001031  A$lcc1848 |    00001033  A$lcc1848
     00001034  A$lcc1848 |    00001035  A$lcc1848 |    00001037  A$lcc1848
     00001038  A$lcc1848 |    0000103B  A$lcc1848 |    0000103C  A$lcc1848
     0000103D  A$lcc1848 |    0000103E  A$lcc1848 |    0000103E  C$main.c$
     00001041  A$lcc1848 |    00001042  A$lcc1848 |    00001043  A$lcc1848
     00001044  A$lcc1848 |    00001045  A$lcc1848 |    00001048  A$lcc1848
     00001049  A$lcc1848 |    0000104A  A$lcc1848 |    0000104C  A$lcc1848
     0000104C  C$main.c$ |    0000104F  A$lcc1848 |    00001051  A$lcc1848
     00001054  A$lcc1848 |    00001055  A$lcc1848 |    00001056  A$lcc1848
     00001057  A$lcc1848 |    0000105A  A$lcc1848 |    0000105B  A$lcc1848
     0000105C  A$lcc1848 |    0000105D  A$lcc1848 |    0000105F  A$lcc1848
     00001060  A$lcc1848 |    00001061  A$lcc1848 |    00001064  A$lcc1848
     00001065  A$lcc1848 |    00001065  C$main.c$ |    00001067  A$lcc1848
     0000106A  A$lcc1848 |    0000106B  A$lcc1848 |    0000106E  A$lcc1848
     0000106F  A$lcc1848 |    00001072  A$lcc1848 |    00001073  A$lcc1848
     00001074  A$lcc1848 |    00001075  A$lcc1848 |    00001078  A$lcc1848
     00001079  A$lcc1848 |    0000107A  A$lcc1848 |    0000107B  A$lcc1848
     0000107E  A$lcc1848 |    00001080  A$lcc1848 |    00001081  A$lcc1848
     00001082  A$lcc1848 |    00001083  A$lcc1848 |    00001085  A$lcc1848
     00001086  A$lcc1848 |    00001089  A$lcc1848 |    0000108B  A$lcc1848
     0000108B  C$main.c$ |    0000108B  C$main.c$ |    0000108E  A$lcc1848
     0000108F  A$lcc1848 |    00001090  A$lcc1848 |    00001091  A$lcc1848
     00001092  A$lcc1848 |    00001094  A$lcc1848 |    00001095  A$lcc1848
     00001096  A$lcc1848 |    00001097  A$lcc1848 |    00001098  A$lcc1848
     0000109A  A$lcc1848 |    0000109C  A$lcc1848 |    0000109C  C$main.c$
     0000109F  A$lcc1848 |    000010A1  A$lcc1848 |    000010A4  A$lcc1848
     000010A5  A$lcc1848 |    000010A6  A$lcc1848 |    000010A7  A$lcc1848
     000010AA  A$lcc1848 |    000010AB  A$lcc1848 |    000010AC  A$lcc1848
     000010AD  A$lcc1848 |    000010AF  A$lcc1848 |    000010B0  A$lcc1848
     000010B1  A$lcc1848 |    000010B4  A$lcc1848 |    000010B5  A$lcc1848
     000010B5  C$main.c$ |    000010B5  C$main.c$ |    000010B8  A$lcc1848
     000010B9  A$lcc1848 |    000010BA  A$lcc1848 |    000010BB  A$lcc1848
     000010BC  A$lcc1848 |    000010BE  A$lcc1848 |    000010BF  A$lcc1848
     000010C0  A$lcc1848 |    000010C1  A$lcc1848 |    000010C2  A$lcc1848
     000010C4  A$lcc1848 |    000010C6  A$lcc1848 |    000010C6  C$main.c$
     000010C9  A$lcc1848 |    000010CB  A$lcc1848 |    000010CE  A$lcc1848
     000010CF  A$lcc1848 |    000010D0  A$lcc1848 |    000010D1  A$lcc1848
     000010D4  A$lcc1848 |    000010D5  A$lcc1848 |    000010D6  A$lcc1848
     000010D7  A$lcc1848 |    000010D9  A$lcc1848 |    000010DA  A$lcc1848
     000010DB  A$lcc1848 |    000010DE  A$lcc1848 |    000010DF  A$lcc1848
     000010DF  C$main.c$ |    000010E2  A$lcc1848 |    000010E3  A$lcc1848
     000010E6  A$lcc1848 |    000010E7  A$lcc1848 |    000010EA  A$lcc1848
     000010EB  A$lcc1848 |    000010EC  A$lcc1848 |    000010ED  A$lcc1848
     000010EE  A$lcc1848 |    000010F1  A$lcc1848 |    000010F2  A$lcc1848
     000010F3  A$lcc1848 |    000010F4  A$lcc1848 |    000010F7  A$lcc1848
ASxxxx Linker V03.00 + NoICE + sdld,  page 12.
Hexadecimal  [32-Bits]

Area                       Addr        Size        Decimal Bytes (Attributes)
--------------------       ----        ----        ------- ----- ------------
_CODE                  00000200    000012BC =        4796. bytes (REL,CON)

        Value  Global            Value  Global            Value  Global    
        -----  ------            -----  ------            -----  ------    
     000010F9  A$lcc1848 |    000010FA  A$lcc1848 |    000010FB  A$lcc1848
     000010FC  A$lcc1848 |    000010FD  A$lcc1848 |    000010FE  A$lcc1848
     000010FF  A$lcc1848 |    00001100  A$lcc1848 |    00001101  A$lcc1848
     00001104  A$lcc1848 |    00001106  A$lcc1848 |    00001106  C$main.c$
     00001109  A$lcc1848 |    00001109  C$main.c$ |    0000110C  A$lcc1848
     0000110C  C$main.c$ |    0000110C  XG$main$0 |    0000110F  G$bkg_map
     0000110F  _bkg_map  |    00001277  G$bkg_til |    00001277  _bkg_tile
     000013E7  _get_vram |    000013F4  _get_win_ |    000013FC  _get_bkg_
     00001423  ___hide_m |    00001443  _set_vram |    00001452  _set_win_
     0000145A  _set_bkg_ |    00001484  ___move_m
ASxxxx Linker V03.00 + NoICE + sdld,  page 13.
Hexadecimal  [32-Bits]

Area                       Addr        Size        Decimal Bytes (Attributes)
--------------------       ----        ----        ------- ----- ------------
_HEADER0               00000000    00000001 =           1. bytes (ABS,CON)

        Value  Global            Value  Global            Value  Global    
        -----  ------            -----  ------            -----  ------    
     00000020  .call_hl 
ASxxxx Linker V03.00 + NoICE + sdld,  page 14.
Hexadecimal  [32-Bits]

Area                       Addr        Size        Decimal Bytes (Attributes)
--------------------       ----        ----        ------- ----- ------------
_HEADER1               00000000    00000005 =           5. bytes (ABS,CON)

        Value  Global            Value  Global            Value  Global    
        -----  ------            -----  ------            -----  ------    
     00000028  .MemsetSm
ASxxxx Linker V03.00 + NoICE + sdld,  page 15.
Hexadecimal  [32-Bits]

Area                       Addr        Size        Decimal Bytes (Attributes)
--------------------       ----        ----        ------- ----- ------------
_HEADER2               00000000    00000007 =           7. bytes (ABS,CON)

        Value  Global            Value  Global            Value  Global    
        -----  ------            -----  ------            -----  ------    
     00000030  .MemcpySm
ASxxxx Linker V03.00 + NoICE + sdld,  page 16.
Hexadecimal  [32-Bits]

Area                       Addr        Size        Decimal Bytes (Attributes)
--------------------       ----        ----        ------- ----- ------------
_HEADER3               00000000    00000008 =           8. bytes (ABS,CON)

        Value  Global            Value  Global            Value  Global    
        -----  ------            -----  ------            -----  ------    
ASxxxx Linker V03.00 + NoICE + sdld,  page 17.
Hexadecimal  [32-Bits]

Area                       Addr        Size        Decimal Bytes (Attributes)
--------------------       ----        ----        ------- ----- ------------
_HEADER4               00000000    0000004F =          79. bytes (ABS,CON)

        Value  Global            Value  Global            Value  Global    
        -----  ------            -----  ------            -----  ------    
     00000080  .int      |    0000008F  _wait_int |    0000009C  __standar
     000000AC  _refresh_
ASxxxx Linker V03.00 + NoICE + sdld,  page 18.
Hexadecimal  [32-Bits]

Area                       Addr        Size        Decimal Bytes (Attributes)
--------------------       ----        ----        ------- ----- ------------
_HEADER5               00000000    00000002 =           2. bytes (ABS,CON)

        Value  Global            Value  Global            Value  Global    
        -----  ------            -----  ------            -----  ------    
ASxxxx Linker V03.00 + NoICE + sdld,  page 19.
Hexadecimal  [32-Bits]

Area                       Addr        Size        Decimal Bytes (Attributes)
--------------------       ----        ----        ------- ----- ------------
_HEADER6               00000000    00000030 =          48. bytes (ABS,CON)

        Value  Global            Value  Global            Value  Global    
        -----  ------            -----  ------            -----  ------    
ASxxxx Linker V03.00 + NoICE + sdld,  page 20.
Hexadecimal  [32-Bits]

Area                       Addr        Size        Decimal Bytes (Attributes)
--------------------       ----        ----        ------- ----- ------------
_HEADER7               00000000    00000006 =           6. bytes (ABS,CON)

        Value  Global            Value  Global            Value  Global    
        -----  ------            -----  ------            -----  ------    
ASxxxx Linker V03.00 + NoICE + sdld,  page 21.
Hexadecimal  [32-Bits]

Area                       Addr        Size        Decimal Bytes (Attributes)
--------------------       ----        ----        ------- ----- ------------
_HEADER8               00000000    00000003 =           3. bytes (ABS,CON)

        Value  Global            Value  Global            Value  Global    
        -----  ------            -----  ------            -----  ------    
ASxxxx Linker V03.00 + NoICE + sdld,  page 22.
Hexadecimal  [32-Bits]

Area                       Addr        Size        Decimal Bytes (Attributes)
--------------------       ----        ----        ------- ----- ------------
_HEADER9               00000000    00000001 =           1. bytes (ABS,CON)

        Value  Global            Value  Global            Value  Global    
        -----  ------            -----  ------            -----  ------    
ASxxxx Linker V03.00 + NoICE + sdld,  page 23.
Hexadecimal  [32-Bits]

Area                       Addr        Size        Decimal Bytes (Attributes)
--------------------       ----        ----        ------- ----- ------------
_HEADERa               00000000    00000001 =           1. bytes (ABS,CON)

        Value  Global            Value  Global            Value  Global    
        -----  ------            -----  ------            -----  ------    
ASxxxx Linker V03.00 + NoICE + sdld,  page 24.
Hexadecimal  [32-Bits]

Area                       Addr        Size        Decimal Bytes (Attributes)
--------------------       ----        ----        ------- ----- ------------
_HEADERb               00000000    00000001 =           1. bytes (ABS,CON)

        Value  Global            Value  Global            Value  Global    
        -----  ------            -----  ------            -----  ------    
ASxxxx Linker V03.00 + NoICE + sdld,  page 25.
Hexadecimal  [32-Bits]

Area                       Addr        Size        Decimal Bytes (Attributes)
--------------------       ----        ----        ------- ----- ------------
_HEADERc               00000000    00000002 =           2. bytes (ABS,CON)

        Value  Global            Value  Global            Value  Global    
        -----  ------            -----  ------            -----  ------    
ASxxxx Linker V03.00 + NoICE + sdld,  page 26.
Hexadecimal  [32-Bits]

Area                       Addr        Size        Decimal Bytes (Attributes)
--------------------       ----        ----        ------- ----- ------------
_HEADERd               00000000    00000001 =           1. bytes (ABS,CON)

        Value  Global            Value  Global            Value  Global    
        -----  ------            -----  ------            -----  ------    
ASxxxx Linker V03.00 + NoICE + sdld,  page 27.
Hexadecimal  [32-Bits]

Area                       Addr        Size        Decimal Bytes (Attributes)
--------------------       ----        ----        ------- ----- ------------
_HEADERe               00000000    00000001 =           1. bytes (ABS,CON)

        Value  Global            Value  Global            Value  Global    
        -----  ------            -----  ------            -----  ------    
ASxxxx Linker V03.00 + NoICE + sdld,  page 28.
Hexadecimal  [32-Bits]

Area                       Addr        Size        Decimal Bytes (Attributes)
--------------------       ----        ----        ------- ----- ------------
_HEADERf               00000000    00000002 =           2. bytes (ABS,CON)

        Value  Global            Value  Global            Value  Global    
        -----  ------            -----  ------            -----  ------    
ASxxxx Linker V03.00 + NoICE + sdld,  page 29.
Hexadecimal  [32-Bits]

Area                       Addr        Size        Decimal Bytes (Attributes)
--------------------       ----        ----        ------- ----- ------------
_HEADER10              00000000    00000082 =         130. bytes (ABS,CON)

        Value  Global            Value  Global            Value  Global    
        -----  ------            -----  ------            -----  ------    
     00000150  .reset    |    00000150  _reset    |    00000157  .code_sta
     000001B7  _exit     |    000001BB  _set_inte
ASxxxx Linker V03.00 + NoICE + sdld,  page 30.
Hexadecimal  [32-Bits]

Area                       Addr        Size        Decimal Bytes (Attributes)
--------------------       ----        ----        ------- ----- ------------
_HEADER11              00000000    00000001 =           1. bytes (ABS,CON)

        Value  Global            Value  Global            Value  Global    
        -----  ------            -----  ------            -----  ------    
ASxxxx Linker V03.00 + NoICE + sdld,  page 31.
Hexadecimal  [32-Bits]

Area                       Addr        Size        Decimal Bytes (Attributes)
--------------------       ----        ----        ------- ----- ------------
_HOME                  000014BC    0000017B =         379. bytes (REL,CON)

        Value  Global            Value  Global            Value  Global    
        -----  ------            -----  ------            -----  ------    
     000014BC  .memset_s |    000014C5  .memcpy_s |    000014E2  .remove_V
     000014E5  .remove_i |    00001502  .add_VBL  |    00001505  .add_int 
     00001510  .wait_vbl |    00001510  _wait_vbl |    00001520  .display_
     00001520  _display_ |    00001538  _remove_V |    00001543  _add_VBL 
     0000154E  _set_tile |    00001553  _set_bkg_ |    00001553  _set_win_
     0000155B  _set_spri |    0000158B  .padup    |    0000158B  _waitpadu
     0000159B  .jpad     |    0000159B  _joypad   |    000015C3  _waitpad 
     000015C6  .wait_pad |    000015CD  _set_bkg_ |    000015E1  .set_xy_w
     000015EA  .set_xy_b |    000015F9  .set_xy_t
ASxxxx Linker V03.00 + NoICE + sdld,  page 32.
Hexadecimal  [32-Bits]

Area                       Addr        Size        Decimal Bytes (Attributes)
--------------------       ----        ----        ------- ----- ------------
_INITIALIZER           00001637    00000015 =          21. bytes (REL,CON)

        Value  Global            Value  Global            Value  Global    
        -----  ------            -----  ------            -----  ------    
     00001637  Fmain$__x |    0000163C  Fmain$__x |    00001641  Fmain$__x
ASxxxx Linker V03.00 + NoICE + sdld,  page 33.
Hexadecimal  [32-Bits]

Area                       Addr        Size        Decimal Bytes (Attributes)
--------------------       ----        ----        ------- ----- ------------
_GSINIT                0000164C    0000000C =          12. bytes (REL,CON)

        Value  Global            Value  Global            Value  Global    
        -----  ------            -----  ------            -----  ------    
     0000164C  gsinit   
ASxxxx Linker V03.00 + NoICE + sdld,  page 34.
Hexadecimal  [32-Bits]

Area                       Addr        Size        Decimal Bytes (Attributes)
--------------------       ----        ----        ------- ----- ------------
_GSFINAL               00001658    00000001 =           1. bytes (REL,CON)

        Value  Global            Value  Global            Value  Global    
        -----  ------            -----  ------            -----  ------    
ASxxxx Linker V03.00 + NoICE + sdld,  page 35.
Hexadecimal  [32-Bits]

Area                       Addr        Size        Decimal Bytes (Attributes)
--------------------       ----        ----        ------- ----- ------------
_DATA                  0000C0A0    00000079 =         121. bytes (REL,CON)

        Value  Global            Value  Global            Value  Global    
        -----  ------            -----  ------            -----  ------    
     0000C0A0  __cpu     |    0000C0A1  __is_GBA  |    0000C0A2  .mode    
     0000C0A3  .sys_time |    0000C0A3  _sys_time |    0000C0A5  .int_0x40
     0000C0DE  _hUGE_cur |    0000C0FF  G$joy$0_0 |    0000C0FF  _joy     
     0000C100  G$last_jo |    0000C100  _last_joy |    0000C101  G$PLAYER$
     0000C101  _PLAYER   |    0000C108  G$BULLET1 |    0000C108  _BULLET1 
     0000C10F  G$BULLET2 |    0000C10F  _BULLET2  |    0000C116  ___curren
     0000C118  ___curren
ASxxxx Linker V03.00 + NoICE + sdld,  page 36.
Hexadecimal  [32-Bits]

Area                       Addr        Size        Decimal Bytes (Attributes)
--------------------       ----        ----        ------- ----- ------------
_INITIALIZED           0000C119    00000015 =          21. bytes (REL,CON)

        Value  Global            Value  Global            Value  Global    
        -----  ------            -----  ------            -----  ------    
     0000C119  G$npc_til |    0000C119  _npc_tile |    0000C11E  G$npc_til
     0000C11E  _npc_tile |    0000C123  G$npc_til |    0000C123  _npc_tile
     0000C12D  ___render
ASxxxx Linker V03.00 + NoICE + sdld,  page 37.
Hexadecimal  [32-Bits]

Area                       Addr        Size        Decimal Bytes (Attributes)
--------------------       ----        ----        ------- ----- ------------
_HRAM12                00000000    00000003 =           3. bytes (ABS,CON)

        Value  Global            Value  Global            Value  Global    
        -----  ------            -----  ------            -----  ------    
     0000FF90  __current |    0000FF92  __shadow_
ASxxxx Linker V03.00 + NoICE + sdld,  page 38.
Hexadecimal  [32-Bits]

Area                       Addr        Size        Decimal Bytes (Attributes)
--------------------       ----        ----        ------- ----- ------------
_CODE_1                00014000    000000BC =         188. bytes (REL,CON)

        Value  Global            Value  Global            Value  Global    
        -----  ------            -----  ------            -----  ------    
     00014000  C$bullet. |    00014000  G$__func_ |    00014000  G$bullet_
     00014000  ___func_b |    00014000  _bullet_p |    0001400A  G$bullet_
     0001400A  _bullet_t |    0001402A  G$bullet_ |    0001402A  _bullet_m
     00014032  G$bullet_ |    00014032  _bullet_m |    00014034  C$galaga.
     00014034  G$__func_ |    00014034  G$galaga_ |    00014034  ___func_g
     00014034  _galaga_p |    0001403C  G$galaga_ |    0001403C  _galaga_t
     0001407C  G$galaga_ |    0001407C  _galaga_m |    00014088  G$galaga_
     00014088  _galaga_m |    0001408A  C$one_up. |    0001408A  G$__func_
     0001408A  G$one_up_ |    0001408A  ___func_o |    0001408A  _one_up_p
     00014092  G$one_up_ |    00014092  _one_up_t |    000140B2  G$one_up_
     000140B2  _one_up_m |    000140BA  G$one_up_ |    000140BA  _one_up_m
ASxxxx Linker V03.00 + NoICE + sdld,  page 39.

Files Linked                              [ module(s) ]

C:\c_code\gbdk\lib/small/asxxxx/gb/crt0.o
                                          [ Runtime ]
src\hUGEDriver.obj.rel                    [ hUGEDriver_obj ]
C:\Users\User\AppData\Local\Temp/lcc184840.rel
                                          [ main ]
C:\Users\User\AppData\Local\Temp/lcc184841.rel
                                          [ scene ]
C:\Users\User\AppData\Local\Temp/lcc184842.rel
                                          [ bkg_map ]
C:\Users\User\AppData\Local\Temp/lcc184843.rel
                                          [ bkg_tiles ]
C:\Users\User\AppData\Local\Temp/lcc184844.rel
                                          [ bullet ]
C:\Users\User\AppData\Local\Temp/lcc184845.rel
                                          [ galaga ]
C:\Users\User\AppData\Local\Temp/lcc184846.rel
                                          [ one_up ]


Libraries Linked                          [ object file ]

C:\c_code\gbdk\lib/small/asxxxx/gb/gb.lib
                                          [ get_tile.o ]
C:\c_code\gbdk\lib/small/asxxxx/gb/gb.lib
                                          [ metasprites_hide.o ]
C:\c_code\gbdk\lib/small/asxxxx/gb/gb.lib
                                          [ set_data.o ]
C:\c_code\gbdk\lib/small/asxxxx/gb/gb.lib
                                          [ set_tile.o ]
C:\c_code\gbdk\lib/small/asxxxx/gb/gb.lib
                                          [ pad.o ]
C:\c_code\gbdk\lib/small/asxxxx/gb/gb.lib
                                          [ metasprites.o ]
C:\c_code\gbdk\lib/small/asxxxx/gb/gb.lib
                                          [ sfr.o ]
C:\c_code\gbdk\lib/small/asxxxx/gb/gb.lib
                                          [ set_bk_t.o ]
C:\c_code\gbdk\lib/small/asxxxx/gb/gb.lib
                                          [ set_xy_t.o ]

ASxxxx Linker V03.00 + NoICE + sdld,  page 40.

User Base Address Definitions

_DATA=0xC0A0
_CODE=0x0200
ASxxxx Linker V03.00 + NoICE + sdld,  page 41.

User Global Definitions

_shadow_OAM=0xC000
.STACK=0xE000
.refresh_OAM=0xFF80

