ASxxxx Linker V03.00 + NoICE + sdld,  page 1.
Hexadecimal  [32-Bits]

Area                       Addr        Size        Decimal Bytes (Attributes)
--------------------       ----        ----        ------- ----- ------------
.  .ABS.               00000000    00000000 =           0. bytes (ABS,CON)

        Value  Global            Value  Global            Value  Global    
        -----  ------            -----  ------            -----  ------    
     00000000  .__.ABS.  |    00000000  _rRAMG    |    00000000  l__BASE  
     00000000  l__BSS    |    00000000  l__CABS   |    00000000  l__CODE_0
     00000000  l__DABS   |    00000000  l__HEADER |    00000000  l__HEAP  
     00000000  l__HRAM   |    00000000  l__LIT    |    00000000  s__CABS  
     00000000  s__DABS   |    00000000  s__HEADER |    00000000  s__HEADER
     00000000  s__HEADER |    00000000  s__HEADER |    00000000  s__HEADER
     00000000  s__HEADER |    00000000  s__HEADER |    00000000  s__HEADER
     00000000  s__HEADER |    00000000  s__HEADER |    00000000  s__HEADER
     00000000  s__HEADER |    00000000  s__HEADER |    00000000  s__HEADER
     00000000  s__HEADER |    00000000  s__HEADER |    00000000  s__HEADER
     00000000  s__HEADER |    00000000  s__HEADER |    00000000  s__HRAM  
     00000000  s__HRAM12 |    00000001  ___bank_b |    00000001  ___bank_t
     00000001  l__GSFINA |    00000001  l__HEADER |    00000001  l__HEADER
     00000001  l__HEADER |    00000001  l__HEADER |    00000001  l__HEADER
     00000001  l__HEADER |    00000001  l__HEADER |    00000002  l__HEADER
     00000002  l__HEADER |    00000002  l__HEADER |    00000002  l__INITIA
     00000002  l__INITIA |    00000003  l__HEADER |    00000003  l__HRAM12
     00000005  l__HEADER |    00000006  l__HEADER |    00000007  l__HEADER
     00000008  l__HEADER |    0000000C  l__GSINIT |    00000030  l__HEADER
     0000004F  l__HEADER |    0000006F  l__DATA   |    00000082  l__HEADER
     00000088  l__CODE_1 |    00000111  l__HOME   |    00000200  s__CODE  
     00000901  l__CODE   |    00000B01  s__HOME   |    00000C12  s__BASE  
     00000C12  s__CODE_0 |    00000C12  s__INITIA |    00000C12  s__LIT   
     00000C14  s__GSINIT |    00000C20  s__GSFINA |    00002000  _rROMB0  
     00003000  _rROMB1   |    00004000  _rRAMB    |    00008000  __VRAM   
     00008000  __VRAM800 |    00008800  __VRAM880 |    00009000  __VRAM900
     00009800  __SCRN0   |    00009C00  __SCRN1   |    0000A000  __SRAM   
     0000C000  __RAM     |    0000C000  _shadow_O |    0000C0A0  s__DATA  
     0000C10F  s__BSS    |    0000C10F  s__INITIA |    0000C111  s__HEAP  
     0000D000  __RAMBANK |    0000E000  .STACK    |    0000FE00  __OAMRAM 
     0000FF00  _P1_REG   |    0000FF00  __IO      |    0000FF01  _SB_REG  
     0000FF02  _SC_REG   |    0000FF04  _DIV_REG  |    0000FF05  _TIMA_REG
     0000FF06  _TMA_REG  |    0000FF07  _TAC_REG  |    0000FF0F  _IF_REG  
     0000FF10  _NR10_REG |    0000FF11  _NR11_REG |    0000FF12  _NR12_REG
     0000FF13  _NR13_REG |    0000FF14  _NR14_REG |    0000FF16  _NR21_REG
     0000FF17  _NR22_REG |    0000FF18  _NR23_REG |    0000FF19  _NR24_REG
     0000FF1A  _NR30_REG |    0000FF1B  _NR31_REG |    0000FF1C  _NR32_REG
     0000FF1D  _NR33_REG |    0000FF1E  _NR34_REG |    0000FF20  _NR41_REG
     0000FF21  _NR42_REG |    0000FF22  _NR43_REG |    0000FF23  _NR44_REG
     0000FF24  _NR50_REG |    0000FF25  _NR51_REG |    0000FF26  _NR52_REG
     0000FF30  _PCM_SAMP |    0000FF30  __AUD3WAV |    0000FF40  _LCDC_REG
     0000FF41  _STAT_REG |    0000FF42  _SCY_REG  |    0000FF43  _SCX_REG 
     0000FF44  _LY_REG   |    0000FF45  _LYC_REG  |    0000FF46  _DMA_REG 
     0000FF47  _BGP_REG  |    0000FF48  _OBP0_REG |    0000FF49  _OBP1_REG
     0000FF4A  _WY_REG   |    0000FF4B  _WX_REG   |    0000FF4D  _KEY1_REG
     0000FF4F  _VBK_REG  |    0000FF51  _HDMA1_RE |    0000FF52  _HDMA2_RE
     0000FF53  _HDMA3_RE |    0000FF54  _HDMA4_RE |    0000FF55  _HDMA5_RE
     0000FF56  _RP_REG   |    0000FF68  _BCPS_REG |    0000FF69  _BCPD_REG
     0000FF6A  _OCPS_REG |    0000FF6B  _OCPD_REG |    0000FF70  _SVBK_REG
     0000FF76  _PCM12_RE |    0000FF77  _PCM34_RE |    0000FF80  .refresh_
ASxxxx Linker V03.00 + NoICE + sdld,  page 2.
Hexadecimal  [32-Bits]

Area                       Addr        Size        Decimal Bytes (Attributes)
--------------------       ----        ----        ------- ----- ------------
.  .ABS.               00000000    00000000 =           0. bytes (ABS,CON)

        Value  Global            Value  Global            Value  Global    
        -----  ------            -----  ------            -----  ------    
     0000FF80  __HRAM    |    0000FFFF  _IE_REG   |    00014000  s__CODE_1
ASxxxx Linker V03.00 + NoICE + sdld,  page 3.
Hexadecimal  [32-Bits]

Area                       Addr        Size        Decimal Bytes (Attributes)
--------------------       ----        ----        ------- ----- ------------
_CODE                  00000200    00000901 =        2305. bytes (REL,CON)

        Value  Global            Value  Global            Value  Global    
        -----  ------            -----  ------            -----  ------    
     00000200  _hUGE_ini |    00000204  _hUGE_ini |    0000020F  _hUGE_mut
     00000213  _hUGE_mut |    00000220  hUGE_mute |    0000023A  hUGE_init
     00000676  _hUGE_dos |    00000676  _hUGE_dos |    00000999  A$lcc1468
     00000999  C$main.c$ |    00000999  C$main.c$ |    00000999  G$update_
     00000999  _update_b |    0000099B  A$lcc1468 |    0000099C  A$lcc1468
     0000099F  A$lcc1468 |    0000099F  C$main.c$ |    0000099F  XG$update
     000009A0  A$lcc1468 |    000009A0  C$main.c$ |    000009A0  C$main.c$
     000009A0  G$main$0$ |    000009A0  _main     |    000009A1  A$lcc1468
     000009A3  A$lcc1468 |    000009A3  C$main.c$ |    000009A5  A$lcc1468
     000009A7  A$lcc1468 |    000009A9  A$lcc1468 |    000009A9  C$main.c$
     000009AB  A$lcc1468 |    000009AD  A$lcc1468 |    000009AF  A$lcc1468
     000009AF  C$main.c$ |    000009B1  A$lcc1468 |    000009B3  A$lcc1468
     000009B5  A$lcc1468 |    000009B5  C$main.c$ |    000009B7  A$lcc1468
     000009B9  A$lcc1468 |    000009BB  A$lcc1468 |    000009BB  C$main.c$
     000009BE  A$lcc1468 |    000009BF  A$lcc1468 |    000009C2  A$lcc1468
     000009C3  A$lcc1468 |    000009C6  A$lcc1468 |    000009C8  A$lcc1468
     000009C8  C$main.c$ |    000009CB  A$lcc1468 |    000009CC  A$lcc1468
     000009CF  A$lcc1468 |    000009D0  A$lcc1468 |    000009D3  A$lcc1468
     000009D5  A$lcc1468 |    000009D5  C$main.c$ |    000009D8  A$lcc1468
     000009DA  A$lcc1468 |    000009DD  A$lcc1468 |    000009DF  A$lcc1468
     000009E2  A$lcc1468 |    000009E3  A$lcc1468 |    000009E4  A$lcc1468
     000009E5  A$lcc1468 |    000009E8  A$lcc1468 |    000009E9  A$lcc1468
     000009EA  A$lcc1468 |    000009EB  A$lcc1468 |    000009EE  A$lcc1468
     000009F0  A$lcc1468 |    000009F3  A$lcc1468 |    000009F4  A$lcc1468
     000009F5  A$lcc1468 |    000009F6  A$lcc1468 |    000009F7  A$lcc1468
     000009FA  A$lcc1468 |    000009FC  A$lcc1468 |    000009FF  A$lcc1468
     00000A00  A$lcc1468 |    00000A01  A$lcc1468 |    00000A02  A$lcc1468
     00000A05  A$lcc1468 |    00000A06  A$lcc1468 |    00000A07  A$lcc1468
     00000A08  A$lcc1468 |    00000A0B  A$lcc1468 |    00000A0D  A$lcc1468
     00000A10  A$lcc1468 |    00000A11  A$lcc1468 |    00000A13  A$lcc1468
     00000A14  A$lcc1468 |    00000A15  A$lcc1468 |    00000A18  A$lcc1468
     00000A1A  A$lcc1468 |    00000A1A  C$main.c$ |    00000A1D  A$lcc1468
     00000A1F  A$lcc1468 |    00000A22  A$lcc1468 |    00000A24  A$lcc1468
     00000A24  C$main.c$ |    00000A24  C$main.c$ |    00000A27  A$lcc1468
     00000A2A  A$lcc1468 |    00000A2A  C$main.c$ |    00000A2D  A$lcc1468
     00000A30  A$lcc1468 |    00000A31  A$lcc1468 |    00000A31  C$main.c$
     00000A34  A$lcc1468 |    00000A35  A$lcc1468 |    00000A37  A$lcc1468
     00000A38  A$lcc1468 |    00000A38  C$main.c$ |    00000A3B  A$lcc1468
     00000A3C  A$lcc1468 |    00000A3C  C$main.c$ |    00000A3F  A$lcc1468
     00000A40  A$lcc1468 |    00000A40  C$main.c$ |    00000A42  A$lcc1468
     00000A44  A$lcc1468 |    00000A46  A$lcc1468 |    00000A49  A$lcc1468
     00000A4A  A$lcc1468 |    00000A4C  A$lcc1468 |    00000A4C  C$main.c$
     00000A4D  A$lcc1468 |    00000A4E  A$lcc1468 |    00000A4F  A$lcc1468
     00000A51  A$lcc1468 |    00000A51  C$main.c$ |    00000A53  A$lcc1468
     00000A55  A$lcc1468 |    00000A58  A$lcc1468 |    00000A59  A$lcc1468
     00000A5B  A$lcc1468 |    00000A5D  A$lcc1468 |    00000A5D  C$main.c$
     00000A5E  A$lcc1468 |    00000A5F  A$lcc1468 |    00000A60  A$lcc1468
     00000A60  C$main.c$ |    00000A63  A$lcc1468 |    00000A66  A$lcc1468
     00000A67  A$lcc1468 |    00000A69  A$lcc1468 |    00000A6B  A$lcc1468
     00000A6D  A$lcc1468 |    00000A6F  A$lcc1468 |    00000A6F  C$main.c$
ASxxxx Linker V03.00 + NoICE + sdld,  page 4.
Hexadecimal  [32-Bits]

Area                       Addr        Size        Decimal Bytes (Attributes)
--------------------       ----        ----        ------- ----- ------------
_CODE                  00000200    00000901 =        2305. bytes (REL,CON)

        Value  Global            Value  Global            Value  Global    
        -----  ------            -----  ------            -----  ------    
     00000A72  A$lcc1468 |    00000A73  A$lcc1468 |    00000A74  A$lcc1468
     00000A77  A$lcc1468 |    00000A78  A$lcc1468 |    00000A7B  A$lcc1468
     00000A7C  A$lcc1468 |    00000A7F  A$lcc1468 |    00000A80  A$lcc1468
     00000A81  A$lcc1468 |    00000A82  A$lcc1468 |    00000A85  A$lcc1468
     00000A86  A$lcc1468 |    00000A87  A$lcc1468 |    00000A88  A$lcc1468
     00000A8B  A$lcc1468 |    00000A8D  A$lcc1468 |    00000A8F  A$lcc1468
     00000A90  A$lcc1468 |    00000A91  A$lcc1468 |    00000A92  A$lcc1468
     00000A93  A$lcc1468 |    00000A94  A$lcc1468 |    00000A95  A$lcc1468
     00000A96  A$lcc1468 |    00000A99  A$lcc1468 |    00000A9B  A$lcc1468
     00000A9E  A$lcc1468 |    00000A9F  A$lcc1468 |    00000AA2  A$lcc1468
     00000AA3  A$lcc1468 |    00000AA6  A$lcc1468 |    00000AA7  A$lcc1468
     00000AA8  A$lcc1468 |    00000AA9  A$lcc1468 |    00000AAA  A$lcc1468
     00000AAD  A$lcc1468 |    00000AAE  A$lcc1468 |    00000AAF  A$lcc1468
     00000AB0  A$lcc1468 |    00000AB3  A$lcc1468 |    00000AB5  A$lcc1468
     00000AB6  A$lcc1468 |    00000AB7  A$lcc1468 |    00000AB8  A$lcc1468
     00000ABA  A$lcc1468 |    00000ABB  A$lcc1468 |    00000ABE  A$lcc1468
     00000AC0  A$lcc1468 |    00000AC0  C$main.c$ |    00000AC3  A$lcc1468
     00000AC3  C$main.c$ |    00000AC6  A$lcc1468 |    00000AC6  C$main.c$
     00000AC6  XG$main$0 |    00000AC9  ___move_m
ASxxxx Linker V03.00 + NoICE + sdld,  page 5.
Hexadecimal  [32-Bits]

Area                       Addr        Size        Decimal Bytes (Attributes)
--------------------       ----        ----        ------- ----- ------------
_HEADER0               00000000    00000001 =           1. bytes (ABS,CON)

        Value  Global            Value  Global            Value  Global    
        -----  ------            -----  ------            -----  ------    
     00000020  .call_hl 
ASxxxx Linker V03.00 + NoICE + sdld,  page 6.
Hexadecimal  [32-Bits]

Area                       Addr        Size        Decimal Bytes (Attributes)
--------------------       ----        ----        ------- ----- ------------
_HEADER1               00000000    00000005 =           5. bytes (ABS,CON)

        Value  Global            Value  Global            Value  Global    
        -----  ------            -----  ------            -----  ------    
     00000028  .MemsetSm
ASxxxx Linker V03.00 + NoICE + sdld,  page 7.
Hexadecimal  [32-Bits]

Area                       Addr        Size        Decimal Bytes (Attributes)
--------------------       ----        ----        ------- ----- ------------
_HEADER2               00000000    00000007 =           7. bytes (ABS,CON)

        Value  Global            Value  Global            Value  Global    
        -----  ------            -----  ------            -----  ------    
     00000030  .MemcpySm
ASxxxx Linker V03.00 + NoICE + sdld,  page 8.
Hexadecimal  [32-Bits]

Area                       Addr        Size        Decimal Bytes (Attributes)
--------------------       ----        ----        ------- ----- ------------
_HEADER3               00000000    00000008 =           8. bytes (ABS,CON)

        Value  Global            Value  Global            Value  Global    
        -----  ------            -----  ------            -----  ------    
ASxxxx Linker V03.00 + NoICE + sdld,  page 9.
Hexadecimal  [32-Bits]

Area                       Addr        Size        Decimal Bytes (Attributes)
--------------------       ----        ----        ------- ----- ------------
_HEADER4               00000000    0000004F =          79. bytes (ABS,CON)

        Value  Global            Value  Global            Value  Global    
        -----  ------            -----  ------            -----  ------    
     00000080  .int      |    0000008F  _wait_int |    0000009C  __standar
     000000AC  _refresh_
ASxxxx Linker V03.00 + NoICE + sdld,  page 10.
Hexadecimal  [32-Bits]

Area                       Addr        Size        Decimal Bytes (Attributes)
--------------------       ----        ----        ------- ----- ------------
_HEADER5               00000000    00000002 =           2. bytes (ABS,CON)

        Value  Global            Value  Global            Value  Global    
        -----  ------            -----  ------            -----  ------    
ASxxxx Linker V03.00 + NoICE + sdld,  page 11.
Hexadecimal  [32-Bits]

Area                       Addr        Size        Decimal Bytes (Attributes)
--------------------       ----        ----        ------- ----- ------------
_HEADER6               00000000    00000030 =          48. bytes (ABS,CON)

        Value  Global            Value  Global            Value  Global    
        -----  ------            -----  ------            -----  ------    
ASxxxx Linker V03.00 + NoICE + sdld,  page 12.
Hexadecimal  [32-Bits]

Area                       Addr        Size        Decimal Bytes (Attributes)
--------------------       ----        ----        ------- ----- ------------
_HEADER7               00000000    00000006 =           6. bytes (ABS,CON)

        Value  Global            Value  Global            Value  Global    
        -----  ------            -----  ------            -----  ------    
ASxxxx Linker V03.00 + NoICE + sdld,  page 13.
Hexadecimal  [32-Bits]

Area                       Addr        Size        Decimal Bytes (Attributes)
--------------------       ----        ----        ------- ----- ------------
_HEADER8               00000000    00000003 =           3. bytes (ABS,CON)

        Value  Global            Value  Global            Value  Global    
        -----  ------            -----  ------            -----  ------    
ASxxxx Linker V03.00 + NoICE + sdld,  page 14.
Hexadecimal  [32-Bits]

Area                       Addr        Size        Decimal Bytes (Attributes)
--------------------       ----        ----        ------- ----- ------------
_HEADER9               00000000    00000001 =           1. bytes (ABS,CON)

        Value  Global            Value  Global            Value  Global    
        -----  ------            -----  ------            -----  ------    
ASxxxx Linker V03.00 + NoICE + sdld,  page 15.
Hexadecimal  [32-Bits]

Area                       Addr        Size        Decimal Bytes (Attributes)
--------------------       ----        ----        ------- ----- ------------
_HEADERa               00000000    00000001 =           1. bytes (ABS,CON)

        Value  Global            Value  Global            Value  Global    
        -----  ------            -----  ------            -----  ------    
ASxxxx Linker V03.00 + NoICE + sdld,  page 16.
Hexadecimal  [32-Bits]

Area                       Addr        Size        Decimal Bytes (Attributes)
--------------------       ----        ----        ------- ----- ------------
_HEADERb               00000000    00000001 =           1. bytes (ABS,CON)

        Value  Global            Value  Global            Value  Global    
        -----  ------            -----  ------            -----  ------    
ASxxxx Linker V03.00 + NoICE + sdld,  page 17.
Hexadecimal  [32-Bits]

Area                       Addr        Size        Decimal Bytes (Attributes)
--------------------       ----        ----        ------- ----- ------------
_HEADERc               00000000    00000002 =           2. bytes (ABS,CON)

        Value  Global            Value  Global            Value  Global    
        -----  ------            -----  ------            -----  ------    
ASxxxx Linker V03.00 + NoICE + sdld,  page 18.
Hexadecimal  [32-Bits]

Area                       Addr        Size        Decimal Bytes (Attributes)
--------------------       ----        ----        ------- ----- ------------
_HEADERd               00000000    00000001 =           1. bytes (ABS,CON)

        Value  Global            Value  Global            Value  Global    
        -----  ------            -----  ------            -----  ------    
ASxxxx Linker V03.00 + NoICE + sdld,  page 19.
Hexadecimal  [32-Bits]

Area                       Addr        Size        Decimal Bytes (Attributes)
--------------------       ----        ----        ------- ----- ------------
_HEADERe               00000000    00000001 =           1. bytes (ABS,CON)

        Value  Global            Value  Global            Value  Global    
        -----  ------            -----  ------            -----  ------    
ASxxxx Linker V03.00 + NoICE + sdld,  page 20.
Hexadecimal  [32-Bits]

Area                       Addr        Size        Decimal Bytes (Attributes)
--------------------       ----        ----        ------- ----- ------------
_HEADERf               00000000    00000002 =           2. bytes (ABS,CON)

        Value  Global            Value  Global            Value  Global    
        -----  ------            -----  ------            -----  ------    
ASxxxx Linker V03.00 + NoICE + sdld,  page 21.
Hexadecimal  [32-Bits]

Area                       Addr        Size        Decimal Bytes (Attributes)
--------------------       ----        ----        ------- ----- ------------
_HEADER10              00000000    00000082 =         130. bytes (ABS,CON)

        Value  Global            Value  Global            Value  Global    
        -----  ------            -----  ------            -----  ------    
     00000150  .reset    |    00000150  _reset    |    00000157  .code_sta
     000001B7  _exit     |    000001BB  _set_inte
ASxxxx Linker V03.00 + NoICE + sdld,  page 22.
Hexadecimal  [32-Bits]

Area                       Addr        Size        Decimal Bytes (Attributes)
--------------------       ----        ----        ------- ----- ------------
_HEADER11              00000000    00000001 =           1. bytes (ABS,CON)

        Value  Global            Value  Global            Value  Global    
        -----  ------            -----  ------            -----  ------    
ASxxxx Linker V03.00 + NoICE + sdld,  page 23.
Hexadecimal  [32-Bits]

Area                       Addr        Size        Decimal Bytes (Attributes)
--------------------       ----        ----        ------- ----- ------------
_HOME                  00000B01    00000111 =         273. bytes (REL,CON)

        Value  Global            Value  Global            Value  Global    
        -----  ------            -----  ------            -----  ------    
     00000B01  .memset_s |    00000B0A  .memcpy_s |    00000B27  .remove_V
     00000B2A  .remove_i |    00000B47  .add_VBL  |    00000B4A  .add_int 
     00000B55  .wait_vbl |    00000B55  _wait_vbl |    00000B65  .display_
     00000B65  _display_ |    00000B7D  _remove_V |    00000B88  _add_VBL 
     00000B93  _set_tile |    00000B98  _set_bkg_ |    00000B98  _set_win_
     00000BA0  _set_spri |    00000BD0  .padup    |    00000BD0  _waitpadu
     00000BE0  .jpad     |    00000BE0  _joypad   |    00000C08  _waitpad 
     00000C0B  .wait_pad
ASxxxx Linker V03.00 + NoICE + sdld,  page 24.
Hexadecimal  [32-Bits]

Area                       Addr        Size        Decimal Bytes (Attributes)
--------------------       ----        ----        ------- ----- ------------
_INITIALIZER           00000C12    00000002 =           2. bytes (REL,CON)

        Value  Global            Value  Global            Value  Global    
        -----  ------            -----  ------            -----  ------    
     00000C12  Fscene$__
ASxxxx Linker V03.00 + NoICE + sdld,  page 25.
Hexadecimal  [32-Bits]

Area                       Addr        Size        Decimal Bytes (Attributes)
--------------------       ----        ----        ------- ----- ------------
_GSINIT                00000C14    0000000C =          12. bytes (REL,CON)

        Value  Global            Value  Global            Value  Global    
        -----  ------            -----  ------            -----  ------    
     00000C14  gsinit   
ASxxxx Linker V03.00 + NoICE + sdld,  page 26.
Hexadecimal  [32-Bits]

Area                       Addr        Size        Decimal Bytes (Attributes)
--------------------       ----        ----        ------- ----- ------------
_GSFINAL               00000C20    00000001 =           1. bytes (REL,CON)

        Value  Global            Value  Global            Value  Global    
        -----  ------            -----  ------            -----  ------    
ASxxxx Linker V03.00 + NoICE + sdld,  page 27.
Hexadecimal  [32-Bits]

Area                       Addr        Size        Decimal Bytes (Attributes)
--------------------       ----        ----        ------- ----- ------------
_DATA                  0000C0A0    0000006F =         111. bytes (REL,CON)

        Value  Global            Value  Global            Value  Global    
        -----  ------            -----  ------            -----  ------    
     0000C0A0  __cpu     |    0000C0A1  __is_GBA  |    0000C0A2  .mode    
     0000C0A3  .sys_time |    0000C0A3  _sys_time |    0000C0A5  .int_0x40
     0000C0DE  _hUGE_cur |    0000C0FF  G$joy$0_0 |    0000C0FF  _joy     
     0000C100  G$last_jo |    0000C100  _last_joy |    0000C101  G$playerx
     0000C101  _playerx  |    0000C102  G$bulletx |    0000C102  _bulletx 
     0000C103  G$bullety |    0000C103  _bullety  |    0000C104  G$ship$0_
     0000C104  _ship     |    0000C10C  ___curren |    0000C10E  ___curren
ASxxxx Linker V03.00 + NoICE + sdld,  page 28.
Hexadecimal  [32-Bits]

Area                       Addr        Size        Decimal Bytes (Attributes)
--------------------       ----        ----        ------- ----- ------------
_INITIALIZED           0000C10F    00000002 =           2. bytes (REL,CON)

        Value  Global            Value  Global            Value  Global    
        -----  ------            -----  ------            -----  ------    
     0000C10F  G$sprites |    0000C10F  _spritesi |    0000C110  ___render
ASxxxx Linker V03.00 + NoICE + sdld,  page 29.
Hexadecimal  [32-Bits]

Area                       Addr        Size        Decimal Bytes (Attributes)
--------------------       ----        ----        ------- ----- ------------
_HRAM12                00000000    00000003 =           3. bytes (ABS,CON)

        Value  Global            Value  Global            Value  Global    
        -----  ------            -----  ------            -----  ------    
     0000FF90  __current |    0000FF92  __shadow_
ASxxxx Linker V03.00 + NoICE + sdld,  page 30.
Hexadecimal  [32-Bits]

Area                       Addr        Size        Decimal Bytes (Attributes)
--------------------       ----        ----        ------- ----- ------------
_CODE_1                00014000    00000088 =         136. bytes (REL,CON)

        Value  Global            Value  Global            Value  Global    
        -----  ------            -----  ------            -----  ------    
     00014000  C$bullet. |    00014000  G$__func_ |    00014000  G$bullet_
     00014000  ___func_b |    00014000  _bullet_p |    00014008  G$bullet_
     00014008  _bullet_t |    00014028  G$bullet_ |    00014028  _bullet_m
     00014030  G$bullet_ |    00014030  _bullet_m |    00014032  C$tileset
     00014032  G$__func_ |    00014032  G$tileset |    00014032  ___func_t
     00014032  _tileset_ |    0001403A  G$tileset |    0001403A  _tileset_
     0001407A  G$tileset |    0001407A  _tileset_ |    00014086  G$tileset
     00014086  _tileset_
ASxxxx Linker V03.00 + NoICE + sdld,  page 31.

Files Linked                              [ module(s) ]

C:\c_code\gbdk\lib/small/asxxxx/gb/crt0.o
                                          [ Runtime ]
src\hUGEDriver.obj.rel                    [ hUGEDriver_obj ]
C:\Users\User\AppData\Local\Temp/lcc14680.rel
                                          [ main ]
C:\Users\User\AppData\Local\Temp/lcc14681.rel
                                          [ scene ]
C:\Users\User\AppData\Local\Temp/lcc14682.rel
                                          [ bullet ]
C:\Users\User\AppData\Local\Temp/lcc14683.rel
                                          [ tileset ]


Libraries Linked                          [ object file ]

C:\c_code\gbdk\lib/small/asxxxx/gb/gb.lib
                                          [ set_data.o ]
C:\c_code\gbdk\lib/small/asxxxx/gb/gb.lib
                                          [ pad.o ]
C:\c_code\gbdk\lib/small/asxxxx/gb/gb.lib
                                          [ metasprites.o ]
C:\c_code\gbdk\lib/small/asxxxx/gb/gb.lib
                                          [ sfr.o ]

ASxxxx Linker V03.00 + NoICE + sdld,  page 32.

User Base Address Definitions

_DATA=0xC0A0
_CODE=0x0200
ASxxxx Linker V03.00 + NoICE + sdld,  page 33.

User Global Definitions

_shadow_OAM=0xC000
.STACK=0xE000
.refresh_OAM=0xFF80

