ASxxxx Linker V03.00 + NoICE + sdld,  page 1.
Hexadecimal  [32-Bits]

Area                       Addr        Size        Decimal Bytes (Attributes)
--------------------       ----        ----        ------- ----- ------------
.  .ABS.               00000000    00000000 =           0. bytes (ABS,CON)

        Value  Global            Value  Global            Value  Global    
        -----  ------            -----  ------            -----  ------    
     00000000  .__.ABS.  |    00000000  _rRAMG    |    00000000  l__BASE  
     00000000  l__BSS    |    00000000  l__CABS   |    00000000  l__CODE_0
     00000000  l__DABS   |    00000000  l__HEADER |    00000000  l__HEAP  
     00000000  l__HRAM   |    00000000  l__LIT    |    00000000  s__CABS  
     00000000  s__DABS   |    00000000  s__HEADER |    00000000  s__HEADER
     00000000  s__HEADER |    00000000  s__HEADER |    00000000  s__HEADER
     00000000  s__HEADER |    00000000  s__HEADER |    00000000  s__HEADER
     00000000  s__HEADER |    00000000  s__HEADER |    00000000  s__HEADER
     00000000  s__HEADER |    00000000  s__HEADER |    00000000  s__HEADER
     00000000  s__HEADER |    00000000  s__HEADER |    00000000  s__HEADER
     00000000  s__HEADER |    00000000  s__HEADER |    00000000  s__HRAM  
     00000000  s__HRAM12 |    00000001  ___bank_b |    00000001  ___bank_g
     00000001  ___bank_o |    00000001  l__GSFINA |    00000001  l__HEADER
     00000001  l__HEADER |    00000001  l__HEADER |    00000001  l__HEADER
     00000001  l__HEADER |    00000001  l__HEADER |    00000001  l__HEADER
     00000001  l__INITIA |    00000001  l__INITIA |    00000002  l__HEADER
     00000002  l__HEADER |    00000002  l__HEADER |    00000003  l__HEADER
     00000003  l__HRAM12 |    00000005  l__HEADER |    00000006  l__HEADER
     00000007  l__HEADER |    00000008  l__HEADER |    0000000C  l__GSINIT
     00000030  l__HEADER |    0000004F  l__HEADER |    00000079  l__DATA  
     00000082  l__HEADER |    000000BC  l__CODE_1 |    0000017B  l__HOME  
     00000200  s__CODE   |    00000FE1  l__CODE   |    000011E1  s__HOME  
     0000135C  s__BASE   |    0000135C  s__CODE_0 |    0000135C  s__INITIA
     0000135C  s__LIT    |    0000135D  s__GSINIT |    00001369  s__GSFINA
     00002000  _rROMB0   |    00003000  _rROMB1   |    00004000  _rRAMB   
     00008000  __VRAM    |    00008000  __VRAM800 |    00008800  __VRAM880
     00009000  __VRAM900 |    00009800  __SCRN0   |    00009C00  __SCRN1  
     0000A000  __SRAM    |    0000C000  __RAM     |    0000C000  _shadow_O
     0000C0A0  s__DATA   |    0000C119  s__BSS    |    0000C119  s__INITIA
     0000C11A  s__HEAP   |    0000D000  __RAMBANK |    0000E000  .STACK   
     0000FE00  __OAMRAM  |    0000FF00  _P1_REG   |    0000FF00  __IO     
     0000FF01  _SB_REG   |    0000FF02  _SC_REG   |    0000FF04  _DIV_REG 
     0000FF05  _TIMA_REG |    0000FF06  _TMA_REG  |    0000FF07  _TAC_REG 
     0000FF0F  _IF_REG   |    0000FF10  _NR10_REG |    0000FF11  _NR11_REG
     0000FF12  _NR12_REG |    0000FF13  _NR13_REG |    0000FF14  _NR14_REG
     0000FF16  _NR21_REG |    0000FF17  _NR22_REG |    0000FF18  _NR23_REG
     0000FF19  _NR24_REG |    0000FF1A  _NR30_REG |    0000FF1B  _NR31_REG
     0000FF1C  _NR32_REG |    0000FF1D  _NR33_REG |    0000FF1E  _NR34_REG
     0000FF20  _NR41_REG |    0000FF21  _NR42_REG |    0000FF22  _NR43_REG
     0000FF23  _NR44_REG |    0000FF24  _NR50_REG |    0000FF25  _NR51_REG
     0000FF26  _NR52_REG |    0000FF30  _PCM_SAMP |    0000FF30  __AUD3WAV
     0000FF40  _LCDC_REG |    0000FF41  _STAT_REG |    0000FF42  _SCY_REG 
     0000FF43  _SCX_REG  |    0000FF44  _LY_REG   |    0000FF45  _LYC_REG 
     0000FF46  _DMA_REG  |    0000FF47  _BGP_REG  |    0000FF48  _OBP0_REG
     0000FF49  _OBP1_REG |    0000FF4A  _WY_REG   |    0000FF4B  _WX_REG  
     0000FF4D  _KEY1_REG |    0000FF4F  _VBK_REG  |    0000FF51  _HDMA1_RE
     0000FF52  _HDMA2_RE |    0000FF53  _HDMA3_RE |    0000FF54  _HDMA4_RE
     0000FF55  _HDMA5_RE |    0000FF56  _RP_REG   |    0000FF68  _BCPS_REG
     0000FF69  _BCPD_REG |    0000FF6A  _OCPS_REG |    0000FF6B  _OCPD_REG
     0000FF70  _SVBK_REG |    0000FF76  _PCM12_RE |    0000FF77  _PCM34_RE
ASxxxx Linker V03.00 + NoICE + sdld,  page 2.
Hexadecimal  [32-Bits]

Area                       Addr        Size        Decimal Bytes (Attributes)
--------------------       ----        ----        ------- ----- ------------
.  .ABS.               00000000    00000000 =           0. bytes (ABS,CON)

        Value  Global            Value  Global            Value  Global    
        -----  ------            -----  ------            -----  ------    
     0000FF80  .refresh_ |    0000FF80  __HRAM    |    0000FFFF  _IE_REG  
     00014000  s__CODE_1
ASxxxx Linker V03.00 + NoICE + sdld,  page 3.
Hexadecimal  [32-Bits]

Area                       Addr        Size        Decimal Bytes (Attributes)
--------------------       ----        ----        ------- ----- ------------
_CODE                  00000200    00000FE1 =        4065. bytes (REL,CON)

        Value  Global            Value  Global            Value  Global    
        -----  ------            -----  ------            -----  ------    
     00000200  _hUGE_ini |    00000204  _hUGE_ini |    0000020F  _hUGE_mut
     00000213  _hUGE_mut |    00000220  hUGE_mute |    0000023A  hUGE_init
     00000676  _hUGE_dos |    00000676  _hUGE_dos |    00000999  A$lcc2138
     00000999  C$main.c$ |    00000999  C$main.c$ |    00000999  G$update_
     00000999  _update_b |    0000099B  A$lcc2138 |    0000099C  A$lcc2138
     0000099E  A$lcc2138 |    0000099F  A$lcc2138 |    000009A0  A$lcc2138
     000009A1  A$lcc2138 |    000009A2  A$lcc2138 |    000009A5  A$lcc2138
     000009A6  A$lcc2138 |    000009A7  A$lcc2138 |    000009A8  A$lcc2138
     000009A8  C$main.c$ |    000009AA  A$lcc2138 |    000009AB  A$lcc2138
     000009AD  A$lcc2138 |    000009B0  A$lcc2138 |    000009B1  A$lcc2138
     000009B2  A$lcc2138 |    000009B3  A$lcc2138 |    000009B3  C$main.c$
     000009B3  XG$update |    000009B4  A$lcc2138 |    000009B4  C$main.c$
     000009B4  C$main.c$ |    000009B4  G$update_ |    000009B4  _update_b
     000009B6  A$lcc2138 |    000009B7  A$lcc2138 |    000009B9  A$lcc2138
     000009BA  A$lcc2138 |    000009BB  A$lcc2138 |    000009BC  A$lcc2138
     000009BD  A$lcc2138 |    000009C0  A$lcc2138 |    000009C1  A$lcc2138
     000009C2  A$lcc2138 |    000009C3  A$lcc2138 |    000009C3  C$main.c$
     000009C5  A$lcc2138 |    000009C6  A$lcc2138 |    000009C8  A$lcc2138
     000009CB  A$lcc2138 |    000009CC  A$lcc2138 |    000009CD  A$lcc2138
     000009CE  A$lcc2138 |    000009CE  C$main.c$ |    000009CE  XG$update
     000009CF  A$lcc2138 |    000009CF  C$main.c$ |    000009CF  G$collide
     000009CF  _collide_ |    000009D1  A$lcc2138 |    000009D1  C$main.c$
     000009D3  A$lcc2138 |    000009D4  A$lcc2138 |    000009D6  A$lcc2138
     000009D9  A$lcc2138 |    000009DA  A$lcc2138 |    000009DB  A$lcc2138
     000009DC  A$lcc2138 |    000009DD  A$lcc2138 |    000009DD  C$main.c$
     000009DF  A$lcc2138 |    000009E0  A$lcc2138 |    000009E2  A$lcc2138
     000009E4  A$lcc2138 |    000009E5  A$lcc2138 |    000009E7  A$lcc2138
     000009E8  A$lcc2138 |    000009E8  C$main.c$ |    000009EA  A$lcc2138
     000009EB  A$lcc2138 |    000009ED  A$lcc2138 |    000009EE  A$lcc2138
     000009EF  A$lcc2138 |    000009F0  A$lcc2138 |    000009F2  A$lcc2138
     000009F3  A$lcc2138 |    000009F5  A$lcc2138 |    000009F7  A$lcc2138
     000009F9  A$lcc2138 |    000009FA  A$lcc2138 |    000009FB  A$lcc2138
     000009FE  A$lcc2138 |    000009FF  A$lcc2138 |    00000A00  A$lcc2138
     00000A01  A$lcc2138 |    00000A03  A$lcc2138 |    00000A04  A$lcc2138
     00000A05  A$lcc2138 |    00000A06  A$lcc2138 |    00000A08  A$lcc2138
     00000A09  A$lcc2138 |    00000A0B  A$lcc2138 |    00000A0C  A$lcc2138
     00000A0E  A$lcc2138 |    00000A0F  A$lcc2138 |    00000A10  A$lcc2138
     00000A11  A$lcc2138 |    00000A13  A$lcc2138 |    00000A14  A$lcc2138
     00000A16  A$lcc2138 |    00000A17  A$lcc2138 |    00000A19  A$lcc2138
     00000A1A  A$lcc2138 |    00000A1C  A$lcc2138 |    00000A1D  A$lcc2138
     00000A1F  A$lcc2138 |    00000A20  A$lcc2138 |    00000A22  A$lcc2138
     00000A23  A$lcc2138 |    00000A25  A$lcc2138 |    00000A25  C$main.c$
     00000A26  A$lcc2138 |    00000A27  A$lcc2138 |    00000A29  A$lcc2138
     00000A2B  A$lcc2138 |    00000A2E  A$lcc2138 |    00000A2F  A$lcc2138
     00000A30  A$lcc2138 |    00000A31  A$lcc2138 |    00000A33  A$lcc2138
     00000A35  A$lcc2138 |    00000A37  A$lcc2138 |    00000A39  A$lcc2138
     00000A3B  A$lcc2138 |    00000A3D  A$lcc2138 |    00000A3D  C$main.c$
     00000A3F  A$lcc2138 |    00000A40  A$lcc2138 |    00000A42  A$lcc2138
     00000A43  A$lcc2138 |    00000A44  A$lcc2138 |    00000A45  A$lcc2138
     00000A46  A$lcc2138 |    00000A48  A$lcc2138 |    00000A48  C$main.c$
ASxxxx Linker V03.00 + NoICE + sdld,  page 4.
Hexadecimal  [32-Bits]

Area                       Addr        Size        Decimal Bytes (Attributes)
--------------------       ----        ----        ------- ----- ------------
_CODE                  00000200    00000FE1 =        4065. bytes (REL,CON)

        Value  Global            Value  Global            Value  Global    
        -----  ------            -----  ------            -----  ------    
     00000A49  A$lcc2138 |    00000A4A  A$lcc2138 |    00000A4B  A$lcc2138
     00000A4D  A$lcc2138 |    00000A4E  A$lcc2138 |    00000A4F  A$lcc2138
     00000A50  A$lcc2138 |    00000A51  A$lcc2138 |    00000A52  A$lcc2138
     00000A53  A$lcc2138 |    00000A54  A$lcc2138 |    00000A57  A$lcc2138
     00000A58  A$lcc2138 |    00000A59  A$lcc2138 |    00000A5B  A$lcc2138
     00000A5E  A$lcc2138 |    00000A5E  C$main.c$ |    00000A5F  A$lcc2138
     00000A60  A$lcc2138 |    00000A61  A$lcc2138 |    00000A63  A$lcc2138
     00000A64  A$lcc2138 |    00000A65  A$lcc2138 |    00000A66  A$lcc2138
     00000A69  A$lcc2138 |    00000A6A  A$lcc2138 |    00000A6B  A$lcc2138
     00000A6D  A$lcc2138 |    00000A6E  A$lcc2138 |    00000A70  A$lcc2138
     00000A71  A$lcc2138 |    00000A72  A$lcc2138 |    00000A73  A$lcc2138
     00000A74  A$lcc2138 |    00000A74  C$main.c$ |    00000A76  A$lcc2138
     00000A77  A$lcc2138 |    00000A78  A$lcc2138 |    00000A7A  A$lcc2138
     00000A7A  C$main.c$ |    00000A7B  A$lcc2138 |    00000A7C  A$lcc2138
     00000A7D  A$lcc2138 |    00000A7E  A$lcc2138 |    00000A7F  A$lcc2138
     00000A80  A$lcc2138 |    00000A81  A$lcc2138 |    00000A82  A$lcc2138
     00000A83  A$lcc2138 |    00000A84  A$lcc2138 |    00000A85  A$lcc2138
     00000A87  A$lcc2138 |    00000A88  A$lcc2138 |    00000A89  A$lcc2138
     00000A8A  A$lcc2138 |    00000A8C  A$lcc2138 |    00000A8E  A$lcc2138
     00000A8F  A$lcc2138 |    00000A91  A$lcc2138 |    00000A92  A$lcc2138
     00000A94  A$lcc2138 |    00000A95  A$lcc2138 |    00000A97  A$lcc2138
     00000A99  A$lcc2138 |    00000A9B  A$lcc2138 |    00000A9D  A$lcc2138
     00000A9F  A$lcc2138 |    00000AA0  A$lcc2138 |    00000AA2  A$lcc2138
     00000AA4  A$lcc2138 |    00000AA6  A$lcc2138 |    00000AA7  A$lcc2138
     00000AA9  A$lcc2138 |    00000AA9  C$main.c$ |    00000AAA  A$lcc2138
     00000AAB  A$lcc2138 |    00000AAC  A$lcc2138 |    00000AAE  A$lcc2138
     00000AAF  A$lcc2138 |    00000AB0  A$lcc2138 |    00000AB1  A$lcc2138
     00000AB4  A$lcc2138 |    00000AB5  A$lcc2138 |    00000AB6  A$lcc2138
     00000AB8  A$lcc2138 |    00000ABA  A$lcc2138 |    00000ABA  C$main.c$
     00000ABC  A$lcc2138 |    00000ABD  A$lcc2138 |    00000ABF  A$lcc2138
     00000AC0  A$lcc2138 |    00000AC1  A$lcc2138 |    00000AC2  A$lcc2138
     00000AC5  A$lcc2138 |    00000AC7  A$lcc2138 |    00000AC9  A$lcc2138
     00000AC9  C$main.c$ |    00000ACA  A$lcc2138 |    00000ACB  A$lcc2138
     00000ACC  A$lcc2138 |    00000ACE  A$lcc2138 |    00000ACF  A$lcc2138
     00000AD0  A$lcc2138 |    00000AD1  A$lcc2138 |    00000AD4  A$lcc2138
     00000AD5  A$lcc2138 |    00000AD6  A$lcc2138 |    00000AD8  A$lcc2138
     00000ADA  A$lcc2138 |    00000ADB  A$lcc2138 |    00000ADC  A$lcc2138
     00000ADD  A$lcc2138 |    00000ADF  A$lcc2138 |    00000AE0  A$lcc2138
     00000AE1  A$lcc2138 |    00000AE2  A$lcc2138 |    00000AE5  A$lcc2138
     00000AE6  A$lcc2138 |    00000AE7  A$lcc2138 |    00000AE9  A$lcc2138
     00000AEB  A$lcc2138 |    00000AEB  C$main.c$ |    00000AEC  A$lcc2138
     00000AED  A$lcc2138 |    00000AEE  A$lcc2138 |    00000AF0  A$lcc2138
     00000AF1  A$lcc2138 |    00000AF2  A$lcc2138 |    00000AF3  A$lcc2138
     00000AF6  A$lcc2138 |    00000AF8  A$lcc2138 |    00000AF8  C$main.c$
     00000AF9  A$lcc2138 |    00000AFA  A$lcc2138 |    00000AFB  A$lcc2138
     00000AFD  A$lcc2138 |    00000AFE  A$lcc2138 |    00000AFF  A$lcc2138
     00000B00  A$lcc2138 |    00000B03  A$lcc2138 |    00000B05  A$lcc2138
     00000B05  C$main.c$ |    00000B07  A$lcc2138 |    00000B0A  A$lcc2138
     00000B0A  C$main.c$ |    00000B0B  A$lcc2138 |    00000B0C  A$lcc2138
     00000B0D  A$lcc2138 |    00000B0F  A$lcc2138 |    00000B10  A$lcc2138
     00000B11  A$lcc2138 |    00000B12  A$lcc2138 |    00000B15  A$lcc2138
ASxxxx Linker V03.00 + NoICE + sdld,  page 5.
Hexadecimal  [32-Bits]

Area                       Addr        Size        Decimal Bytes (Attributes)
--------------------       ----        ----        ------- ----- ------------
_CODE                  00000200    00000FE1 =        4065. bytes (REL,CON)

        Value  Global            Value  Global            Value  Global    
        -----  ------            -----  ------            -----  ------    
     00000B16  A$lcc2138 |    00000B18  A$lcc2138 |    00000B19  A$lcc2138
     00000B19  C$main.c$ |    00000B1B  A$lcc2138 |    00000B1C  A$lcc2138
     00000B1D  A$lcc2138 |    00000B1D  C$main.c$ |    00000B1F  A$lcc2138
     00000B21  A$lcc2138 |    00000B22  A$lcc2138 |    00000B23  A$lcc2138
     00000B25  A$lcc2138 |    00000B26  A$lcc2138 |    00000B28  A$lcc2138
     00000B29  A$lcc2138 |    00000B2B  A$lcc2138 |    00000B2D  A$lcc2138
     00000B2F  A$lcc2138 |    00000B31  A$lcc2138 |    00000B32  A$lcc2138
     00000B34  A$lcc2138 |    00000B36  A$lcc2138 |    00000B38  A$lcc2138
     00000B39  A$lcc2138 |    00000B3B  A$lcc2138 |    00000B3C  A$lcc2138
     00000B3E  A$lcc2138 |    00000B3F  A$lcc2138 |    00000B40  A$lcc2138
     00000B42  A$lcc2138 |    00000B44  A$lcc2138 |    00000B46  A$lcc2138
     00000B48  A$lcc2138 |    00000B4A  A$lcc2138 |    00000B4A  C$main.c$
     00000B4B  A$lcc2138 |    00000B4C  A$lcc2138 |    00000B4D  A$lcc2138
     00000B4E  A$lcc2138 |    00000B4F  A$lcc2138 |    00000B50  A$lcc2138
     00000B51  A$lcc2138 |    00000B52  A$lcc2138 |    00000B55  A$lcc2138
     00000B57  A$lcc2138 |    00000B57  C$main.c$ |    00000B59  A$lcc2138
     00000B5A  A$lcc2138 |    00000B5C  A$lcc2138 |    00000B5D  A$lcc2138
     00000B5E  A$lcc2138 |    00000B5F  A$lcc2138 |    00000B62  A$lcc2138
     00000B64  A$lcc2138 |    00000B64  C$main.c$ |    00000B66  A$lcc2138
     00000B69  A$lcc2138 |    00000B69  C$main.c$ |    00000B6A  A$lcc2138
     00000B6B  A$lcc2138 |    00000B6C  A$lcc2138 |    00000B6E  A$lcc2138
     00000B6F  A$lcc2138 |    00000B70  A$lcc2138 |    00000B71  A$lcc2138
     00000B74  A$lcc2138 |    00000B75  A$lcc2138 |    00000B76  A$lcc2138
     00000B78  A$lcc2138 |    00000B7A  A$lcc2138 |    00000B7C  A$lcc2138
     00000B7E  A$lcc2138 |    00000B80  A$lcc2138 |    00000B80  C$main.c$
     00000B81  A$lcc2138 |    00000B82  A$lcc2138 |    00000B83  A$lcc2138
     00000B84  A$lcc2138 |    00000B85  A$lcc2138 |    00000B86  A$lcc2138
     00000B87  A$lcc2138 |    00000B88  A$lcc2138 |    00000B8B  A$lcc2138
     00000B8D  A$lcc2138 |    00000B8D  C$main.c$ |    00000B8E  A$lcc2138
     00000B8F  A$lcc2138 |    00000B90  A$lcc2138 |    00000B92  A$lcc2138
     00000B93  A$lcc2138 |    00000B94  A$lcc2138 |    00000B95  A$lcc2138
     00000B98  A$lcc2138 |    00000B9A  A$lcc2138 |    00000B9A  C$main.c$
     00000B9C  A$lcc2138 |    00000B9F  A$lcc2138 |    00000B9F  C$main.c$
     00000BA0  A$lcc2138 |    00000BA1  A$lcc2138 |    00000BA2  A$lcc2138
     00000BA4  A$lcc2138 |    00000BA5  A$lcc2138 |    00000BA6  A$lcc2138
     00000BA7  A$lcc2138 |    00000BAA  A$lcc2138 |    00000BAB  A$lcc2138
     00000BAC  A$lcc2138 |    00000BAE  A$lcc2138 |    00000BB0  A$lcc2138
     00000BB2  A$lcc2138 |    00000BB3  A$lcc2138 |    00000BB5  A$lcc2138
     00000BB6  A$lcc2138 |    00000BB8  A$lcc2138 |    00000BB9  A$lcc2138
     00000BBB  A$lcc2138 |    00000BBD  A$lcc2138 |    00000BBF  A$lcc2138
     00000BC1  A$lcc2138 |    00000BC3  A$lcc2138 |    00000BC4  A$lcc2138
     00000BC6  A$lcc2138 |    00000BC8  A$lcc2138 |    00000BCA  A$lcc2138
     00000BCB  A$lcc2138 |    00000BCD  A$lcc2138 |    00000BCD  C$main.c$
     00000BCE  A$lcc2138 |    00000BCF  A$lcc2138 |    00000BD0  A$lcc2138
     00000BD2  A$lcc2138 |    00000BD3  A$lcc2138 |    00000BD4  A$lcc2138
     00000BD5  A$lcc2138 |    00000BD8  A$lcc2138 |    00000BDA  A$lcc2138
     00000BDA  C$main.c$ |    00000BDC  A$lcc2138 |    00000BDD  A$lcc2138
     00000BDF  A$lcc2138 |    00000BE0  A$lcc2138 |    00000BE1  A$lcc2138
     00000BE2  A$lcc2138 |    00000BE5  A$lcc2138 |    00000BE7  A$lcc2138
     00000BE7  C$main.c$ |    00000BE9  A$lcc2138 |    00000BEB  A$lcc2138
     00000BEB  C$main.c$ |    00000BEC  A$lcc2138 |    00000BED  A$lcc2138
ASxxxx Linker V03.00 + NoICE + sdld,  page 6.
Hexadecimal  [32-Bits]

Area                       Addr        Size        Decimal Bytes (Attributes)
--------------------       ----        ----        ------- ----- ------------
_CODE                  00000200    00000FE1 =        4065. bytes (REL,CON)

        Value  Global            Value  Global            Value  Global    
        -----  ------            -----  ------            -----  ------    
     00000BEE  A$lcc2138 |    00000BF0  A$lcc2138 |    00000BF1  A$lcc2138
     00000BF2  A$lcc2138 |    00000BF3  A$lcc2138 |    00000BF6  A$lcc2138
     00000BF7  A$lcc2138 |    00000BF8  A$lcc2138 |    00000BFA  A$lcc2138
     00000BFC  A$lcc2138 |    00000BFE  A$lcc2138 |    00000C00  A$lcc2138
     00000C01  A$lcc2138 |    00000C02  A$lcc2138 |    00000C04  A$lcc2138
     00000C05  A$lcc2138 |    00000C07  A$lcc2138 |    00000C08  A$lcc2138
     00000C0A  A$lcc2138 |    00000C0C  A$lcc2138 |    00000C0E  A$lcc2138
     00000C10  A$lcc2138 |    00000C11  A$lcc2138 |    00000C13  A$lcc2138
     00000C15  A$lcc2138 |    00000C17  A$lcc2138 |    00000C18  A$lcc2138
     00000C1A  A$lcc2138 |    00000C1A  C$main.c$ |    00000C1B  A$lcc2138
     00000C1C  A$lcc2138 |    00000C1D  A$lcc2138 |    00000C1E  A$lcc2138
     00000C1F  A$lcc2138 |    00000C22  A$lcc2138 |    00000C23  A$lcc2138
     00000C24  A$lcc2138 |    00000C26  A$lcc2138 |    00000C28  A$lcc2138
     00000C28  C$main.c$ |    00000C2A  A$lcc2138 |    00000C2B  A$lcc2138
     00000C2C  A$lcc2138 |    00000C2D  A$lcc2138 |    00000C2E  A$lcc2138
     00000C2F  A$lcc2138 |    00000C30  A$lcc2138 |    00000C31  A$lcc2138
     00000C34  A$lcc2138 |    00000C36  A$lcc2138 |    00000C38  A$lcc2138
     00000C38  C$main.c$ |    00000C39  A$lcc2138 |    00000C3A  A$lcc2138
     00000C3B  A$lcc2138 |    00000C3C  A$lcc2138 |    00000C3D  A$lcc2138
     00000C40  A$lcc2138 |    00000C41  A$lcc2138 |    00000C42  A$lcc2138
     00000C44  A$lcc2138 |    00000C46  A$lcc2138 |    00000C46  C$main.c$
     00000C47  A$lcc2138 |    00000C48  A$lcc2138 |    00000C49  A$lcc2138
     00000C4A  A$lcc2138 |    00000C4B  A$lcc2138 |    00000C4C  A$lcc2138
     00000C4D  A$lcc2138 |    00000C4E  A$lcc2138 |    00000C51  A$lcc2138
     00000C53  A$lcc2138 |    00000C53  C$main.c$ |    00000C54  A$lcc2138
     00000C55  A$lcc2138 |    00000C56  A$lcc2138 |    00000C58  A$lcc2138
     00000C59  A$lcc2138 |    00000C5A  A$lcc2138 |    00000C5B  A$lcc2138
     00000C5E  A$lcc2138 |    00000C60  A$lcc2138 |    00000C60  C$main.c$
     00000C62  A$lcc2138 |    00000C64  A$lcc2138 |    00000C64  C$main.c$
     00000C66  A$lcc2138 |    00000C68  A$lcc2138 |    00000C68  C$main.c$
     00000C68  XG$collid |    00000C69  A$lcc2138 |    00000C69  C$main.c$
     00000C69  C$main.c$ |    00000C69  G$main$0$ |    00000C69  _main    
     00000C6A  A$lcc2138 |    00000C6C  A$lcc2138 |    00000C6C  C$main.c$
     00000C6E  A$lcc2138 |    00000C70  A$lcc2138 |    00000C70  C$main.c$
     00000C72  A$lcc2138 |    00000C74  A$lcc2138 |    00000C76  A$lcc2138
     00000C76  C$main.c$ |    00000C78  A$lcc2138 |    00000C7A  A$lcc2138
     00000C7C  A$lcc2138 |    00000C7C  C$main.c$ |    00000C7E  A$lcc2138
     00000C80  A$lcc2138 |    00000C82  A$lcc2138 |    00000C82  C$main.c$
     00000C84  A$lcc2138 |    00000C86  A$lcc2138 |    00000C88  A$lcc2138
     00000C88  C$main.c$ |    00000C8B  A$lcc2138 |    00000C8C  A$lcc2138
     00000C8F  A$lcc2138 |    00000C90  A$lcc2138 |    00000C93  A$lcc2138
     00000C95  A$lcc2138 |    00000C95  C$main.c$ |    00000C98  A$lcc2138
     00000C99  A$lcc2138 |    00000C9C  A$lcc2138 |    00000C9D  A$lcc2138
     00000CA0  A$lcc2138 |    00000CA2  A$lcc2138 |    00000CA2  C$main.c$
     00000CA5  A$lcc2138 |    00000CA6  A$lcc2138 |    00000CA9  A$lcc2138
     00000CAA  A$lcc2138 |    00000CAD  A$lcc2138 |    00000CAF  A$lcc2138
     00000CAF  C$main.c$ |    00000CB2  A$lcc2138 |    00000CB3  A$lcc2138
     00000CB6  A$lcc2138 |    00000CB7  A$lcc2138 |    00000CB8  A$lcc2138
     00000CB9  A$lcc2138 |    00000CBA  A$lcc2138 |    00000CBD  A$lcc2138
     00000CBF  A$lcc2138 |    00000CBF  C$main.c$ |    00000CC2  A$lcc2138
     00000CC4  A$lcc2138 |    00000CC5  A$lcc2138 |    00000CC7  A$lcc2138
ASxxxx Linker V03.00 + NoICE + sdld,  page 7.
Hexadecimal  [32-Bits]

Area                       Addr        Size        Decimal Bytes (Attributes)
--------------------       ----        ----        ------- ----- ------------
_CODE                  00000200    00000FE1 =        4065. bytes (REL,CON)

        Value  Global            Value  Global            Value  Global    
        -----  ------            -----  ------            -----  ------    
     00000CC7  C$main.c$ |    00000CCA  A$lcc2138 |    00000CCC  A$lcc2138
     00000CCD  A$lcc2138 |    00000CCF  A$lcc2138 |    00000CCF  C$main.c$
     00000CD2  A$lcc2138 |    00000CD4  A$lcc2138 |    00000CD7  A$lcc2138
     00000CD9  A$lcc2138 |    00000CDC  A$lcc2138 |    00000CDD  A$lcc2138
     00000CE0  A$lcc2138 |    00000CE1  A$lcc2138 |    00000CE4  A$lcc2138
     00000CE5  A$lcc2138 |    00000CE6  A$lcc2138 |    00000CE7  A$lcc2138
     00000CEA  A$lcc2138 |    00000CEB  A$lcc2138 |    00000CEC  A$lcc2138
     00000CED  A$lcc2138 |    00000CF0  A$lcc2138 |    00000CF2  A$lcc2138
     00000CF3  A$lcc2138 |    00000CF4  A$lcc2138 |    00000CF5  A$lcc2138
     00000CF7  A$lcc2138 |    00000CF8  A$lcc2138 |    00000CFB  A$lcc2138
     00000CFD  A$lcc2138 |    00000CFD  C$main.c$ |    00000D00  A$lcc2138
     00000D02  A$lcc2138 |    00000D05  A$lcc2138 |    00000D07  A$lcc2138
     00000D07  C$main.c$ |    00000D07  C$main.c$ |    00000D0A  A$lcc2138
     00000D0D  A$lcc2138 |    00000D0D  C$main.c$ |    00000D10  A$lcc2138
     00000D13  A$lcc2138 |    00000D14  A$lcc2138 |    00000D14  C$main.c$
     00000D16  A$lcc2138 |    00000D18  A$lcc2138 |    00000D18  C$main.c$
     00000D1B  A$lcc2138 |    00000D1C  A$lcc2138 |    00000D1F  A$lcc2138
     00000D20  A$lcc2138 |    00000D21  A$lcc2138 |    00000D22  A$lcc2138
     00000D23  A$lcc2138 |    00000D26  A$lcc2138 |    00000D28  A$lcc2138
     00000D2B  A$lcc2138 |    00000D2C  A$lcc2138 |    00000D2E  A$lcc2138
     00000D30  A$lcc2138 |    00000D33  A$lcc2138 |    00000D34  A$lcc2138
     00000D35  A$lcc2138 |    00000D36  A$lcc2138 |    00000D36  C$main.c$
     00000D37  A$lcc2138 |    00000D38  A$lcc2138 |    00000D39  A$lcc2138
     00000D3A  A$lcc2138 |    00000D3B  A$lcc2138 |    00000D3D  A$lcc2138
     00000D3F  A$lcc2138 |    00000D41  A$lcc2138 |    00000D43  A$lcc2138
     00000D44  A$lcc2138 |    00000D46  A$lcc2138 |    00000D48  A$lcc2138
     00000D4A  A$lcc2138 |    00000D4B  A$lcc2138 |    00000D4D  A$lcc2138
     00000D4D  C$main.c$ |    00000D4E  A$lcc2138 |    00000D4F  A$lcc2138
     00000D52  A$lcc2138 |    00000D53  A$lcc2138 |    00000D54  A$lcc2138
     00000D55  A$lcc2138 |    00000D57  A$lcc2138 |    00000D59  A$lcc2138
     00000D5B  A$lcc2138 |    00000D5B  C$main.c$ |    00000D5E  A$lcc2138
     00000D5F  A$lcc2138 |    00000D60  A$lcc2138 |    00000D61  A$lcc2138
     00000D61  C$main.c$ |    00000D62  A$lcc2138 |    00000D64  A$lcc2138
     00000D65  A$lcc2138 |    00000D66  A$lcc2138 |    00000D67  A$lcc2138
     00000D68  A$lcc2138 |    00000D6A  A$lcc2138 |    00000D6C  A$lcc2138
     00000D6C  C$main.c$ |    00000D6D  A$lcc2138 |    00000D70  A$lcc2138
     00000D71  A$lcc2138 |    00000D72  A$lcc2138 |    00000D73  A$lcc2138
     00000D76  A$lcc2138 |    00000D79  A$lcc2138 |    00000D7A  A$lcc2138
     00000D7A  C$main.c$ |    00000D7B  A$lcc2138 |    00000D7B  C$main.c$
     00000D7E  A$lcc2138 |    00000D7F  A$lcc2138 |    00000D81  A$lcc2138
     00000D82  A$lcc2138 |    00000D84  A$lcc2138 |    00000D85  A$lcc2138
     00000D87  A$lcc2138 |    00000D88  A$lcc2138 |    00000D8A  A$lcc2138
     00000D8B  A$lcc2138 |    00000D8C  A$lcc2138 |    00000D8E  A$lcc2138
     00000D8F  A$lcc2138 |    00000D90  A$lcc2138 |    00000D92  A$lcc2138
     00000D93  A$lcc2138 |    00000D94  A$lcc2138 |    00000D96  A$lcc2138
     00000D96  C$main.c$ |    00000D99  A$lcc2138 |    00000D9B  A$lcc2138
     00000D9B  C$main.c$ |    00000D9E  A$lcc2138 |    00000DA1  A$lcc2138
     00000DA2  A$lcc2138 |    00000DA3  A$lcc2138 |    00000DA4  A$lcc2138
     00000DA5  A$lcc2138 |    00000DA6  A$lcc2138 |    00000DA9  A$lcc2138
     00000DAA  A$lcc2138 |    00000DAC  A$lcc2138 |    00000DAC  C$main.c$
     00000DAD  A$lcc2138 |    00000DAE  A$lcc2138 |    00000DB0  A$lcc2138
ASxxxx Linker V03.00 + NoICE + sdld,  page 8.
Hexadecimal  [32-Bits]

Area                       Addr        Size        Decimal Bytes (Attributes)
--------------------       ----        ----        ------- ----- ------------
_CODE                  00000200    00000FE1 =        4065. bytes (REL,CON)

        Value  Global            Value  Global            Value  Global    
        -----  ------            -----  ------            -----  ------    
     00000DB1  A$lcc2138 |    00000DB2  A$lcc2138 |    00000DB4  A$lcc2138
     00000DB5  A$lcc2138 |    00000DB6  A$lcc2138 |    00000DB8  A$lcc2138
     00000DBB  A$lcc2138 |    00000DBC  A$lcc2138 |    00000DBE  A$lcc2138
     00000DBE  C$main.c$ |    00000DC1  A$lcc2138 |    00000DC3  A$lcc2138
     00000DC3  C$main.c$ |    00000DC6  A$lcc2138 |    00000DC9  A$lcc2138
     00000DCA  A$lcc2138 |    00000DCB  A$lcc2138 |    00000DCC  A$lcc2138
     00000DCD  A$lcc2138 |    00000DCE  A$lcc2138 |    00000DD1  A$lcc2138
     00000DD2  A$lcc2138 |    00000DD2  C$main.c$ |    00000DD5  A$lcc2138
     00000DD6  A$lcc2138 |    00000DD8  A$lcc2138 |    00000DD8  C$main.c$
     00000DDB  A$lcc2138 |    00000DDC  A$lcc2138 |    00000DDD  A$lcc2138
     00000DDE  A$lcc2138 |    00000DDF  A$lcc2138 |    00000DE1  A$lcc2138
     00000DE2  A$lcc2138 |    00000DE3  A$lcc2138 |    00000DE5  A$lcc2138
     00000DE6  A$lcc2138 |    00000DE9  A$lcc2138 |    00000DEA  A$lcc2138
     00000DEB  A$lcc2138 |    00000DEC  A$lcc2138 |    00000DEC  C$main.c$
     00000DEF  A$lcc2138 |    00000DF0  A$lcc2138 |    00000DF1  A$lcc2138
     00000DF2  A$lcc2138 |    00000DF3  A$lcc2138 |    00000DF6  A$lcc2138
     00000DF7  A$lcc2138 |    00000DF8  A$lcc2138 |    00000DFA  A$lcc2138
     00000DFA  C$main.c$ |    00000DFD  A$lcc2138 |    00000DFF  A$lcc2138
     00000E02  A$lcc2138 |    00000E03  A$lcc2138 |    00000E04  A$lcc2138
     00000E05  A$lcc2138 |    00000E08  A$lcc2138 |    00000E09  A$lcc2138
     00000E0A  A$lcc2138 |    00000E0B  A$lcc2138 |    00000E0D  A$lcc2138
     00000E0E  A$lcc2138 |    00000E0F  A$lcc2138 |    00000E12  A$lcc2138
     00000E13  A$lcc2138 |    00000E13  C$main.c$ |    00000E15  A$lcc2138
     00000E18  A$lcc2138 |    00000E19  A$lcc2138 |    00000E1C  A$lcc2138
     00000E1D  A$lcc2138 |    00000E20  A$lcc2138 |    00000E21  A$lcc2138
     00000E22  A$lcc2138 |    00000E23  A$lcc2138 |    00000E26  A$lcc2138
     00000E27  A$lcc2138 |    00000E28  A$lcc2138 |    00000E29  A$lcc2138
     00000E2C  A$lcc2138 |    00000E2E  A$lcc2138 |    00000E2F  A$lcc2138
     00000E30  A$lcc2138 |    00000E31  A$lcc2138 |    00000E33  A$lcc2138
     00000E34  A$lcc2138 |    00000E37  A$lcc2138 |    00000E39  A$lcc2138
     00000E39  C$main.c$ |    00000E39  C$main.c$ |    00000E3C  A$lcc2138
     00000E3D  A$lcc2138 |    00000E3F  A$lcc2138 |    00000E3F  C$main.c$
     00000E42  A$lcc2138 |    00000E43  A$lcc2138 |    00000E44  A$lcc2138
     00000E45  A$lcc2138 |    00000E46  A$lcc2138 |    00000E48  A$lcc2138
     00000E49  A$lcc2138 |    00000E4A  A$lcc2138 |    00000E4C  A$lcc2138
     00000E4D  A$lcc2138 |    00000E50  A$lcc2138 |    00000E51  A$lcc2138
     00000E52  A$lcc2138 |    00000E53  A$lcc2138 |    00000E53  C$main.c$
     00000E56  A$lcc2138 |    00000E57  A$lcc2138 |    00000E58  A$lcc2138
     00000E59  A$lcc2138 |    00000E5A  A$lcc2138 |    00000E5D  A$lcc2138
     00000E5E  A$lcc2138 |    00000E5F  A$lcc2138 |    00000E61  A$lcc2138
     00000E61  C$main.c$ |    00000E64  A$lcc2138 |    00000E66  A$lcc2138
     00000E69  A$lcc2138 |    00000E6A  A$lcc2138 |    00000E6B  A$lcc2138
     00000E6C  A$lcc2138 |    00000E6F  A$lcc2138 |    00000E70  A$lcc2138
     00000E71  A$lcc2138 |    00000E72  A$lcc2138 |    00000E74  A$lcc2138
     00000E75  A$lcc2138 |    00000E76  A$lcc2138 |    00000E79  A$lcc2138
     00000E7A  A$lcc2138 |    00000E7A  C$main.c$ |    00000E7C  A$lcc2138
     00000E7F  A$lcc2138 |    00000E80  A$lcc2138 |    00000E83  A$lcc2138
     00000E84  A$lcc2138 |    00000E87  A$lcc2138 |    00000E88  A$lcc2138
     00000E89  A$lcc2138 |    00000E8A  A$lcc2138 |    00000E8D  A$lcc2138
     00000E8E  A$lcc2138 |    00000E8F  A$lcc2138 |    00000E90  A$lcc2138
     00000E93  A$lcc2138 |    00000E95  A$lcc2138 |    00000E96  A$lcc2138
ASxxxx Linker V03.00 + NoICE + sdld,  page 9.
Hexadecimal  [32-Bits]

Area                       Addr        Size        Decimal Bytes (Attributes)
--------------------       ----        ----        ------- ----- ------------
_CODE                  00000200    00000FE1 =        4065. bytes (REL,CON)

        Value  Global            Value  Global            Value  Global    
        -----  ------            -----  ------            -----  ------    
     00000E97  A$lcc2138 |    00000E98  A$lcc2138 |    00000E9A  A$lcc2138
     00000E9B  A$lcc2138 |    00000E9E  A$lcc2138 |    00000EA0  A$lcc2138
     00000EA0  C$main.c$ |    00000EA0  C$main.c$ |    00000EA3  A$lcc2138
     00000EA4  A$lcc2138 |    00000EA5  A$lcc2138 |    00000EA6  A$lcc2138
     00000EA7  A$lcc2138 |    00000EA9  A$lcc2138 |    00000EAA  A$lcc2138
     00000EAB  A$lcc2138 |    00000EAC  A$lcc2138 |    00000EAD  A$lcc2138
     00000EAF  A$lcc2138 |    00000EB1  A$lcc2138 |    00000EB1  C$main.c$
     00000EB4  A$lcc2138 |    00000EB6  A$lcc2138 |    00000EB9  A$lcc2138
     00000EBA  A$lcc2138 |    00000EBB  A$lcc2138 |    00000EBC  A$lcc2138
     00000EBF  A$lcc2138 |    00000EC0  A$lcc2138 |    00000EC1  A$lcc2138
     00000EC2  A$lcc2138 |    00000EC4  A$lcc2138 |    00000EC5  A$lcc2138
     00000EC6  A$lcc2138 |    00000EC9  A$lcc2138 |    00000ECA  A$lcc2138
     00000ECA  C$main.c$ |    00000ECA  C$main.c$ |    00000ECD  A$lcc2138
     00000ECE  A$lcc2138 |    00000ECF  A$lcc2138 |    00000ED0  A$lcc2138
     00000ED1  A$lcc2138 |    00000ED3  A$lcc2138 |    00000ED4  A$lcc2138
     00000ED5  A$lcc2138 |    00000ED6  A$lcc2138 |    00000ED7  A$lcc2138
     00000ED9  A$lcc2138 |    00000EDB  A$lcc2138 |    00000EDB  C$main.c$
     00000EDE  A$lcc2138 |    00000EE0  A$lcc2138 |    00000EE3  A$lcc2138
     00000EE4  A$lcc2138 |    00000EE5  A$lcc2138 |    00000EE6  A$lcc2138
     00000EE9  A$lcc2138 |    00000EEA  A$lcc2138 |    00000EEB  A$lcc2138
     00000EEC  A$lcc2138 |    00000EEE  A$lcc2138 |    00000EEF  A$lcc2138
     00000EF0  A$lcc2138 |    00000EF3  A$lcc2138 |    00000EF4  A$lcc2138
     00000EF4  C$main.c$ |    00000EF7  A$lcc2138 |    00000EF8  A$lcc2138
     00000EFB  A$lcc2138 |    00000EFC  A$lcc2138 |    00000EFF  A$lcc2138
     00000F00  A$lcc2138 |    00000F01  A$lcc2138 |    00000F02  A$lcc2138
     00000F03  A$lcc2138 |    00000F06  A$lcc2138 |    00000F07  A$lcc2138
     00000F08  A$lcc2138 |    00000F09  A$lcc2138 |    00000F0C  A$lcc2138
     00000F0E  A$lcc2138 |    00000F0F  A$lcc2138 |    00000F10  A$lcc2138
     00000F11  A$lcc2138 |    00000F12  A$lcc2138 |    00000F13  A$lcc2138
     00000F14  A$lcc2138 |    00000F15  A$lcc2138 |    00000F16  A$lcc2138
     00000F19  A$lcc2138 |    00000F1B  A$lcc2138 |    00000F1B  C$main.c$
     00000F1E  A$lcc2138 |    00000F1E  C$main.c$ |    00000F21  A$lcc2138
     00000F21  C$main.c$ |    00000F21  XG$main$0 |    00000F24  G$bkg_map
     00000F24  _bkg_map  |    0000108C  G$bkg_til |    0000108C  _bkg_tile
     0000110C  _get_vram |    00001119  _get_win_ |    00001121  _get_bkg_
     00001148  ___hide_m |    00001168  _set_vram |    00001177  _set_win_
     0000117F  _set_bkg_ |    000011A9  ___move_m
ASxxxx Linker V03.00 + NoICE + sdld,  page 10.
Hexadecimal  [32-Bits]

Area                       Addr        Size        Decimal Bytes (Attributes)
--------------------       ----        ----        ------- ----- ------------
_HEADER0               00000000    00000001 =           1. bytes (ABS,CON)

        Value  Global            Value  Global            Value  Global    
        -----  ------            -----  ------            -----  ------    
     00000020  .call_hl 
ASxxxx Linker V03.00 + NoICE + sdld,  page 11.
Hexadecimal  [32-Bits]

Area                       Addr        Size        Decimal Bytes (Attributes)
--------------------       ----        ----        ------- ----- ------------
_HEADER1               00000000    00000005 =           5. bytes (ABS,CON)

        Value  Global            Value  Global            Value  Global    
        -----  ------            -----  ------            -----  ------    
     00000028  .MemsetSm
ASxxxx Linker V03.00 + NoICE + sdld,  page 12.
Hexadecimal  [32-Bits]

Area                       Addr        Size        Decimal Bytes (Attributes)
--------------------       ----        ----        ------- ----- ------------
_HEADER2               00000000    00000007 =           7. bytes (ABS,CON)

        Value  Global            Value  Global            Value  Global    
        -----  ------            -----  ------            -----  ------    
     00000030  .MemcpySm
ASxxxx Linker V03.00 + NoICE + sdld,  page 13.
Hexadecimal  [32-Bits]

Area                       Addr        Size        Decimal Bytes (Attributes)
--------------------       ----        ----        ------- ----- ------------
_HEADER3               00000000    00000008 =           8. bytes (ABS,CON)

        Value  Global            Value  Global            Value  Global    
        -----  ------            -----  ------            -----  ------    
ASxxxx Linker V03.00 + NoICE + sdld,  page 14.
Hexadecimal  [32-Bits]

Area                       Addr        Size        Decimal Bytes (Attributes)
--------------------       ----        ----        ------- ----- ------------
_HEADER4               00000000    0000004F =          79. bytes (ABS,CON)

        Value  Global            Value  Global            Value  Global    
        -----  ------            -----  ------            -----  ------    
     00000080  .int      |    0000008F  _wait_int |    0000009C  __standar
     000000AC  _refresh_
ASxxxx Linker V03.00 + NoICE + sdld,  page 15.
Hexadecimal  [32-Bits]

Area                       Addr        Size        Decimal Bytes (Attributes)
--------------------       ----        ----        ------- ----- ------------
_HEADER5               00000000    00000002 =           2. bytes (ABS,CON)

        Value  Global            Value  Global            Value  Global    
        -----  ------            -----  ------            -----  ------    
ASxxxx Linker V03.00 + NoICE + sdld,  page 16.
Hexadecimal  [32-Bits]

Area                       Addr        Size        Decimal Bytes (Attributes)
--------------------       ----        ----        ------- ----- ------------
_HEADER6               00000000    00000030 =          48. bytes (ABS,CON)

        Value  Global            Value  Global            Value  Global    
        -----  ------            -----  ------            -----  ------    
ASxxxx Linker V03.00 + NoICE + sdld,  page 17.
Hexadecimal  [32-Bits]

Area                       Addr        Size        Decimal Bytes (Attributes)
--------------------       ----        ----        ------- ----- ------------
_HEADER7               00000000    00000006 =           6. bytes (ABS,CON)

        Value  Global            Value  Global            Value  Global    
        -----  ------            -----  ------            -----  ------    
ASxxxx Linker V03.00 + NoICE + sdld,  page 18.
Hexadecimal  [32-Bits]

Area                       Addr        Size        Decimal Bytes (Attributes)
--------------------       ----        ----        ------- ----- ------------
_HEADER8               00000000    00000003 =           3. bytes (ABS,CON)

        Value  Global            Value  Global            Value  Global    
        -----  ------            -----  ------            -----  ------    
ASxxxx Linker V03.00 + NoICE + sdld,  page 19.
Hexadecimal  [32-Bits]

Area                       Addr        Size        Decimal Bytes (Attributes)
--------------------       ----        ----        ------- ----- ------------
_HEADER9               00000000    00000001 =           1. bytes (ABS,CON)

        Value  Global            Value  Global            Value  Global    
        -----  ------            -----  ------            -----  ------    
ASxxxx Linker V03.00 + NoICE + sdld,  page 20.
Hexadecimal  [32-Bits]

Area                       Addr        Size        Decimal Bytes (Attributes)
--------------------       ----        ----        ------- ----- ------------
_HEADERa               00000000    00000001 =           1. bytes (ABS,CON)

        Value  Global            Value  Global            Value  Global    
        -----  ------            -----  ------            -----  ------    
ASxxxx Linker V03.00 + NoICE + sdld,  page 21.
Hexadecimal  [32-Bits]

Area                       Addr        Size        Decimal Bytes (Attributes)
--------------------       ----        ----        ------- ----- ------------
_HEADERb               00000000    00000001 =           1. bytes (ABS,CON)

        Value  Global            Value  Global            Value  Global    
        -----  ------            -----  ------            -----  ------    
ASxxxx Linker V03.00 + NoICE + sdld,  page 22.
Hexadecimal  [32-Bits]

Area                       Addr        Size        Decimal Bytes (Attributes)
--------------------       ----        ----        ------- ----- ------------
_HEADERc               00000000    00000002 =           2. bytes (ABS,CON)

        Value  Global            Value  Global            Value  Global    
        -----  ------            -----  ------            -----  ------    
ASxxxx Linker V03.00 + NoICE + sdld,  page 23.
Hexadecimal  [32-Bits]

Area                       Addr        Size        Decimal Bytes (Attributes)
--------------------       ----        ----        ------- ----- ------------
_HEADERd               00000000    00000001 =           1. bytes (ABS,CON)

        Value  Global            Value  Global            Value  Global    
        -----  ------            -----  ------            -----  ------    
ASxxxx Linker V03.00 + NoICE + sdld,  page 24.
Hexadecimal  [32-Bits]

Area                       Addr        Size        Decimal Bytes (Attributes)
--------------------       ----        ----        ------- ----- ------------
_HEADERe               00000000    00000001 =           1. bytes (ABS,CON)

        Value  Global            Value  Global            Value  Global    
        -----  ------            -----  ------            -----  ------    
ASxxxx Linker V03.00 + NoICE + sdld,  page 25.
Hexadecimal  [32-Bits]

Area                       Addr        Size        Decimal Bytes (Attributes)
--------------------       ----        ----        ------- ----- ------------
_HEADERf               00000000    00000002 =           2. bytes (ABS,CON)

        Value  Global            Value  Global            Value  Global    
        -----  ------            -----  ------            -----  ------    
ASxxxx Linker V03.00 + NoICE + sdld,  page 26.
Hexadecimal  [32-Bits]

Area                       Addr        Size        Decimal Bytes (Attributes)
--------------------       ----        ----        ------- ----- ------------
_HEADER10              00000000    00000082 =         130. bytes (ABS,CON)

        Value  Global            Value  Global            Value  Global    
        -----  ------            -----  ------            -----  ------    
     00000150  .reset    |    00000150  _reset    |    00000157  .code_sta
     000001B7  _exit     |    000001BB  _set_inte
ASxxxx Linker V03.00 + NoICE + sdld,  page 27.
Hexadecimal  [32-Bits]

Area                       Addr        Size        Decimal Bytes (Attributes)
--------------------       ----        ----        ------- ----- ------------
_HEADER11              00000000    00000001 =           1. bytes (ABS,CON)

        Value  Global            Value  Global            Value  Global    
        -----  ------            -----  ------            -----  ------    
ASxxxx Linker V03.00 + NoICE + sdld,  page 28.
Hexadecimal  [32-Bits]

Area                       Addr        Size        Decimal Bytes (Attributes)
--------------------       ----        ----        ------- ----- ------------
_HOME                  000011E1    0000017B =         379. bytes (REL,CON)

        Value  Global            Value  Global            Value  Global    
        -----  ------            -----  ------            -----  ------    
     000011E1  .memset_s |    000011EA  .memcpy_s |    00001207  .remove_V
     0000120A  .remove_i |    00001227  .add_VBL  |    0000122A  .add_int 
     00001235  .wait_vbl |    00001235  _wait_vbl |    00001245  .display_
     00001245  _display_ |    0000125D  _remove_V |    00001268  _add_VBL 
     00001273  _set_tile |    00001278  _set_bkg_ |    00001278  _set_win_
     00001280  _set_spri |    000012B0  .padup    |    000012B0  _waitpadu
     000012C0  .jpad     |    000012C0  _joypad   |    000012E8  _waitpad 
     000012EB  .wait_pad |    000012F2  _set_bkg_ |    00001306  .set_xy_w
     0000130F  .set_xy_b |    0000131E  .set_xy_t
ASxxxx Linker V03.00 + NoICE + sdld,  page 29.
Hexadecimal  [32-Bits]

Area                       Addr        Size        Decimal Bytes (Attributes)
--------------------       ----        ----        ------- ----- ------------
_INITIALIZER           0000135C    00000001 =           1. bytes (REL,CON)

        Value  Global            Value  Global            Value  Global    
        -----  ------            -----  ------            -----  ------    
ASxxxx Linker V03.00 + NoICE + sdld,  page 30.
Hexadecimal  [32-Bits]

Area                       Addr        Size        Decimal Bytes (Attributes)
--------------------       ----        ----        ------- ----- ------------
_GSINIT                0000135D    0000000C =          12. bytes (REL,CON)

        Value  Global            Value  Global            Value  Global    
        -----  ------            -----  ------            -----  ------    
     0000135D  gsinit   
ASxxxx Linker V03.00 + NoICE + sdld,  page 31.
Hexadecimal  [32-Bits]

Area                       Addr        Size        Decimal Bytes (Attributes)
--------------------       ----        ----        ------- ----- ------------
_GSFINAL               00001369    00000001 =           1. bytes (REL,CON)

        Value  Global            Value  Global            Value  Global    
        -----  ------            -----  ------            -----  ------    
ASxxxx Linker V03.00 + NoICE + sdld,  page 32.
Hexadecimal  [32-Bits]

Area                       Addr        Size        Decimal Bytes (Attributes)
--------------------       ----        ----        ------- ----- ------------
_DATA                  0000C0A0    00000079 =         121. bytes (REL,CON)

        Value  Global            Value  Global            Value  Global    
        -----  ------            -----  ------            -----  ------    
     0000C0A0  __cpu     |    0000C0A1  __is_GBA  |    0000C0A2  .mode    
     0000C0A3  .sys_time |    0000C0A3  _sys_time |    0000C0A5  .int_0x40
     0000C0DE  _hUGE_cur |    0000C0FF  G$joy$0_0 |    0000C0FF  _joy     
     0000C100  G$last_jo |    0000C100  _last_joy |    0000C101  G$PLAYER$
     0000C101  _PLAYER   |    0000C108  G$BULLET1 |    0000C108  _BULLET1 
     0000C10F  G$BULLET2 |    0000C10F  _BULLET2  |    0000C116  ___curren
     0000C118  ___curren
ASxxxx Linker V03.00 + NoICE + sdld,  page 33.
Hexadecimal  [32-Bits]

Area                       Addr        Size        Decimal Bytes (Attributes)
--------------------       ----        ----        ------- ----- ------------
_INITIALIZED           0000C119    00000001 =           1. bytes (REL,CON)

        Value  Global            Value  Global            Value  Global    
        -----  ------            -----  ------            -----  ------    
     0000C119  ___render
ASxxxx Linker V03.00 + NoICE + sdld,  page 34.
Hexadecimal  [32-Bits]

Area                       Addr        Size        Decimal Bytes (Attributes)
--------------------       ----        ----        ------- ----- ------------
_HRAM12                00000000    00000003 =           3. bytes (ABS,CON)

        Value  Global            Value  Global            Value  Global    
        -----  ------            -----  ------            -----  ------    
     0000FF90  __current |    0000FF92  __shadow_
ASxxxx Linker V03.00 + NoICE + sdld,  page 35.
Hexadecimal  [32-Bits]

Area                       Addr        Size        Decimal Bytes (Attributes)
--------------------       ----        ----        ------- ----- ------------
_CODE_1                00014000    000000BC =         188. bytes (REL,CON)

        Value  Global            Value  Global            Value  Global    
        -----  ------            -----  ------            -----  ------    
     00014000  C$bullet. |    00014000  G$__func_ |    00014000  G$bullet_
     00014000  ___func_b |    00014000  _bullet_p |    0001400A  G$bullet_
     0001400A  _bullet_t |    0001402A  G$bullet_ |    0001402A  _bullet_m
     00014032  G$bullet_ |    00014032  _bullet_m |    00014034  C$galaga.
     00014034  G$__func_ |    00014034  G$galaga_ |    00014034  ___func_g
     00014034  _galaga_p |    0001403C  G$galaga_ |    0001403C  _galaga_t
     0001407C  G$galaga_ |    0001407C  _galaga_m |    00014088  G$galaga_
     00014088  _galaga_m |    0001408A  C$one_up. |    0001408A  G$__func_
     0001408A  G$one_up_ |    0001408A  ___func_o |    0001408A  _one_up_p
     00014092  G$one_up_ |    00014092  _one_up_t |    000140B2  G$one_up_
     000140B2  _one_up_m |    000140BA  G$one_up_ |    000140BA  _one_up_m
ASxxxx Linker V03.00 + NoICE + sdld,  page 36.

Files Linked                              [ module(s) ]

C:\c_code\gbdk\lib/small/asxxxx/gb/crt0.o
                                          [ Runtime ]
src\hUGEDriver.obj.rel                    [ hUGEDriver_obj ]
C:\Users\User\AppData\Local\Temp/lcc213800.rel
                                          [ main ]
C:\Users\User\AppData\Local\Temp/lcc213801.rel
                                          [ scene ]
C:\Users\User\AppData\Local\Temp/lcc213802.rel
                                          [ bkg_map ]
C:\Users\User\AppData\Local\Temp/lcc213803.rel
                                          [ bkg_tiles ]
C:\Users\User\AppData\Local\Temp/lcc213804.rel
                                          [ bullet ]
C:\Users\User\AppData\Local\Temp/lcc213805.rel
                                          [ galaga ]
C:\Users\User\AppData\Local\Temp/lcc213806.rel
                                          [ one_up ]


Libraries Linked                          [ object file ]

C:\c_code\gbdk\lib/small/asxxxx/gb/gb.lib
                                          [ get_tile.o ]
C:\c_code\gbdk\lib/small/asxxxx/gb/gb.lib
                                          [ metasprites_hide.o ]
C:\c_code\gbdk\lib/small/asxxxx/gb/gb.lib
                                          [ set_data.o ]
C:\c_code\gbdk\lib/small/asxxxx/gb/gb.lib
                                          [ set_tile.o ]
C:\c_code\gbdk\lib/small/asxxxx/gb/gb.lib
                                          [ pad.o ]
C:\c_code\gbdk\lib/small/asxxxx/gb/gb.lib
                                          [ metasprites.o ]
C:\c_code\gbdk\lib/small/asxxxx/gb/gb.lib
                                          [ sfr.o ]
C:\c_code\gbdk\lib/small/asxxxx/gb/gb.lib
                                          [ set_bk_t.o ]
C:\c_code\gbdk\lib/small/asxxxx/gb/gb.lib
                                          [ set_xy_t.o ]

ASxxxx Linker V03.00 + NoICE + sdld,  page 37.

User Base Address Definitions

_DATA=0xC0A0
_CODE=0x0200
ASxxxx Linker V03.00 + NoICE + sdld,  page 38.

User Global Definitions

_shadow_OAM=0xC000
.STACK=0xE000
.refresh_OAM=0xFF80

